Archive member included to satisfy reference by file (symbol)

/home/tan/.pico-sdk/toolchain/13_3_Rel1/bin/../lib/gcc/arm-none-eabi/13.3.1/../../../../arm-none-eabi/lib/thumb/v8-m.main+fp/softfp/libm.a(libm_a-wf_sqrt.o)
                              CMakeFiles/mario-demo.dir/home/tan/.pico-sdk/sdk/2.1.0/src/rp2_common/pico_float/float_math.c.o (sqrtf)
/home/tan/.pico-sdk/toolchain/13_3_Rel1/bin/../lib/gcc/arm-none-eabi/13.3.1/../../../../arm-none-eabi/lib/thumb/v8-m.main+fp/softfp/libm.a(libm_a-ef_sqrt.o)
                              /home/tan/.pico-sdk/toolchain/13_3_Rel1/bin/../lib/gcc/arm-none-eabi/13.3.1/../../../../arm-none-eabi/lib/thumb/v8-m.main+fp/softfp/libm.a(libm_a-wf_sqrt.o) (__ieee754_sqrtf)
/home/tan/.pico-sdk/toolchain/13_3_Rel1/bin/../lib/gcc/arm-none-eabi/13.3.1/thumb/v8-m.main+fp/softfp/libgcc.a(_arm_addsubdf3.o)
                              CMakeFiles/mario-demo.dir/home/tan/.pico-sdk/sdk/2.1.0/src/rp2_common/pico_float/float_math.c.o (__aeabi_f2d)
/home/tan/.pico-sdk/toolchain/13_3_Rel1/bin/../lib/gcc/arm-none-eabi/13.3.1/thumb/v8-m.main+fp/softfp/libgcc.a(_aeabi_ldivmod.o)
                              CMakeFiles/mario-demo.dir/home/tan/.pico-sdk/sdk/2.1.0/src/common/pico_time/time.c.o (__aeabi_ldivmod)
/home/tan/.pico-sdk/toolchain/13_3_Rel1/bin/../lib/gcc/arm-none-eabi/13.3.1/thumb/v8-m.main+fp/softfp/libgcc.a(_aeabi_uldivmod.o)
                              CMakeFiles/mario-demo.dir/home/tan/.pico-sdk/sdk/2.1.0/src/rp2_common/hardware_clocks/clocks.c.o (__aeabi_uldivmod)
/home/tan/.pico-sdk/toolchain/13_3_Rel1/bin/../lib/gcc/arm-none-eabi/13.3.1/thumb/v8-m.main+fp/softfp/libgcc.a(_udivmoddi4.o)
                              /home/tan/.pico-sdk/toolchain/13_3_Rel1/bin/../lib/gcc/arm-none-eabi/13.3.1/thumb/v8-m.main+fp/softfp/libgcc.a(_aeabi_ldivmod.o) (__udivmoddi4)
/home/tan/.pico-sdk/toolchain/13_3_Rel1/bin/../lib/gcc/arm-none-eabi/13.3.1/thumb/v8-m.main+fp/softfp/libgcc.a(_dvmd_tls.o)
                              /home/tan/.pico-sdk/toolchain/13_3_Rel1/bin/../lib/gcc/arm-none-eabi/13.3.1/thumb/v8-m.main+fp/softfp/libgcc.a(_aeabi_ldivmod.o) (__aeabi_ldiv0)
/home/tan/.pico-sdk/toolchain/13_3_Rel1/bin/../lib/gcc/arm-none-eabi/13.3.1/../../../../arm-none-eabi/lib/thumb/v8-m.main+fp/softfp/libg.a(libc_a-memcpy.o)
                              CMakeFiles/mario-demo.dir/mario-demo.cpp.o (memcpy)
/home/tan/.pico-sdk/toolchain/13_3_Rel1/bin/../lib/gcc/arm-none-eabi/13.3.1/../../../../arm-none-eabi/lib/thumb/v8-m.main+fp/softfp/libg.a(libc_a-strlen-stub.o)
                              CMakeFiles/mario-demo.dir/home/tan/.pico-sdk/sdk/2.1.0/src/rp2_common/pico_stdio/stdio.c.o (strlen)
/home/tan/.pico-sdk/toolchain/13_3_Rel1/bin/../lib/gcc/arm-none-eabi/13.3.1/../../../../arm-none-eabi/lib/thumb/v8-m.main+fp/softfp/libg.a(libc_a-malloc.o)
                              CMakeFiles/mario-demo.dir/home/tan/.pico-sdk/sdk/2.1.0/src/rp2_common/pico_malloc/malloc.c.o (malloc)
/home/tan/.pico-sdk/toolchain/13_3_Rel1/bin/../lib/gcc/arm-none-eabi/13.3.1/../../../../arm-none-eabi/lib/thumb/v8-m.main+fp/softfp/libg.a(libc_a-mallocr.o)
                              /home/tan/.pico-sdk/toolchain/13_3_Rel1/bin/../lib/gcc/arm-none-eabi/13.3.1/../../../../arm-none-eabi/lib/thumb/v8-m.main+fp/softfp/libg.a(libc_a-malloc.o) (_malloc_r)
/home/tan/.pico-sdk/toolchain/13_3_Rel1/bin/../lib/gcc/arm-none-eabi/13.3.1/../../../../arm-none-eabi/lib/thumb/v8-m.main+fp/softfp/libg.a(libc_a-lcltime_r.o)
                              CMakeFiles/mario-demo.dir/home/tan/.pico-sdk/sdk/2.1.0/src/common/pico_util/datetime.c.o (localtime_r)
/home/tan/.pico-sdk/toolchain/13_3_Rel1/bin/../lib/gcc/arm-none-eabi/13.3.1/../../../../arm-none-eabi/lib/thumb/v8-m.main+fp/softfp/libg.a(libc_a-sbrkr.o)
                              /home/tan/.pico-sdk/toolchain/13_3_Rel1/bin/../lib/gcc/arm-none-eabi/13.3.1/../../../../arm-none-eabi/lib/thumb/v8-m.main+fp/softfp/libg.a(libc_a-mallocr.o) (_sbrk_r)
/home/tan/.pico-sdk/toolchain/13_3_Rel1/bin/../lib/gcc/arm-none-eabi/13.3.1/../../../../arm-none-eabi/lib/thumb/v8-m.main+fp/softfp/libg.a(libc_a-mktime.o)
                              CMakeFiles/mario-demo.dir/home/tan/.pico-sdk/sdk/2.1.0/src/common/pico_util/datetime.c.o (mktime)
/home/tan/.pico-sdk/toolchain/13_3_Rel1/bin/../lib/gcc/arm-none-eabi/13.3.1/../../../../arm-none-eabi/lib/thumb/v8-m.main+fp/softfp/libg.a(libc_a-month_lengths.o)
                              /home/tan/.pico-sdk/toolchain/13_3_Rel1/bin/../lib/gcc/arm-none-eabi/13.3.1/../../../../arm-none-eabi/lib/thumb/v8-m.main+fp/softfp/libg.a(libc_a-lcltime_r.o) (__month_lengths)
/home/tan/.pico-sdk/toolchain/13_3_Rel1/bin/../lib/gcc/arm-none-eabi/13.3.1/../../../../arm-none-eabi/lib/thumb/v8-m.main+fp/softfp/libg.a(libc_a-errno.o)
                              /home/tan/.pico-sdk/toolchain/13_3_Rel1/bin/../lib/gcc/arm-none-eabi/13.3.1/../../../../arm-none-eabi/lib/thumb/v8-m.main+fp/softfp/libm.a(libm_a-wf_sqrt.o) (__errno)
[...]
Memory Configuration

Name             Origin             Length             Attributes
FLASH            0x10000000         0x00400000         xr
RAM              0x20000000         0x00080000         xrw
SCRATCH_X        0x20080000         0x00001000         xrw
SCRATCH_Y        0x20081000         0x00001000         xrw
*default*        0x00000000         0xffffffff

Linker script and memory map

LOAD /home/tan/.pico-sdk/toolchain/13_3_Rel1/bin/../lib/gcc/arm-none-eabi/13.3.1/thumb/v8-m.main+fp/softfp/crti.o
LOAD /home/tan/.pico-sdk/toolchain/13_3_Rel1/bin/../lib/gcc/arm-none-eabi/13.3.1/thumb/v8-m.main+fp/softfp/crtbegin.o
LOAD /home/tan/.pico-sdk/toolchain/13_3_Rel1/bin/../lib/gcc/arm-none-eabi/13.3.1/../../../../arm-none-eabi/lib/thumb/v8-m.main+fp/softfp/crt0.o

.flash_begin    0x10000000        0x0
                0x10000000                        __flash_binary_start = .

.text           0x10000000     0x95f4
                0x10000000                        __logical_binary_start = .
 *(.vectors)
 .vectors       0x10000000      0x124 CMakeFiles/mario-demo.dir/home/tan/.pico-sdk/sdk/2.1.0/src/rp2_common/pico_crt0/crt0.S.o
                0x10000000                __vectors
                0x10000000                __VECTOR_TABLE
                0x10000110                isr_invalid
                0x10000110                __default_isrs_start
                0x10000112                isr_nmi
                0x10000114                isr_hardfault
                0x10000116                isr_svcall
                0x10000118                isr_pendsv
                0x1000011a                isr_systick
                0x1000011c                isr_irq30
                0x1000011c                __unhandled_user_irq
                0x1000011c                isr_irq49
                0x1000011c                isr_irq13
                0x1000011c                isr_irq43
                0x1000011c                isr_irq45
                0x1000011c                isr_irq27
                0x1000011c                isr_irq32
                0x1000011c                isr_irq31
                0x1000011c                isr_irq5
                0x1000011c                isr_irq11
                0x1000011c                isr_irq23
                0x1000011c                isr_irq48
                0x1000011c                isr_irq35
                0x1000011c                isr_irq18
                0x1000011c                isr_irq50
                0x1000011c                isr_irq40
                0x1000011c                isr_irq28
                0x1000011c                isr_irq19
                0x1000011c                isr_irq36
                0x1000011c                isr_irq41
                0x1000011c                isr_irq0
                0x1000011c                isr_irq6
                0x1000011c                isr_irq37
                0x1000011c                isr_irq42
                0x1000011c                isr_irq22
                0x1000011c                isr_irq17
                0x1000011c                isr_irq38
                0x1000011c                isr_irq14
                0x1000011c                isr_irq2
                0x1000011c                isr_irq10
                0x1000011c                isr_irq8
                0x1000011c                isr_irq24
                0x1000011c                isr_irq46
                0x1000011c                isr_irq1
                0x1000011c                isr_irq47
                0x1000011c                isr_irq51
                0x1000011c                isr_irq7
                0x1000011c                isr_irq21
                0x1000011c                isr_irq39
                0x1000011c                isr_irq20
                0x1000011c                isr_irq15
                0x1000011c                isr_irq25
                0x1000011c                isr_irq34
                0x1000011c                isr_irq4
                0x1000011c                isr_irq16
                0x1000011c                isr_irq44
                0x1000011c                isr_irq29
                0x1000011c                isr_irq26
                0x1000011c                __default_isrs_end
                0x1000011c                isr_irq33
                0x1000011c                isr_irq3
                0x1000011c                isr_irq12
                0x1000011c                isr_irq9
                0x10000122                unhandled_user_irq_num_in_r0
 *(.binary_info_header)
 .binary_info_header
                0x10000124       0x14 CMakeFiles/mario-demo.dir/home/tan/.pico-sdk/sdk/2.1.0/src/rp2_common/pico_crt0/crt0.S.o
                0x10000138                        __binary_info_header_end = .
 *(.embedded_block)
 .embedded_block
                0x10000138       0x14 CMakeFiles/mario-demo.dir/home/tan/.pico-sdk/sdk/2.1.0/src/rp2_common/pico_crt0/crt0.S.o
                0x1000014c                        __embedded_block_end = .
 *(.reset)
 .reset         0x1000014c       0xa0 CMakeFiles/mario-demo.dir/home/tan/.pico-sdk/sdk/2.1.0/src/rp2_common/pico_crt0/crt0.S.o
                0x1000014c                _entry_point
 *(.init)
 .init          0x100001ec        0x4 /home/tan/.pico-sdk/toolchain/13_3_Rel1/bin/../lib/gcc/arm-none-eabi/13.3.1/thumb/v8-m.main+fp/softfp/crti.o
                0x100001ec                _init
 *libgcc.a:cmse_nonsecure_call.o()
 *(EXCLUDE_FILE(*libm.a: *libc.a:*lib_a-mem*.o *libgcc.a:) .text*)
 .text.register_tm_clones
                0x100001f0       0x28 /home/tan/.pico-sdk/toolchain/13_3_Rel1/bin/../lib/gcc/arm-none-eabi/13.3.1/thumb/v8-m.main+fp/softfp/crtbegin.o
 .text.frame_dummy
                0x10000218       0x24 /home/tan/.pico-sdk/toolchain/13_3_Rel1/bin/../lib/gcc/arm-none-eabi/13.3.1/thumb/v8-m.main+fp/softfp/crtbegin.o
 .text._Z5main2v
                0x1000023c       0xb8 CMakeFiles/mario-demo.dir/mario-demo.cpp.o
                0x1000023c                main2()
 .text.startup.main
                0x100002f4      0x57c CMakeFiles/mario-demo.dir/mario-demo.cpp.o
                0x100002f4                main
 .text.startup._GLOBAL__sub_I_myTFT
                0x10000870        0xc CMakeFiles/mario-demo.dir/mario-demo.cpp.o
 .text.gpio_set_function
                0x1000087c       0x3c CMakeFiles/mario-demo.dir/home/tan/.pico-sdk/sdk/2.1.0/src/rp2_common/hardware_gpio/gpio.c.o
                0x1000087c                gpio_set_function
 .text.gpio_init
                0x100008b8       0x48 CMakeFiles/mario-demo.dir/home/tan/.pico-sdk/sdk/2.1.0/src/rp2_common/hardware_gpio/gpio.c.o
                0x100008b8                gpio_init
 .text.panic    0x10000900       0x30 CMakeFiles/mario-demo.dir/home/tan/.pico-sdk/sdk/2.1.0/src/rp2_common/pico_platform_panic/panic.c.o
                0x10000900                panic
 .text.hw_claim_or_assert
                0x10000930       0x58 CMakeFiles/mario-demo.dir/home/tan/.pico-sdk/sdk/2.1.0/src/common/hardware_claim/claim.c.o
                0x10000930                hw_claim_or_assert
 .text.hw_claim_unused_from_range
                0x10000988       0x9c CMakeFiles/mario-demo.dir/home/tan/.pico-sdk/sdk/2.1.0/src/common/hardware_claim/claim.c.o
                0x10000988                hw_claim_unused_from_range
 .text.next_striped_spin_lock_num
                0x10000a24       0x18 CMakeFiles/mario-demo.dir/home/tan/.pico-sdk/sdk/2.1.0/src/rp2_common/hardware_sync/sync.c.o
                0x10000a24                next_striped_spin_lock_num
 .text.spin_lock_claim_unused
                0x10000a3c       0x20 CMakeFiles/mario-demo.dir/home/tan/.pico-sdk/sdk/2.1.0/src/rp2_common/hardware_sync/sync.c.o
                0x10000a3c                spin_lock_claim_unused
 .text.spinlock_set_extexclall
                0x10000a5c       0x10 CMakeFiles/mario-demo.dir/home/tan/.pico-sdk/sdk/2.1.0/src/rp2_common/hardware_sync_spin_lock/sync_spin_lock.c.o
 .text.spin_locks_reset
                0x10000a6c       0x18 CMakeFiles/mario-demo.dir/home/tan/.pico-sdk/sdk/2.1.0/src/rp2_common/hardware_sync_spin_lock/sync_spin_lock.c.o
                0x10000a6c                spin_locks_reset
 .text.runtime_init_per_core_irq_priorities
                0x10000a84       0x40 CMakeFiles/mario-demo.dir/home/tan/.pico-sdk/sdk/2.1.0/src/rp2_common/hardware_irq/irq.c.o
                0x10000a84                runtime_init_per_core_irq_priorities
 .text.irq_set_enabled
                0x10000ac4       0x2c CMakeFiles/mario-demo.dir/home/tan/.pico-sdk/sdk/2.1.0/src/rp2_common/hardware_irq/irq.c.o
                0x10000ac4                irq_set_enabled
 .text.irq_is_enabled
                0x10000af0       0x20 CMakeFiles/mario-demo.dir/home/tan/.pico-sdk/sdk/2.1.0/src/rp2_common/hardware_irq/irq.c.o
                0x10000af0                irq_is_enabled
 .text.irq_set_pending
                0x10000b10       0x18 CMakeFiles/mario-demo.dir/home/tan/.pico-sdk/sdk/2.1.0/src/rp2_common/hardware_irq/irq.c.o
                0x10000b10                irq_set_pending
 .text.irq_has_shared_handler
                0x10000b28       0x24 CMakeFiles/mario-demo.dir/home/tan/.pico-sdk/sdk/2.1.0/src/rp2_common/hardware_irq/irq.c.o
                0x10000b28                irq_has_shared_handler
 .text.irq_set_exclusive_handler
                0x10000b4c       0x60 CMakeFiles/mario-demo.dir/home/tan/.pico-sdk/sdk/2.1.0/src/rp2_common/hardware_irq/irq.c.o
                0x10000b4c                irq_set_exclusive_handler
 .text.irq_add_shared_handler
                0x10000bac      0x1e8 CMakeFiles/mario-demo.dir/home/tan/.pico-sdk/sdk/2.1.0/src/rp2_common/hardware_irq/irq.c.o
                0x10000bac                irq_add_shared_handler
 .text.irq_add_tail_to_free_list
                0x10000d94       0xbc CMakeFiles/mario-demo.dir/home/tan/.pico-sdk/sdk/2.1.0/src/rp2_common/hardware_irq/irq.c.o
                0x10000d94                irq_add_tail_to_free_list
 .text.user_irq_claim_unused
                0x10000e50       0x28 CMakeFiles/mario-demo.dir/home/tan/.pico-sdk/sdk/2.1.0/src/rp2_common/hardware_irq/irq.c.o
                0x10000e50                user_irq_claim_unused
 .text.lock_init
                0x10000e78        0xc CMakeFiles/mario-demo.dir/home/tan/.pico-sdk/sdk/2.1.0/src/common/pico_sync/lock_core.c.o
                0x10000e78                lock_init
 .text.runtime_init_mutex
                0x10000e84       0x4c CMakeFiles/mario-demo.dir/home/tan/.pico-sdk/sdk/2.1.0/src/common/pico_sync/mutex.c.o
                0x10000e84                runtime_init_mutex
 .text.mutex_init
                0x10000ed0       0x1c CMakeFiles/mario-demo.dir/home/tan/.pico-sdk/sdk/2.1.0/src/common/pico_sync/mutex.c.o
                0x10000ed0                mutex_init
 .text.critical_section_init
                0x10000eec       0x1c CMakeFiles/mario-demo.dir/home/tan/.pico-sdk/sdk/2.1.0/src/common/pico_sync/critical_section.c.o
                0x10000eec                critical_section_init
 .text.critical_section_init_with_lock_num
                0x10000f08       0x10 CMakeFiles/mario-demo.dir/home/tan/.pico-sdk/sdk/2.1.0/src/common/pico_sync/critical_section.c.o
                0x10000f08                critical_section_init_with_lock_num
 .text.sleep_until_callback
                0x10000f18       0x3c CMakeFiles/mario-demo.dir/home/tan/.pico-sdk/sdk/2.1.0/src/common/pico_time/time.c.o
 *fill*         0x10000f54        0x4 
 .text.alarm_pool_irq_handler
                0x10000f58      0x2e0 CMakeFiles/mario-demo.dir/home/tan/.pico-sdk/sdk/2.1.0/src/common/pico_time/time.c.o
 .text.runtime_init_default_alarm_pool
                0x10001238      0x100 CMakeFiles/mario-demo.dir/home/tan/.pico-sdk/sdk/2.1.0/src/common/pico_time/time.c.o
                0x10001238                runtime_init_default_alarm_pool
 .text.alarm_pool_get_default
                0x10001338        0x8 CMakeFiles/mario-demo.dir/home/tan/.pico-sdk/sdk/2.1.0/src/common/pico_time/time.c.o
                0x10001338                alarm_pool_get_default
 .text.alarm_pool_add_alarm_at
                0x10001340       0xdc CMakeFiles/mario-demo.dir/home/tan/.pico-sdk/sdk/2.1.0/src/common/pico_time/time.c.o
                0x10001340                alarm_pool_add_alarm_at
 .text.alarm_pool_add_alarm_at_force_in_context
                0x1000141c       0xc8 CMakeFiles/mario-demo.dir/home/tan/.pico-sdk/sdk/2.1.0/src/common/pico_time/time.c.o
                0x1000141c                alarm_pool_add_alarm_at_force_in_context
 .text.alarm_pool_cancel_alarm
                0x100014e4       0x80 CMakeFiles/mario-demo.dir/home/tan/.pico-sdk/sdk/2.1.0/src/common/pico_time/time.c.o
                0x100014e4                alarm_pool_cancel_alarm
 .text.alarm_pool_core_num
                0x10001564        0x4 CMakeFiles/mario-demo.dir/home/tan/.pico-sdk/sdk/2.1.0/src/common/pico_time/time.c.o
                0x10001564                alarm_pool_core_num
 .text.sleep_until
                0x10001568       0xbc CMakeFiles/mario-demo.dir/home/tan/.pico-sdk/sdk/2.1.0/src/common/pico_time/time.c.o
                0x10001568                sleep_until
 .text.sleep_ms
                0x10001624       0x2c CMakeFiles/mario-demo.dir/home/tan/.pico-sdk/sdk/2.1.0/src/common/pico_time/time.c.o
                0x10001624                sleep_ms
 .text.best_effort_wfe_or_timeout
                0x10001650       0xb0 CMakeFiles/mario-demo.dir/home/tan/.pico-sdk/sdk/2.1.0/src/common/pico_time/time.c.o
                0x10001650                best_effort_wfe_or_timeout
 .text.timer_hardware_alarm_claim
                0x10001700       0x24 CMakeFiles/mario-demo.dir/home/tan/.pico-sdk/sdk/2.1.0/src/rp2_common/hardware_timer/timer.c.o
                0x10001700                timer_hardware_alarm_claim
 .text.timer_time_us_64
                0x10001724       0x10 CMakeFiles/mario-demo.dir/home/tan/.pico-sdk/sdk/2.1.0/src/rp2_common/hardware_timer/timer.c.o
                0x10001724                timer_time_us_64
 .text.time_us_64
                0x10001734       0x14 CMakeFiles/mario-demo.dir/home/tan/.pico-sdk/sdk/2.1.0/src/rp2_common/hardware_timer/timer.c.o
                0x10001734                time_us_64
 .text.busy_wait_us
                0x10001748       0x64 CMakeFiles/mario-demo.dir/home/tan/.pico-sdk/sdk/2.1.0/src/rp2_common/hardware_timer/timer.c.o
                0x10001748                busy_wait_us
 .text.busy_wait_ms
                0x100017ac       0x88 CMakeFiles/mario-demo.dir/home/tan/.pico-sdk/sdk/2.1.0/src/rp2_common/hardware_timer/timer.c.o
                0x100017ac                busy_wait_ms
 .text.busy_wait_until
                0x10001834       0x24 CMakeFiles/mario-demo.dir/home/tan/.pico-sdk/sdk/2.1.0/src/rp2_common/hardware_timer/timer.c.o
                0x10001834                busy_wait_until
 .text.clock_configure_undivided
                0x10001858       0xd0 CMakeFiles/mario-demo.dir/home/tan/.pico-sdk/sdk/2.1.0/src/rp2_common/hardware_clocks/clocks.c.o
                0x10001858                clock_configure_undivided
 .text.clock_get_hz
                0x10001928        0xc CMakeFiles/mario-demo.dir/home/tan/.pico-sdk/sdk/2.1.0/src/rp2_common/hardware_clocks/clocks.c.o
                0x10001928                clock_get_hz
 .text.pll_init
                0x10001934       0x8c CMakeFiles/mario-demo.dir/home/tan/.pico-sdk/sdk/2.1.0/src/rp2_common/hardware_pll/pll.c.o
                0x10001934                pll_init
 .text.watchdog_reboot
                0x100019c0       0x98 CMakeFiles/mario-demo.dir/home/tan/.pico-sdk/sdk/2.1.0/src/rp2_common/hardware_watchdog/watchdog.c.o
                0x100019c0                watchdog_reboot
 .text.tick_start
                0x10001a58       0x18 CMakeFiles/mario-demo.dir/home/tan/.pico-sdk/sdk/2.1.0/src/rp2_common/hardware_ticks/ticks.c.o
                0x10001a58                tick_start
 .text.rom_reboot.constprop.0.isra.0
                0x10001a70       0x34 CMakeFiles/mario-demo.dir/home/tan/.pico-sdk/sdk/2.1.0/src/rp2_common/pico_bootrom/bootrom.c.o
 .text.rom_func_lookup
                0x10001aa4       0x18 CMakeFiles/mario-demo.dir/home/tan/.pico-sdk/sdk/2.1.0/src/rp2_common/pico_bootrom/bootrom.c.o
                0x10001aa4                rom_func_lookup
 .text.rom_reset_usb_boot_extra
                0x10001abc       0x1c CMakeFiles/mario-demo.dir/home/tan/.pico-sdk/sdk/2.1.0/src/rp2_common/pico_bootrom/bootrom.c.o
                0x10001abc                rom_reset_usb_boot_extra
 .text.runtime_init_bootrom_locking_enable
                0x10001ad8       0x14 CMakeFiles/mario-demo.dir/home/tan/.pico-sdk/sdk/2.1.0/src/rp2_common/pico_bootrom/bootrom_lock.c.o
                0x10001ad8                runtime_init_bootrom_locking_enable
 .text.runtime_init_boot_locks_reset
                0x10001aec       0x1c CMakeFiles/mario-demo.dir/home/tan/.pico-sdk/sdk/2.1.0/src/rp2_common/hardware_boot_lock/boot_lock.c.o
                0x10001aec                runtime_init_boot_locks_reset
 .text.xosc_init
                0x10001b08       0x2c CMakeFiles/mario-demo.dir/home/tan/.pico-sdk/sdk/2.1.0/src/rp2_common/hardware_xosc/xosc.c.o
                0x10001b08                xosc_init
 .text.first_per_core_initializer
                0x10001b34        0x4 CMakeFiles/mario-demo.dir/home/tan/.pico-sdk/sdk/2.1.0/src/rp2_common/pico_runtime/runtime.c.o
 .text.hard_assertion_failure
                0x10001b38        0xc CMakeFiles/mario-demo.dir/home/tan/.pico-sdk/sdk/2.1.0/src/rp2_common/pico_runtime/runtime.c.o
                0x10001b38                hard_assertion_failure
 .text.runtime_run_initializers
                0x10001b44       0x20 CMakeFiles/mario-demo.dir/home/tan/.pico-sdk/sdk/2.1.0/src/rp2_common/pico_runtime/runtime.c.o
                0x10001b44                runtime_run_initializers
 .text.runtime_run_per_core_initializers
                0x10001b64       0x20 CMakeFiles/mario-demo.dir/home/tan/.pico-sdk/sdk/2.1.0/src/rp2_common/pico_runtime/runtime.c.o
                0x10001b64                runtime_run_per_core_initializers
 .text.runtime_init_early_resets
                0x10001b84       0x34 CMakeFiles/mario-demo.dir/home/tan/.pico-sdk/sdk/2.1.0/src/rp2_common/pico_runtime_init/runtime_init.c.o
                0x10001b84                runtime_init_early_resets
 .text.runtime_init_usb_power_down
                0x10001bb8       0x1c CMakeFiles/mario-demo.dir/home/tan/.pico-sdk/sdk/2.1.0/src/rp2_common/pico_runtime_init/runtime_init.c.o
                0x10001bb8                runtime_init_usb_power_down
 .text.runtime_init_per_core_enable_coprocessors
                0x10001bd4       0x1c CMakeFiles/mario-demo.dir/home/tan/.pico-sdk/sdk/2.1.0/src/rp2_common/pico_runtime_init/runtime_init.c.o
                0x10001bd4                runtime_init_per_core_enable_coprocessors
 .text.runtime_init_post_clock_resets
                0x10001bf0       0x20 CMakeFiles/mario-demo.dir/home/tan/.pico-sdk/sdk/2.1.0/src/rp2_common/pico_runtime_init/runtime_init.c.o
                0x10001bf0                runtime_init_post_clock_resets
 .text.runtime_init_bootrom_reset
                0x10001c10       0x14 CMakeFiles/mario-demo.dir/home/tan/.pico-sdk/sdk/2.1.0/src/rp2_common/pico_runtime_init/runtime_init.c.o
                0x10001c10                runtime_init_bootrom_reset
 .text.runtime_init_per_core_bootrom_reset
                0x10001c24       0x14 CMakeFiles/mario-demo.dir/home/tan/.pico-sdk/sdk/2.1.0/src/rp2_common/pico_runtime_init/runtime_init.c.o
                0x10001c24                runtime_init_per_core_bootrom_reset
 .text.runtime_init_spin_locks_reset
                0x10001c38        0x4 CMakeFiles/mario-demo.dir/home/tan/.pico-sdk/sdk/2.1.0/src/rp2_common/pico_runtime_init/runtime_init.c.o
                0x10001c38                runtime_init_spin_locks_reset
 .text.runtime_init_install_ram_vector_table
                0x10001c3c       0x20 CMakeFiles/mario-demo.dir/home/tan/.pico-sdk/sdk/2.1.0/src/rp2_common/pico_runtime_init/runtime_init.c.o
                0x10001c3c                runtime_init_install_ram_vector_table
 .text.runtime_init_clocks
                0x10001c5c       0xdc CMakeFiles/mario-demo.dir/home/tan/.pico-sdk/sdk/2.1.0/src/rp2_common/pico_runtime_init/runtime_init_clocks.c.o
                0x10001c5c                runtime_init_clocks
 .text.__rp2350_dcp_engaged_state_save_restore
                0x10001d38       0x3a CMakeFiles/mario-demo.dir/home/tan/.pico-sdk/sdk/2.1.0/src/rp2_common/pico_double/double_aeabi_dcp.S.o
 *fill*         0x10001d72        0x2 
 .text.__wrap___aeabi_dadd
                0x10001d74       0x28 CMakeFiles/mario-demo.dir/home/tan/.pico-sdk/sdk/2.1.0/src/rp2_common/pico_double/double_aeabi_dcp.S.o
                0x10001d7c                __wrap___aeabi_dadd
 .text.__wrap___aeabi_dsub
                0x10001d9c       0x28 CMakeFiles/mario-demo.dir/home/tan/.pico-sdk/sdk/2.1.0/src/rp2_common/pico_double/double_aeabi_dcp.S.o
                0x10001da4                __wrap___aeabi_dsub
 .text.__wrap___aeabi_dmul
                0x10001dc4       0x4c CMakeFiles/mario-demo.dir/home/tan/.pico-sdk/sdk/2.1.0/src/rp2_common/pico_double/double_aeabi_dcp.S.o
                0x10001dcc                __wrap___aeabi_dmul
 .text.__wrap___aeabi_ddiv
                0x10001e10       0x9c CMakeFiles/mario-demo.dir/home/tan/.pico-sdk/sdk/2.1.0/src/rp2_common/pico_double/double_aeabi_dcp.S.o
                0x10001e18                __wrap___aeabi_ddiv
 .text.__wrap___aeabi_i2d
                0x10001eac       0x24 CMakeFiles/mario-demo.dir/home/tan/.pico-sdk/sdk/2.1.0/src/rp2_common/pico_double/double_aeabi_dcp.S.o
                0x10001eb4                __wrap___aeabi_i2d
 .text.__wrap___aeabi_ui2d
                0x10001ed0       0x24 CMakeFiles/mario-demo.dir/home/tan/.pico-sdk/sdk/2.1.0/src/rp2_common/pico_double/double_aeabi_dcp.S.o
                0x10001ed8                __wrap___aeabi_ui2d
 .text.__wrap___aeabi_d2iz
                0x10001ef4       0x24 CMakeFiles/mario-demo.dir/home/tan/.pico-sdk/sdk/2.1.0/src/rp2_common/pico_double/double_aeabi_dcp.S.o
                0x10001efc                __wrap___aeabi_d2iz
 .text.__wrap___aeabi_d2uiz
                0x10001f18       0x24 CMakeFiles/mario-demo.dir/home/tan/.pico-sdk/sdk/2.1.0/src/rp2_common/pico_double/double_aeabi_dcp.S.o
                0x10001f20                __wrap___aeabi_d2uiz
 .text.__wrap___aeabi_dcmpun
                0x10001f3c       0x24 CMakeFiles/mario-demo.dir/home/tan/.pico-sdk/sdk/2.1.0/src/rp2_common/pico_double/double_aeabi_dcp.S.o
                0x10001f44                __wrap___aeabi_dcmpun
 .text.__wrap___aeabi_dcmplt
                0x10001f60       0x28 CMakeFiles/mario-demo.dir/home/tan/.pico-sdk/sdk/2.1.0/src/rp2_common/pico_double/double_aeabi_dcp.S.o
                0x10001f68                __wrap___aeabi_dcmplt
 .text.__wrap___aeabi_dcmpge
                0x10001f88       0x28 CMakeFiles/mario-demo.dir/home/tan/.pico-sdk/sdk/2.1.0/src/rp2_common/pico_double/double_aeabi_dcp.S.o
                0x10001f90                __wrap___aeabi_dcmpge
 .text.__wrap___aeabi_dcmpgt
                0x10001fb0       0x28 CMakeFiles/mario-demo.dir/home/tan/.pico-sdk/sdk/2.1.0/src/rp2_common/pico_double/double_aeabi_dcp.S.o
                0x10001fb8                __wrap___aeabi_dcmpgt
 .text._out_null
                0x10001fd8        0x4 CMakeFiles/mario-demo.dir/home/tan/.pico-sdk/sdk/2.1.0/src/rp2_common/pico_printf/printf.c.o
 .text._out_rev
                0x10001fdc       0x9c CMakeFiles/mario-demo.dir/home/tan/.pico-sdk/sdk/2.1.0/src/rp2_common/pico_printf/printf.c.o
 .text._ntoa_format
                0x10002078      0x2a4 CMakeFiles/mario-demo.dir/home/tan/.pico-sdk/sdk/2.1.0/src/rp2_common/pico_printf/printf.c.o
 .text._out_char
                0x1000231c        0x8 CMakeFiles/mario-demo.dir/home/tan/.pico-sdk/sdk/2.1.0/src/rp2_common/pico_printf/printf.c.o
 .text._out_fct
                0x10002324        0xc CMakeFiles/mario-demo.dir/home/tan/.pico-sdk/sdk/2.1.0/src/rp2_common/pico_printf/printf.c.o
 .text._etoa    0x10002330      0x460 CMakeFiles/mario-demo.dir/home/tan/.pico-sdk/sdk/2.1.0/src/rp2_common/pico_printf/printf.c.o
 .text._ftoa    0x10002790      0x3f4 CMakeFiles/mario-demo.dir/home/tan/.pico-sdk/sdk/2.1.0/src/rp2_common/pico_printf/printf.c.o
 .text._vsnprintf
                0x10002b84      0x9e8 CMakeFiles/mario-demo.dir/home/tan/.pico-sdk/sdk/2.1.0/src/rp2_common/pico_printf/printf.c.o
 .text.vfctprintf
                0x1000356c       0x28 CMakeFiles/mario-demo.dir/home/tan/.pico-sdk/sdk/2.1.0/src/rp2_common/pico_printf/printf.c.o
                0x1000356c                vfctprintf
 .text.weak_raw_vprintf
                0x10003594       0x30 CMakeFiles/mario-demo.dir/home/tan/.pico-sdk/sdk/2.1.0/src/rp2_common/pico_printf/printf.c.o
                0x10003594                weak_raw_vprintf
 .text._exit    0x100035c4        0x4 CMakeFiles/mario-demo.dir/home/tan/.pico-sdk/sdk/2.1.0/src/rp2_common/pico_clib_interface/newlib_interface.c.o
                0x100035c4                _exit
 .text.exit     0x100035c8        0x8 CMakeFiles/mario-demo.dir/home/tan/.pico-sdk/sdk/2.1.0/src/rp2_common/pico_clib_interface/newlib_interface.c.o
                0x100035c8                exit
 .text.runtime_init
                0x100035d0       0x24 CMakeFiles/mario-demo.dir/home/tan/.pico-sdk/sdk/2.1.0/src/rp2_common/pico_clib_interface/newlib_interface.c.o
                0x100035d0                runtime_init
 .text.stdio_out_chars_no_crlf
                0x100035f4        0x8 CMakeFiles/mario-demo.dir/home/tan/.pico-sdk/sdk/2.1.0/src/rp2_common/pico_stdio/stdio.c.o
 .text.stdio_out_chars_crlf
                0x100035fc       0xac CMakeFiles/mario-demo.dir/home/tan/.pico-sdk/sdk/2.1.0/src/rp2_common/pico_stdio/stdio.c.o
 .text.stdio_buffered_printer
                0x100036a8       0x60 CMakeFiles/mario-demo.dir/home/tan/.pico-sdk/sdk/2.1.0/src/rp2_common/pico_stdio/stdio.c.o
 .text.stdio_put_string
                0x10003708       0xf0 CMakeFiles/mario-demo.dir/home/tan/.pico-sdk/sdk/2.1.0/src/rp2_common/pico_stdio/stdio.c.o
                0x10003708                stdio_put_string
 .text.stdio_set_driver_enabled
                0x100037f8       0x30 CMakeFiles/mario-demo.dir/home/tan/.pico-sdk/sdk/2.1.0/src/rp2_common/pico_stdio/stdio.c.o
                0x100037f8                stdio_set_driver_enabled
 .text.stdio_init_all
                0x10003828        0x4 CMakeFiles/mario-demo.dir/home/tan/.pico-sdk/sdk/2.1.0/src/rp2_common/pico_stdio/stdio.c.o
                0x10003828                stdio_init_all
 .text.__wrap_putchar
                0x1000382c       0x84 CMakeFiles/mario-demo.dir/home/tan/.pico-sdk/sdk/2.1.0/src/rp2_common/pico_stdio/stdio.c.o
                0x1000382c                stdio_putchar
                0x1000382c                __wrap_putchar
 .text.__wrap_puts
                0x100038b0       0x3c CMakeFiles/mario-demo.dir/home/tan/.pico-sdk/sdk/2.1.0/src/rp2_common/pico_stdio/stdio.c.o
                0x100038b0                __wrap_puts
                0x100038b0                stdio_puts
 .text.__wrap_vprintf
                0x100038ec       0xc8 CMakeFiles/mario-demo.dir/home/tan/.pico-sdk/sdk/2.1.0/src/rp2_common/pico_stdio/stdio.c.o
                0x100038ec                __wrap_vprintf
                0x100038ec                stdio_vprintf
 .text.__wrap_printf
                0x100039b4       0x1c CMakeFiles/mario-demo.dir/home/tan/.pico-sdk/sdk/2.1.0/src/rp2_common/pico_stdio/stdio.c.o
                0x100039b4                stdio_printf
                0x100039b4                __wrap_printf
 .text.resetd_init
                0x100039d0        0x4 CMakeFiles/mario-demo.dir/home/tan/.pico-sdk/sdk/2.1.0/src/rp2_common/pico_stdio_usb/reset_interface.c.o
 .text.resetd_reset
                0x100039d4        0xc CMakeFiles/mario-demo.dir/home/tan/.pico-sdk/sdk/2.1.0/src/rp2_common/pico_stdio_usb/reset_interface.c.o
 .text.resetd_open
                0x100039e0       0x28 CMakeFiles/mario-demo.dir/home/tan/.pico-sdk/sdk/2.1.0/src/rp2_common/pico_stdio_usb/reset_interface.c.o
 .text.resetd_xfer_cb
                0x10003a08        0x4 CMakeFiles/mario-demo.dir/home/tan/.pico-sdk/sdk/2.1.0/src/rp2_common/pico_stdio_usb/reset_interface.c.o
 .text.resetd_control_xfer_cb
                0x10003a0c       0x50 CMakeFiles/mario-demo.dir/home/tan/.pico-sdk/sdk/2.1.0/src/rp2_common/pico_stdio_usb/reset_interface.c.o
 .text.tud_descriptor_bos_cb
                0x10003a5c        0x8 CMakeFiles/mario-demo.dir/home/tan/.pico-sdk/sdk/2.1.0/src/rp2_common/pico_stdio_usb/reset_interface.c.o
                0x10003a5c                tud_descriptor_bos_cb
 .text.tud_vendor_control_xfer_cb
                0x10003a64       0x28 CMakeFiles/mario-demo.dir/home/tan/.pico-sdk/sdk/2.1.0/src/rp2_common/pico_stdio_usb/reset_interface.c.o
                0x10003a64                tud_vendor_control_xfer_cb
 .text.usbd_app_driver_get_cb
                0x10003a8c       0x10 CMakeFiles/mario-demo.dir/home/tan/.pico-sdk/sdk/2.1.0/src/rp2_common/pico_stdio_usb/reset_interface.c.o
                0x10003a8c                usbd_app_driver_get_cb
 .text.tud_cdc_line_coding_cb
                0x10003a9c       0x18 CMakeFiles/mario-demo.dir/home/tan/.pico-sdk/sdk/2.1.0/src/rp2_common/pico_stdio_usb/reset_interface.c.o
                0x10003a9c                tud_cdc_line_coding_cb
 .text.stdio_usb_set_chars_available_callback
                0x10003ab4       0x14 CMakeFiles/mario-demo.dir/home/tan/.pico-sdk/sdk/2.1.0/src/rp2_common/pico_stdio_usb/stdio_usb.c.o
                0x10003ab4                stdio_usb_set_chars_available_callback
 .text.timer_task
                0x10003ac8       0x70 CMakeFiles/mario-demo.dir/home/tan/.pico-sdk/sdk/2.1.0/src/rp2_common/pico_stdio_usb/stdio_usb.c.o
 .text.usb_irq  0x10003b38        0xc CMakeFiles/mario-demo.dir/home/tan/.pico-sdk/sdk/2.1.0/src/rp2_common/pico_stdio_usb/stdio_usb.c.o
 .text.stdio_usb_in_chars
                0x10003b44       0x88 CMakeFiles/mario-demo.dir/home/tan/.pico-sdk/sdk/2.1.0/src/rp2_common/pico_stdio_usb/stdio_usb.c.o
                0x10003b44                stdio_usb_in_chars
 .text.stdio_usb_out_flush
                0x10003bcc       0x54 CMakeFiles/mario-demo.dir/home/tan/.pico-sdk/sdk/2.1.0/src/rp2_common/pico_stdio_usb/stdio_usb.c.o
 .text.stdio_usb_out_chars
                0x10003c20       0xf4 CMakeFiles/mario-demo.dir/home/tan/.pico-sdk/sdk/2.1.0/src/rp2_common/pico_stdio_usb/stdio_usb.c.o
 .text.low_priority_worker_irq
                0x10003d14       0xd8 CMakeFiles/mario-demo.dir/home/tan/.pico-sdk/sdk/2.1.0/src/rp2_common/pico_stdio_usb/stdio_usb.c.o
 .text.stdio_usb_init
                0x10003dec       0xe4 CMakeFiles/mario-demo.dir/home/tan/.pico-sdk/sdk/2.1.0/src/rp2_common/pico_stdio_usb/stdio_usb.c.o
                0x10003dec                stdio_usb_init
 .text.tud_descriptor_device_cb
                0x10003ed0        0x8 CMakeFiles/mario-demo.dir/home/tan/.pico-sdk/sdk/2.1.0/src/rp2_common/pico_stdio_usb/stdio_usb_descriptors.c.o
                0x10003ed0                tud_descriptor_device_cb
 .text.tud_descriptor_configuration_cb
                0x10003ed8        0x8 CMakeFiles/mario-demo.dir/home/tan/.pico-sdk/sdk/2.1.0/src/rp2_common/pico_stdio_usb/stdio_usb_descriptors.c.o
                0x10003ed8                tud_descriptor_configuration_cb
 .text.tud_descriptor_string_cb
                0x10003ee0       0x70 CMakeFiles/mario-demo.dir/home/tan/.pico-sdk/sdk/2.1.0/src/rp2_common/pico_stdio_usb/stdio_usb_descriptors.c.o
                0x10003ee0                tud_descriptor_string_cb
 .text.startup._retrieve_unique_id_on_boot
                0x10003f50       0x30 CMakeFiles/mario-demo.dir/home/tan/.pico-sdk/sdk/2.1.0/src/rp2_common/pico_unique_id/unique_id.c.o
 .text.pico_get_unique_board_id_string
                0x10003f80      0x184 CMakeFiles/mario-demo.dir/home/tan/.pico-sdk/sdk/2.1.0/src/rp2_common/pico_unique_id/unique_id.c.o
                0x10003f80                pico_get_unique_board_id_string
 .text.dcd_init
                0x10004104       0x90 CMakeFiles/mario-demo.dir/home/tan/.pico-sdk/sdk/2.1.0/lib/tinyusb/src/portable/raspberrypi/rp2040/dcd_rp2040.c.o
                0x10004104                dcd_init
 .text.dcd_int_enable
                0x10004194        0x8 CMakeFiles/mario-demo.dir/home/tan/.pico-sdk/sdk/2.1.0/lib/tinyusb/src/portable/raspberrypi/rp2040/dcd_rp2040.c.o
                0x10004194                dcd_int_enable
 .text.dcd_set_address
                0x1000419c       0x10 CMakeFiles/mario-demo.dir/home/tan/.pico-sdk/sdk/2.1.0/lib/tinyusb/src/portable/raspberrypi/rp2040/dcd_rp2040.c.o
                0x1000419c                dcd_set_address
 .text.dcd_sof_enable
                0x100041ac       0x1c CMakeFiles/mario-demo.dir/home/tan/.pico-sdk/sdk/2.1.0/lib/tinyusb/src/portable/raspberrypi/rp2040/dcd_rp2040.c.o
                0x100041ac                dcd_sof_enable
 .text.dcd_edpt0_status_complete
                0x100041c8       0x1c CMakeFiles/mario-demo.dir/home/tan/.pico-sdk/sdk/2.1.0/lib/tinyusb/src/portable/raspberrypi/rp2040/dcd_rp2040.c.o
                0x100041c8                dcd_edpt0_status_complete
 .text.dcd_edpt_open
                0x100041e4       0xf8 CMakeFiles/mario-demo.dir/home/tan/.pico-sdk/sdk/2.1.0/lib/tinyusb/src/portable/raspberrypi/rp2040/dcd_rp2040.c.o
                0x100041e4                dcd_edpt_open
 .text.dcd_edpt_close_all
                0x100042dc        0x4 CMakeFiles/mario-demo.dir/home/tan/.pico-sdk/sdk/2.1.0/lib/tinyusb/src/portable/raspberrypi/rp2040/dcd_rp2040.c.o
                0x100042dc                dcd_edpt_close_all
 .text.dcd_edpt_xfer
                0x100042e0       0x28 CMakeFiles/mario-demo.dir/home/tan/.pico-sdk/sdk/2.1.0/lib/tinyusb/src/portable/raspberrypi/rp2040/dcd_rp2040.c.o
                0x100042e0                dcd_edpt_xfer
 .text.dcd_edpt_stall
                0x10004308       0x2c CMakeFiles/mario-demo.dir/home/tan/.pico-sdk/sdk/2.1.0/lib/tinyusb/src/portable/raspberrypi/rp2040/dcd_rp2040.c.o
                0x10004308                dcd_edpt_stall
 .text.dcd_edpt_clear_stall
                0x10004334       0x2c CMakeFiles/mario-demo.dir/home/tan/.pico-sdk/sdk/2.1.0/lib/tinyusb/src/portable/raspberrypi/rp2040/dcd_rp2040.c.o
                0x10004334                dcd_edpt_clear_stall
 .text.rp2040_usb_init
                0x10004360       0x40 CMakeFiles/mario-demo.dir/home/tan/.pico-sdk/sdk/2.1.0/lib/tinyusb/src/portable/raspberrypi/rp2040/rp2040_usb.c.o
                0x10004360                rp2040_usb_init
 .text.hw_endpoint_xfer_start
                0x100043a0       0x40 CMakeFiles/mario-demo.dir/home/tan/.pico-sdk/sdk/2.1.0/lib/tinyusb/src/portable/raspberrypi/rp2040/rp2040_usb.c.o
                0x100043a0                hw_endpoint_xfer_start
 .text.configuration_reset
                0x100043e0       0x8c CMakeFiles/mario-demo.dir/home/tan/.pico-sdk/sdk/2.1.0/lib/tinyusb/src/device/usbd.c.o
 .text.tud_event_hook_cb
                0x1000446c        0x4 CMakeFiles/mario-demo.dir/home/tan/.pico-sdk/sdk/2.1.0/lib/tinyusb/src/device/usbd.c.o
                0x1000446c                tud_event_hook_cb
 .text.tud_sof_cb
                0x10004470        0x4 CMakeFiles/mario-demo.dir/home/tan/.pico-sdk/sdk/2.1.0/lib/tinyusb/src/device/usbd.c.o
                0x10004470                tud_sof_cb
 .text.tud_descriptor_device_qualifier_cb
                0x10004474        0x4 CMakeFiles/mario-demo.dir/home/tan/.pico-sdk/sdk/2.1.0/lib/tinyusb/src/device/usbd.c.o
                0x10004474                tud_descriptor_device_qualifier_cb
 .text.tud_descriptor_other_speed_configuration_cb
                0x10004478        0x4 CMakeFiles/mario-demo.dir/home/tan/.pico-sdk/sdk/2.1.0/lib/tinyusb/src/device/usbd.c.o
                0x10004478                tud_descriptor_other_speed_configuration_cb
 .text.tud_mount_cb
                0x1000447c        0x4 CMakeFiles/mario-demo.dir/home/tan/.pico-sdk/sdk/2.1.0/lib/tinyusb/src/device/usbd.c.o
                0x1000447c                tud_mount_cb
 .text.tud_umount_cb
                0x10004480        0x4 CMakeFiles/mario-demo.dir/home/tan/.pico-sdk/sdk/2.1.0/lib/tinyusb/src/device/usbd.c.o
                0x10004480                tud_umount_cb
 .text.tud_suspend_cb
                0x10004484        0x4 CMakeFiles/mario-demo.dir/home/tan/.pico-sdk/sdk/2.1.0/lib/tinyusb/src/device/usbd.c.o
                0x10004484                tud_suspend_cb
 .text.tud_resume_cb
                0x10004488        0x4 CMakeFiles/mario-demo.dir/home/tan/.pico-sdk/sdk/2.1.0/lib/tinyusb/src/device/usbd.c.o
                0x10004488                tud_resume_cb
 .text.tud_mounted
                0x1000448c       0x10 CMakeFiles/mario-demo.dir/home/tan/.pico-sdk/sdk/2.1.0/lib/tinyusb/src/device/usbd.c.o
                0x1000448c                tud_mounted
 .text.tud_suspended
                0x1000449c       0x10 CMakeFiles/mario-demo.dir/home/tan/.pico-sdk/sdk/2.1.0/lib/tinyusb/src/device/usbd.c.o
                0x1000449c                tud_suspended
 .text.tud_init
                0x100044ac       0xe8 CMakeFiles/mario-demo.dir/home/tan/.pico-sdk/sdk/2.1.0/lib/tinyusb/src/device/usbd.c.o
                0x100044ac                tud_init
 .text.tud_task_ext
                0x10004594      0x784 CMakeFiles/mario-demo.dir/home/tan/.pico-sdk/sdk/2.1.0/lib/tinyusb/src/device/usbd.c.o
                0x10004594                tud_task_ext
 .text.usbd_open_edpt_pair
                0x10004d18       0x9c CMakeFiles/mario-demo.dir/home/tan/.pico-sdk/sdk/2.1.0/lib/tinyusb/src/device/usbd.c.o
                0x10004d18                usbd_open_edpt_pair
 .text.usbd_edpt_open
                0x10004db4       0x44 CMakeFiles/mario-demo.dir/home/tan/.pico-sdk/sdk/2.1.0/lib/tinyusb/src/device/usbd.c.o
                0x10004db4                usbd_edpt_open
 .text.usbd_edpt_claim
                0x10004df8       0x24 CMakeFiles/mario-demo.dir/home/tan/.pico-sdk/sdk/2.1.0/lib/tinyusb/src/device/usbd.c.o
                0x10004df8                usbd_edpt_claim
 .text.usbd_edpt_release
                0x10004e1c       0x24 CMakeFiles/mario-demo.dir/home/tan/.pico-sdk/sdk/2.1.0/lib/tinyusb/src/device/usbd.c.o
                0x10004e1c                usbd_edpt_release
 .text.usbd_edpt_xfer
                0x10004e40       0x70 CMakeFiles/mario-demo.dir/home/tan/.pico-sdk/sdk/2.1.0/lib/tinyusb/src/device/usbd.c.o
                0x10004e40                usbd_edpt_xfer
 .text.tud_control_status
                0x10004eb0       0x34 CMakeFiles/mario-demo.dir/home/tan/.pico-sdk/sdk/2.1.0/lib/tinyusb/src/device/usbd_control.c.o
                0x10004eb0                tud_control_status
 .text.tud_control_xfer
                0x10004ee4       0xac CMakeFiles/mario-demo.dir/home/tan/.pico-sdk/sdk/2.1.0/lib/tinyusb/src/device/usbd_control.c.o
                0x10004ee4                tud_control_xfer
 .text.usbd_control_reset
                0x10004f90       0x14 CMakeFiles/mario-demo.dir/home/tan/.pico-sdk/sdk/2.1.0/lib/tinyusb/src/device/usbd_control.c.o
                0x10004f90                usbd_control_reset
 .text.usbd_control_set_complete_callback
                0x10004fa4        0xc CMakeFiles/mario-demo.dir/home/tan/.pico-sdk/sdk/2.1.0/lib/tinyusb/src/device/usbd_control.c.o
                0x10004fa4                usbd_control_set_complete_callback
 .text.usbd_control_set_request
                0x10004fb0       0x1c CMakeFiles/mario-demo.dir/home/tan/.pico-sdk/sdk/2.1.0/lib/tinyusb/src/device/usbd_control.c.o
                0x10004fb0                usbd_control_set_request
 .text.usbd_control_xfer_cb
                0x10004fcc       0xfc CMakeFiles/mario-demo.dir/home/tan/.pico-sdk/sdk/2.1.0/lib/tinyusb/src/device/usbd_control.c.o
                0x10004fcc                usbd_control_xfer_cb
 .text._prep_out_transaction.isra.0
                0x100050c8       0x60 CMakeFiles/mario-demo.dir/home/tan/.pico-sdk/sdk/2.1.0/lib/tinyusb/src/class/cdc/cdc_device.c.o
 .text.tud_cdc_n_connected
                0x10005128       0x2c CMakeFiles/mario-demo.dir/home/tan/.pico-sdk/sdk/2.1.0/lib/tinyusb/src/class/cdc/cdc_device.c.o
                0x10005128                tud_cdc_n_connected
 .text.tud_cdc_n_available
                0x10005154       0x18 CMakeFiles/mario-demo.dir/home/tan/.pico-sdk/sdk/2.1.0/lib/tinyusb/src/class/cdc/cdc_device.c.o
                0x10005154                tud_cdc_n_available
 .text.tud_cdc_n_read
                0x1000516c       0x90 CMakeFiles/mario-demo.dir/home/tan/.pico-sdk/sdk/2.1.0/lib/tinyusb/src/class/cdc/cdc_device.c.o
                0x1000516c                tud_cdc_n_read
 .text.tud_cdc_n_write_flush
                0x100051fc       0x8c CMakeFiles/mario-demo.dir/home/tan/.pico-sdk/sdk/2.1.0/lib/tinyusb/src/class/cdc/cdc_device.c.o
                0x100051fc                tud_cdc_n_write_flush
 .text.tud_cdc_n_write
                0x10005288       0x40 CMakeFiles/mario-demo.dir/home/tan/.pico-sdk/sdk/2.1.0/lib/tinyusb/src/class/cdc/cdc_device.c.o
                0x10005288                tud_cdc_n_write
 .text.tud_cdc_n_write_available
                0x100052c8       0x18 CMakeFiles/mario-demo.dir/home/tan/.pico-sdk/sdk/2.1.0/lib/tinyusb/src/class/cdc/cdc_device.c.o
                0x100052c8                tud_cdc_n_write_available
 .text.cdcd_init
                0x100052e0       0x78 CMakeFiles/mario-demo.dir/home/tan/.pico-sdk/sdk/2.1.0/lib/tinyusb/src/class/cdc/cdc_device.c.o
                0x100052e0                cdcd_init
 .text.cdcd_deinit
                0x10005358       0x2c CMakeFiles/mario-demo.dir/home/tan/.pico-sdk/sdk/2.1.0/lib/tinyusb/src/class/cdc/cdc_device.c.o
                0x10005358                cdcd_deinit
 .text.cdcd_reset
                0x10005384       0x4c CMakeFiles/mario-demo.dir/home/tan/.pico-sdk/sdk/2.1.0/lib/tinyusb/src/class/cdc/cdc_device.c.o
                0x10005384                cdcd_reset
 .text.cdcd_open
                0x100053d0       0xb4 CMakeFiles/mario-demo.dir/home/tan/.pico-sdk/sdk/2.1.0/lib/tinyusb/src/class/cdc/cdc_device.c.o
                0x100053d0                cdcd_open
 .text.cdcd_control_xfer_cb
                0x10005484       0xc4 CMakeFiles/mario-demo.dir/home/tan/.pico-sdk/sdk/2.1.0/lib/tinyusb/src/class/cdc/cdc_device.c.o
                0x10005484                cdcd_control_xfer_cb
 .text.cdcd_xfer_cb
                0x10005548       0xfc CMakeFiles/mario-demo.dir/home/tan/.pico-sdk/sdk/2.1.0/lib/tinyusb/src/class/cdc/cdc_device.c.o
                0x10005548                cdcd_xfer_cb
 .text.vendord_init
                0x10005644       0x5c CMakeFiles/mario-demo.dir/home/tan/.pico-sdk/sdk/2.1.0/lib/tinyusb/src/class/vendor/vendor_device.c.o
                0x10005644                vendord_init
 .text.vendord_deinit
                0x100056a0       0x1c CMakeFiles/mario-demo.dir/home/tan/.pico-sdk/sdk/2.1.0/lib/tinyusb/src/class/vendor/vendor_device.c.o
                0x100056a0                vendord_deinit
 .text.vendord_reset
                0x100056bc       0x20 CMakeFiles/mario-demo.dir/home/tan/.pico-sdk/sdk/2.1.0/lib/tinyusb/src/class/vendor/vendor_device.c.o
                0x100056bc                vendord_reset
 .text.vendord_open
                0x100056dc      0x108 CMakeFiles/mario-demo.dir/home/tan/.pico-sdk/sdk/2.1.0/lib/tinyusb/src/class/vendor/vendor_device.c.o
                0x100056dc                vendord_open
 .text.vendord_xfer_cb
                0x100057e4       0x88 CMakeFiles/mario-demo.dir/home/tan/.pico-sdk/sdk/2.1.0/lib/tinyusb/src/class/vendor/vendor_device.c.o
                0x100057e4                vendord_xfer_cb
 .text.tusb_init
                0x1000586c       0x1c CMakeFiles/mario-demo.dir/home/tan/.pico-sdk/sdk/2.1.0/lib/tinyusb/src/tusb.c.o
                0x1000586c                tusb_init
 .text.tu_edpt_claim
                0x10005888       0x54 CMakeFiles/mario-demo.dir/home/tan/.pico-sdk/sdk/2.1.0/lib/tinyusb/src/tusb.c.o
                0x10005888                tu_edpt_claim
 .text.tu_edpt_release
                0x100058dc       0x38 CMakeFiles/mario-demo.dir/home/tan/.pico-sdk/sdk/2.1.0/lib/tinyusb/src/tusb.c.o
                0x100058dc                tu_edpt_release
 .text.tu_edpt_validate
                0x10005914       0x64 CMakeFiles/mario-demo.dir/home/tan/.pico-sdk/sdk/2.1.0/lib/tinyusb/src/tusb.c.o
                0x10005914                tu_edpt_validate
 .text.tu_edpt_bind_driver
                0x10005978       0x58 CMakeFiles/mario-demo.dir/home/tan/.pico-sdk/sdk/2.1.0/lib/tinyusb/src/tusb.c.o
                0x10005978                tu_edpt_bind_driver
 .text.tu_edpt_stream_init
                0x100059d0       0x58 CMakeFiles/mario-demo.dir/home/tan/.pico-sdk/sdk/2.1.0/lib/tinyusb/src/tusb.c.o
                0x100059d0                tu_edpt_stream_init
 .text.tu_edpt_stream_deinit
                0x10005a28        0x4 CMakeFiles/mario-demo.dir/home/tan/.pico-sdk/sdk/2.1.0/lib/tinyusb/src/tusb.c.o
                0x10005a28                tu_edpt_stream_deinit
 .text.tu_edpt_stream_write_zlp_if_needed
                0x10005a2c       0x68 CMakeFiles/mario-demo.dir/home/tan/.pico-sdk/sdk/2.1.0/lib/tinyusb/src/tusb.c.o
                0x10005a2c                tu_edpt_stream_write_zlp_if_needed
 .text.tu_edpt_stream_write_xfer
                0x10005a94       0x70 CMakeFiles/mario-demo.dir/home/tan/.pico-sdk/sdk/2.1.0/lib/tinyusb/src/tusb.c.o
                0x10005a94                tu_edpt_stream_write_xfer
 .text.tu_edpt_stream_read_xfer
                0x10005b04       0xd0 CMakeFiles/mario-demo.dir/home/tan/.pico-sdk/sdk/2.1.0/lib/tinyusb/src/tusb.c.o
                0x10005b04                tu_edpt_stream_read_xfer
 .text.tu_fifo_config
                0x10005bd4       0x60 CMakeFiles/mario-demo.dir/home/tan/.pico-sdk/sdk/2.1.0/lib/tinyusb/src/common/tusb_fifo.c.o
                0x10005bd4                tu_fifo_config
 .text.tu_fifo_count
                0x10005c34       0x20 CMakeFiles/mario-demo.dir/home/tan/.pico-sdk/sdk/2.1.0/lib/tinyusb/src/common/tusb_fifo.c.o
                0x10005c34                tu_fifo_count
 .text.tu_fifo_empty
                0x10005c54       0x14 CMakeFiles/mario-demo.dir/home/tan/.pico-sdk/sdk/2.1.0/lib/tinyusb/src/common/tusb_fifo.c.o
                0x10005c54                tu_fifo_empty
 .text.tu_fifo_remaining
                0x10005c68       0x24 CMakeFiles/mario-demo.dir/home/tan/.pico-sdk/sdk/2.1.0/lib/tinyusb/src/common/tusb_fifo.c.o
                0x10005c68                tu_fifo_remaining
 .text.tu_fifo_read
                0x10005c8c       0x94 CMakeFiles/mario-demo.dir/home/tan/.pico-sdk/sdk/2.1.0/lib/tinyusb/src/common/tusb_fifo.c.o
                0x10005c8c                tu_fifo_read
 .text.tu_fifo_read_n
                0x10005d20       0xd8 CMakeFiles/mario-demo.dir/home/tan/.pico-sdk/sdk/2.1.0/lib/tinyusb/src/common/tusb_fifo.c.o
                0x10005d20                tu_fifo_read_n
 .text.tu_fifo_write
                0x10005df8       0xa0 CMakeFiles/mario-demo.dir/home/tan/.pico-sdk/sdk/2.1.0/lib/tinyusb/src/common/tusb_fifo.c.o
                0x10005df8                tu_fifo_write
 .text.tu_fifo_write_n
                0x10005e98      0x158 CMakeFiles/mario-demo.dir/home/tan/.pico-sdk/sdk/2.1.0/lib/tinyusb/src/common/tusb_fifo.c.o
                0x10005e98                tu_fifo_write_n
 .text.tu_fifo_clear
                0x10005ff0       0x38 CMakeFiles/mario-demo.dir/home/tan/.pico-sdk/sdk/2.1.0/lib/tinyusb/src/common/tusb_fifo.c.o
                0x10005ff0                tu_fifo_clear
 .text.tu_fifo_set_overwritable
                0x10006028       0x3c CMakeFiles/mario-demo.dir/home/tan/.pico-sdk/sdk/2.1.0/lib/tinyusb/src/common/tusb_fifo.c.o
                0x10006028                tu_fifo_set_overwritable
 .text.core1_trampoline
                0x10006064        0x4 CMakeFiles/mario-demo.dir/home/tan/.pico-sdk/sdk/2.1.0/src/rp2_common/pico_multicore/multicore.c.o
 .text.core1_wrapper
                0x10006068       0x10 CMakeFiles/mario-demo.dir/home/tan/.pico-sdk/sdk/2.1.0/src/rp2_common/pico_multicore/multicore.c.o
                0x10006068                core1_wrapper
 .text.multicore_launch_core1_raw
                0x10006078       0x88 CMakeFiles/mario-demo.dir/home/tan/.pico-sdk/sdk/2.1.0/src/rp2_common/pico_multicore/multicore.c.o
                0x10006078                multicore_launch_core1_raw
 .text.multicore_launch_core1
                0x10006100       0x48 CMakeFiles/mario-demo.dir/home/tan/.pico-sdk/sdk/2.1.0/src/rp2_common/pico_multicore/multicore.c.o
                0x10006100                multicore_launch_core1
 .text.spi_init
                0x10006148       0xf4 CMakeFiles/mario-demo.dir/home/tan/.pico-sdk/sdk/2.1.0/src/rp2_common/hardware_spi/spi.c.o
                0x10006148                spi_init
 .text._ZN5Print17availableForWriteEv
                0x1000623c        0x4 CMakeFiles/mario-demo.dir/src/st7735/ST7735_TFT.cpp.o
                0x1000623c                Print::availableForWrite()
 .text._ZN10ST7735_TFTC2Ev
                0x10006240       0x20 CMakeFiles/mario-demo.dir/src/st7735/ST7735_TFT.cpp.o
                0x10006240                ST7735_TFT::ST7735_TFT()
                0x10006240                ST7735_TFT::ST7735_TFT()
 .text._ZN10ST7735_TFT12TFTSetupGPIOEaaaaa
                0x10006260       0x4c CMakeFiles/mario-demo.dir/src/st7735/ST7735_TFT.cpp.o
                0x10006260                ST7735_TFT::TFTSetupGPIO(signed char, signed char, signed char, signed char, signed char)
 .text._ZN10ST7735_TFT4BcmdEv
                0x100062ac      0x1b8 CMakeFiles/mario-demo.dir/src/st7735/ST7735_TFT.cpp.o
                0x100062ac                ST7735_TFT::Bcmd()
 .text._ZN10ST7735_TFT20TFTST7735BInitializeEv
                0x10006464       0xd8 CMakeFiles/mario-demo.dir/src/st7735/ST7735_TFT.cpp.o
                0x10006464                ST7735_TFT::TFTST7735BInitialize()
 .text._ZN10ST7735_TFT5Rcmd1Ev
                0x1000653c      0x148 CMakeFiles/mario-demo.dir/src/st7735/ST7735_TFT.cpp.o
                0x1000653c                ST7735_TFT::Rcmd1()
 .text._ZN10ST7735_TFT5Rcmd3Ev
                0x10006684       0x68 CMakeFiles/mario-demo.dir/src/st7735/ST7735_TFT.cpp.o
                0x10006684                ST7735_TFT::Rcmd3()
 .text._ZN10ST7735_TFT21TFTGreenTabInitializeEv
                0x100066ec      0x124 CMakeFiles/mario-demo.dir/src/st7735/ST7735_TFT.cpp.o
                0x100066ec                ST7735_TFT::TFTGreenTabInitialize()
 .text._ZN10ST7735_TFT19TFTRedTabInitializeEv
                0x10006810      0x108 CMakeFiles/mario-demo.dir/src/st7735/ST7735_TFT.cpp.o
                0x10006810                ST7735_TFT::TFTRedTabInitialize()
 .text._ZN10ST7735_TFT21TFTBlackTabInitializeEv
                0x10006918      0x11c CMakeFiles/mario-demo.dir/src/st7735/ST7735_TFT.cpp.o
                0x10006918                ST7735_TFT::TFTBlackTabInitialize()
 .text._ZN10ST7735_TFT14TFTsetRotationENS_12TFT_rotate_eE
                0x10006a34       0x80 CMakeFiles/mario-demo.dir/src/st7735/ST7735_TFT.cpp.o
                0x10006a34                ST7735_TFT::TFTsetRotation(ST7735_TFT::TFT_rotate_e)
 .text._ZN10ST7735_TFT17TFTInitScreenSizeEhhtt
                0x10006ab4       0x2c CMakeFiles/mario-demo.dir/src/st7735/ST7735_TFT.cpp.o
                0x10006ab4                ST7735_TFT::TFTInitScreenSize(unsigned char, unsigned char, unsigned short, unsigned short)
 .text._ZN10ST7735_TFT14TFTInitPCBTypeENS_13TFT_PCBtype_eE
                0x10006ae0       0x20 CMakeFiles/mario-demo.dir/src/st7735/ST7735_TFT.cpp.o
                0x10006ae0                ST7735_TFT::TFTInitPCBType(ST7735_TFT::TFT_PCBtype_e)
 .text._ZN10ST7735_TFT14TFTInitSPITypeEmP8spi_inst
                0x10006b00        0xc CMakeFiles/mario-demo.dir/src/st7735/ST7735_TFT.cpp.o
                0x10006b00                ST7735_TFT::TFTInitSPIType(unsigned long, spi_inst*)
 .text._ZN19ST7735_TFT_graphicsC2Ev
                0x10006b0c       0x34 CMakeFiles/mario-demo.dir/src/st7735/ST7735_TFT_graphics.cpp.o
                0x10006b0c                ST7735_TFT_graphics::ST7735_TFT_graphics()
                0x10006b0c                ST7735_TFT_graphics::ST7735_TFT_graphics()
 .text._ZN19ST7735_TFT_graphics12writeCommandEh
                0x10006b40      0x320 CMakeFiles/mario-demo.dir/src/st7735/ST7735_TFT_graphics.cpp.o
                0x10006b40                ST7735_TFT_graphics::writeCommand(unsigned char)
 .text._ZN19ST7735_TFT_graphics9writeDataEh
                0x10006e60      0x320 CMakeFiles/mario-demo.dir/src/st7735/ST7735_TFT_graphics.cpp.o
                0x10006e60                ST7735_TFT_graphics::writeData(unsigned char)
 .text._ZN19ST7735_TFT_graphics16TFTsetAddrWindowEhhhh
                0x10007180      0x7dc CMakeFiles/mario-demo.dir/src/st7735/ST7735_TFT_graphics.cpp.o
                0x10007180                ST7735_TFT_graphics::TFTsetAddrWindow(unsigned char, unsigned char, unsigned char, unsigned char)
 .text._ZN19ST7735_TFT_graphics16TFTdrawFastVLineEhhht
                0x1000795c      0xa44 CMakeFiles/mario-demo.dir/src/st7735/ST7735_TFT_graphics.cpp.o
                0x1000795c                ST7735_TFT_graphics::TFTdrawFastVLine(unsigned char, unsigned char, unsigned char, unsigned short)
 .text._ZN19ST7735_TFT_graphics11TFTfillRectEhhhht
                0x100083a0       0x38 CMakeFiles/mario-demo.dir/src/st7735/ST7735_TFT_graphics.cpp.o
                0x100083a0                ST7735_TFT_graphics::TFTfillRect(unsigned char, unsigned char, unsigned char, unsigned char, unsigned short)
 .text._ZN19ST7735_TFT_graphics12TFTdrawPixelEhht.part.0
                0x100083d8      0x25c CMakeFiles/mario-demo.dir/src/st7735/ST7735_TFT_graphics.cpp.o
 .text._ZN19ST7735_TFT_graphics11TFTdrawCharEhhhtth
                0x10008634      0x228 CMakeFiles/mario-demo.dir/src/st7735/ST7735_TFT_graphics.cpp.o
                0x10008634                ST7735_TFT_graphics::TFTdrawChar(unsigned char, unsigned char, unsigned char, unsigned short, unsigned short, unsigned char)
 .text._ZN19ST7735_TFT_graphics11TFTdrawTextEhhPctth
                0x1000885c       0xf0 CMakeFiles/mario-demo.dir/src/st7735/ST7735_TFT_graphics.cpp.o
                0x1000885c                ST7735_TFT_graphics::TFTdrawText(unsigned char, unsigned char, char*, unsigned short, unsigned short, unsigned char)
 .text._ZN19ST7735_TFT_graphics11TFTdrawCharEhhhtt
                0x1000894c      0x43c CMakeFiles/mario-demo.dir/src/st7735/ST7735_TFT_graphics.cpp.o
                0x1000894c                ST7735_TFT_graphics::TFTdrawChar(unsigned char, unsigned char, unsigned char, unsigned short, unsigned short)
 .text._ZN19ST7735_TFT_graphics5writeEh
                0x10008d88       0xec CMakeFiles/mario-demo.dir/src/st7735/ST7735_TFT_graphics.cpp.o
                0x10008d88                ST7735_TFT_graphics::write(unsigned char)
 .text._ZN19ST7735_TFT_graphics18spiWriteDataBufferEPhm
                0x10008e74      0x248 CMakeFiles/mario-demo.dir/src/st7735/ST7735_TFT_graphics.cpp.o
                0x10008e74                ST7735_TFT_graphics::spiWriteDataBuffer(unsigned char*, unsigned long)
 .text._ZN19ST7735_TFT_graphics17TFTfillRectBufferEhhhht
                0x100090bc       0xf0 CMakeFiles/mario-demo.dir/src/st7735/ST7735_TFT_graphics.cpp.o
                0x100090bc                ST7735_TFT_graphics::TFTfillRectBuffer(unsigned char, unsigned char, unsigned char, unsigned char, unsigned short)
 .text._ZN19ST7735_TFT_graphics13TFTfillScreenEt
                0x100091ac       0x18 CMakeFiles/mario-demo.dir/src/st7735/ST7735_TFT_graphics.cpp.o
                0x100091ac                ST7735_TFT_graphics::TFTfillScreen(unsigned short)
 .text._ZN19ST7735_TFT_graphics19TFTdrawBitmap16DataEhhPhhh
                0x100091c4       0xa0 CMakeFiles/mario-demo.dir/src/st7735/ST7735_TFT_graphics.cpp.o
                0x100091c4                ST7735_TFT_graphics::TFTdrawBitmap16Data(unsigned char, unsigned char, unsigned char*, unsigned char, unsigned char)
 .text._ZN19ST7735_TFT_graphics17TFTdrawSpriteDataEhhPhhht
                0x10009264       0xcc CMakeFiles/mario-demo.dir/src/st7735/ST7735_TFT_graphics.cpp.o
                0x10009264                ST7735_TFT_graphics::TFTdrawSpriteData(unsigned char, unsigned char, unsigned char*, unsigned char, unsigned char, unsigned short)
 .text._ZN5Print5writeEPKhj
                0x10009330       0x2c CMakeFiles/mario-demo.dir/src/st7735/ST7735_TFT_Print.cpp.o
                0x10009330                Print::write(unsigned char const*, unsigned int)
 .text          0x1000935c       0xec /home/tan/.pico-sdk/toolchain/13_3_Rel1/bin/../lib/gcc/arm-none-eabi/13.3.1/../../../../arm-none-eabi/lib/thumb/v8-m.main+fp/softfp/libg.a(libc_a-memcpy.o)
                0x1000935c                memcpy
 .text.strlen   0x10009448       0x5c /home/tan/.pico-sdk/toolchain/13_3_Rel1/bin/../lib/gcc/arm-none-eabi/13.3.1/../../../../arm-none-eabi/lib/thumb/v8-m.main+fp/softfp/libg.a(libc_a-strlen-stub.o)
                0x10009448                strlen
 .text.memset   0x100094a4       0xa4 /home/tan/.pico-sdk/toolchain/13_3_Rel1/bin/../lib/gcc/arm-none-eabi/13.3.1/../../../../arm-none-eabi/lib/thumb/v8-m.main+fp/softfp/libg.a(libc_a-memset.o)
                0x100094a4                memset
 *(.fini)
 .fini          0x10009548        0x4 /home/tan/.pico-sdk/toolchain/13_3_Rel1/bin/../lib/gcc/arm-none-eabi/13.3.1/thumb/v8-m.main+fp/softfp/crti.o
                0x10009548                _fini
 *fill*         0x1000954c        0x4 
 .fini.__stub   0x10009550       0x58 linker stubs
 *crtbegin.o(.ctors)
 *crtbegin?.o(.ctors)
 *(EXCLUDE_FILE(*crtend.o *crtend?.o) .ctors)
 *(SORT_BY_NAME(.ctors.*))
 *(.ctors)
 *crtbegin.o(.dtors)
 *crtbegin?.o(.dtors)
 *(EXCLUDE_FILE(*crtend.o *crtend?.o) .dtors)
 *(SORT_BY_NAME(.dtors.*))
 *(.dtors)
                0x100095a8                        . = ALIGN (0x4)
                0x100095a8                        PROVIDE (__preinit_array_start = .)
 *(SORT_BY_NAME(.preinit_array.*))
 .preinit_array.00050
                0x100095a8        0x4 CMakeFiles/mario-demo.dir/home/tan/.pico-sdk/sdk/2.1.0/src/rp2_common/pico_runtime_init/runtime_init.c.o
                0x100095a8                __pre_init_runtime_init_bootrom_reset
 .preinit_array.00100
                0x100095ac        0x4 CMakeFiles/mario-demo.dir/home/tan/.pico-sdk/sdk/2.1.0/src/rp2_common/pico_runtime_init/runtime_init.c.o
                0x100095ac                __pre_init_runtime_init_early_resets
 .preinit_array.00101
                0x100095b0        0x4 CMakeFiles/mario-demo.dir/home/tan/.pico-sdk/sdk/2.1.0/src/rp2_common/pico_runtime_init/runtime_init.c.o
                0x100095b0                __pre_init_runtime_init_usb_power_down
 .preinit_array.00500
                0x100095b4        0x4 CMakeFiles/mario-demo.dir/home/tan/.pico-sdk/sdk/2.1.0/src/rp2_common/pico_runtime_init/runtime_init.c.o
                0x100095b4                __pre_init_runtime_init_clocks
 .preinit_array.00600
                0x100095b8        0x4 CMakeFiles/mario-demo.dir/home/tan/.pico-sdk/sdk/2.1.0/src/rp2_common/pico_runtime_init/runtime_init.c.o
                0x100095b8                __pre_init_runtime_init_post_clock_resets
 .preinit_array.01000
                0x100095bc        0x4 CMakeFiles/mario-demo.dir/home/tan/.pico-sdk/sdk/2.1.0/src/rp2_common/hardware_boot_lock/boot_lock.c.o
                0x100095bc                __pre_init_runtime_init_boot_locks_reset
 .preinit_array.01000
                0x100095c0        0x4 CMakeFiles/mario-demo.dir/home/tan/.pico-sdk/sdk/2.1.0/src/rp2_common/pico_runtime_init/runtime_init.c.o
                0x100095c0                __pre_init_runtime_init_spin_locks_reset
 .preinit_array.01010
                0x100095c4        0x4 CMakeFiles/mario-demo.dir/home/tan/.pico-sdk/sdk/2.1.0/src/rp2_common/pico_bootrom/bootrom_lock.c.o
                0x100095c4                __pre_init_runtime_init_bootrom_locking_enable
 .preinit_array.01100
                0x100095c8        0x4 CMakeFiles/mario-demo.dir/home/tan/.pico-sdk/sdk/2.1.0/src/common/pico_sync/mutex.c.o
                0x100095c8                __pre_init_runtime_init_mutex
 .preinit_array.10080
                0x100095cc        0x4 CMakeFiles/mario-demo.dir/home/tan/.pico-sdk/sdk/2.1.0/src/rp2_common/pico_runtime_init/runtime_init.c.o
                0x100095cc                __pre_init_runtime_init_install_ram_vector_table
 .preinit_array.11000
                0x100095d0        0x4 CMakeFiles/mario-demo.dir/home/tan/.pico-sdk/sdk/2.1.0/src/common/pico_time/time.c.o
                0x100095d0                __pre_init_runtime_init_default_alarm_pool
 .preinit_array.YYYYY
                0x100095d4        0x4 CMakeFiles/mario-demo.dir/home/tan/.pico-sdk/sdk/2.1.0/src/rp2_common/pico_runtime/runtime.c.o
                0x100095d4                __pre_init_first_per_core_initializer
 .preinit_array.ZZZZZ.00051
                0x100095d8        0x4 CMakeFiles/mario-demo.dir/home/tan/.pico-sdk/sdk/2.1.0/src/rp2_common/pico_runtime_init/runtime_init.c.o
                0x100095d8                __pre_init_runtime_init_per_core_bootrom_reset
 .preinit_array.ZZZZZ.00200
                0x100095dc        0x4 CMakeFiles/mario-demo.dir/home/tan/.pico-sdk/sdk/2.1.0/src/rp2_common/pico_runtime_init/runtime_init.c.o
                0x100095dc                __pre_init_runtime_init_per_core_enable_coprocessors
 .preinit_array.ZZZZZ.01000
                0x100095e0        0x4 CMakeFiles/mario-demo.dir/home/tan/.pico-sdk/sdk/2.1.0/src/rp2_common/hardware_sync_spin_lock/sync_spin_lock.c.o
                0x100095e0                __pre_init_spinlock_set_extexclall
 .preinit_array.ZZZZZ.01200
                0x100095e4        0x4 CMakeFiles/mario-demo.dir/home/tan/.pico-sdk/sdk/2.1.0/src/rp2_common/hardware_irq/irq.c.o
                0x100095e4                __pre_init_runtime_init_per_core_irq_priorities
 *(.preinit_array)
                0x100095e8                        PROVIDE (__preinit_array_end = .)
                0x100095e8                        . = ALIGN (0x4)
                0x100095e8                        PROVIDE (__init_array_start = .)
 *(SORT_BY_NAME(.init_array.*))
 *(.init_array)
 .init_array    0x100095e8        0x4 /home/tan/.pico-sdk/toolchain/13_3_Rel1/bin/../lib/gcc/arm-none-eabi/13.3.1/thumb/v8-m.main+fp/softfp/crtbegin.o
 .init_array    0x100095ec        0x4 CMakeFiles/mario-demo.dir/mario-demo.cpp.o
 .init_array    0x100095f0        0x4 CMakeFiles/mario-demo.dir/home/tan/.pico-sdk/sdk/2.1.0/src/rp2_common/pico_unique_id/unique_id.c.o
                0x100095f4                        PROVIDE (__init_array_end = .)
                0x100095f4                        . = ALIGN (0x4)
                [!provide]                        PROVIDE (__fini_array_start = .)
 *(SORT_BY_NAME(.fini_array.*))
 *(.fini_array)
                [!provide]                        PROVIDE (__fini_array_end = .)
 *(.eh_frame*)
 .eh_frame      0x100095f4        0x0 /home/tan/.pico-sdk/toolchain/13_3_Rel1/bin/../lib/gcc/arm-none-eabi/13.3.1/thumb/v8-m.main+fp/softfp/crtbegin.o
                0x100095f4                        . = ALIGN (0x4)

.glue_7         0x100095f4        0x0
 .glue_7        0x100095f4        0x0 linker stubs

.glue_7t        0x100095f4        0x0
 .glue_7t       0x100095f4        0x0 linker stubs

.vfp11_veneer   0x100095f4        0x0
 .vfp11_veneer  0x100095f4        0x0 linker stubs

.v4_bx          0x100095f4        0x0
 .v4_bx         0x100095f4        0x0 linker stubs

.iplt           0x100095f4        0x0
 .iplt          0x100095f4        0x0 /home/tan/.pico-sdk/toolchain/13_3_Rel1/bin/../lib/gcc/arm-none-eabi/13.3.1/thumb/v8-m.main+fp/softfp/crtbegin.o

.boot2          0x100095f4        0x0
                0x100095f4                        __boot2_start__ = .
 *(.boot2)
                0x100095f4                        __boot2_end__ = .
                0x00000001                        ASSERT (((__boot2_end__ - __boot2_start__) <= 0x100), ERROR: Pico second stage bootloader must be no more than 256 bytes in size)

.rodata         0x100095f8    0x11354
 *(EXCLUDE_FILE(*libm.a: *libc.a:*lib_a-mem*.o *libgcc.a:) .rodata*)
 .rodata.main.str1.4
                0x100095f8      0x5fc CMakeFiles/mario-demo.dir/mario-demo.cpp.o
                                 0x45 (size before relaxing)
 .rodata._ZL13noteDurations
                0x10009bf4      0x184 CMakeFiles/mario-demo.dir/mario-demo.cpp.o
 .rodata._ZL6melody
                0x10009d78      0x188 CMakeFiles/mario-demo.dir/mario-demo.cpp.o
 .rodata        0x10009f00      0x500 CMakeFiles/mario-demo.dir/mario-demo.cpp.o
 .rodata.panic.str1.4
                0x1000a400       0x12 CMakeFiles/mario-demo.dir/home/tan/.pico-sdk/sdk/2.1.0/src/rp2_common/pico_platform_panic/panic.c.o
 .rodata.spin_lock_claim_unused.str1.4
                0x1000a400       0x1b CMakeFiles/mario-demo.dir/home/tan/.pico-sdk/sdk/2.1.0/src/rp2_common/hardware_sync/sync.c.o
 .rodata.user_irq_claim_unused.str1.4
                0x1000a400       0x1b CMakeFiles/mario-demo.dir/home/tan/.pico-sdk/sdk/2.1.0/src/rp2_common/hardware_irq/irq.c.o
 .rodata.timer_hardware_alarm_claim.str1.4
                0x1000a400       0x22 CMakeFiles/mario-demo.dir/home/tan/.pico-sdk/sdk/2.1.0/src/rp2_common/hardware_timer/timer.c.o
 .rodata.hard_assertion_failure.str1.4
                0x1000a400        0xc CMakeFiles/mario-demo.dir/home/tan/.pico-sdk/sdk/2.1.0/src/rp2_common/pico_runtime/runtime.c.o
 .rodata.str1.4
                0x1000a400       0x40 CMakeFiles/mario-demo.dir/home/tan/.pico-sdk/sdk/2.1.0/src/rp2_common/pico_standard_binary_info/standard_binary_info.c.o
 .rodata.__bi_84
                0x1000a400        0xc CMakeFiles/mario-demo.dir/home/tan/.pico-sdk/sdk/2.1.0/src/rp2_common/pico_standard_binary_info/standard_binary_info.c.o
 .rodata.__bi_78
                0x1000a40c        0xc CMakeFiles/mario-demo.dir/home/tan/.pico-sdk/sdk/2.1.0/src/rp2_common/pico_standard_binary_info/standard_binary_info.c.o
 .rodata.__bi_54
                0x1000a418        0xc CMakeFiles/mario-demo.dir/home/tan/.pico-sdk/sdk/2.1.0/src/rp2_common/pico_standard_binary_info/standard_binary_info.c.o
 .rodata.__bi_48
                0x1000a424        0xc CMakeFiles/mario-demo.dir/home/tan/.pico-sdk/sdk/2.1.0/src/rp2_common/pico_standard_binary_info/standard_binary_info.c.o
 .rodata.__bi_42
                0x1000a430        0xc CMakeFiles/mario-demo.dir/home/tan/.pico-sdk/sdk/2.1.0/src/rp2_common/pico_standard_binary_info/standard_binary_info.c.o
 .rodata.__bi_34
                0x1000a43c        0xc CMakeFiles/mario-demo.dir/home/tan/.pico-sdk/sdk/2.1.0/src/rp2_common/pico_standard_binary_info/standard_binary_info.c.o
 .rodata.__bi_26
                0x1000a448        0xc CMakeFiles/mario-demo.dir/home/tan/.pico-sdk/sdk/2.1.0/src/rp2_common/pico_standard_binary_info/standard_binary_info.c.o
 .rodata._ftoa.str1.4
                0x1000a454       0x15 CMakeFiles/mario-demo.dir/home/tan/.pico-sdk/sdk/2.1.0/src/rp2_common/pico_printf/printf.c.o
 *fill*         0x1000a454        0x4 
 .rodata.pow10.0
                0x1000a458       0x50 CMakeFiles/mario-demo.dir/home/tan/.pico-sdk/sdk/2.1.0/src/rp2_common/pico_printf/printf.c.o
 .rodata.crlf_str.0
                0x1000a4a8        0x2 CMakeFiles/mario-demo.dir/home/tan/.pico-sdk/sdk/2.1.0/src/rp2_common/pico_stdio/stdio.c.o
 *fill*         0x1000a4aa        0x2 
 .rodata._resetd_driver
                0x1000a4ac       0x20 CMakeFiles/mario-demo.dir/home/tan/.pico-sdk/sdk/2.1.0/src/rp2_common/pico_stdio_usb/reset_interface.c.o
 .rodata.desc_ms_os_20
                0x1000a4cc       0xa6 CMakeFiles/mario-demo.dir/home/tan/.pico-sdk/sdk/2.1.0/src/rp2_common/pico_stdio_usb/reset_interface.c.o
 *fill*         0x1000a572        0x2 
 .rodata.desc_bos
                0x1000a574       0x21 CMakeFiles/mario-demo.dir/home/tan/.pico-sdk/sdk/2.1.0/src/rp2_common/pico_stdio_usb/reset_interface.c.o
                0x1000a574                desc_bos
 .rodata.str1.4
                0x1000a595       0x13 CMakeFiles/mario-demo.dir/home/tan/.pico-sdk/sdk/2.1.0/src/rp2_common/pico_stdio_usb/stdio_usb.c.o
 *fill*         0x1000a595        0x3 
 .rodata.__bi_197.0
                0x1000a598        0xc CMakeFiles/mario-demo.dir/home/tan/.pico-sdk/sdk/2.1.0/src/rp2_common/pico_stdio_usb/stdio_usb.c.o
 .rodata.str1.4
                0x1000a5a4       0x2a CMakeFiles/mario-demo.dir/home/tan/.pico-sdk/sdk/2.1.0/src/rp2_common/pico_stdio_usb/stdio_usb_descriptors.c.o
 .rodata.usbd_desc_str
                0x1000a5a4       0x18 CMakeFiles/mario-demo.dir/home/tan/.pico-sdk/sdk/2.1.0/src/rp2_common/pico_stdio_usb/stdio_usb_descriptors.c.o
 .rodata.usbd_desc_cfg
                0x1000a5bc       0x54 CMakeFiles/mario-demo.dir/home/tan/.pico-sdk/sdk/2.1.0/src/rp2_common/pico_stdio_usb/stdio_usb_descriptors.c.o
 .rodata.usbd_desc_device
                0x1000a610       0x12 CMakeFiles/mario-demo.dir/home/tan/.pico-sdk/sdk/2.1.0/src/rp2_common/pico_stdio_usb/stdio_usb_descriptors.c.o
 .rodata.str1.4
                0x1000a622       0x14 CMakeFiles/mario-demo.dir/home/tan/.pico-sdk/sdk/2.1.0/lib/tinyusb/src/portable/raspberrypi/rp2040/dcd_rp2040.c.o
 .rodata.str1.4
                0x1000a622       0x48 CMakeFiles/mario-demo.dir/home/tan/.pico-sdk/sdk/2.1.0/lib/tinyusb/src/portable/raspberrypi/rp2040/rp2040_usb.c.o
 *fill*         0x1000a622        0x2 
 .rodata._usbd_driver
                0x1000a624       0x40 CMakeFiles/mario-demo.dir/home/tan/.pico-sdk/sdk/2.1.0/lib/tinyusb/src/device/usbd.c.o
 .rodata._ZN10ST7735_TFT4BcmdEv.str1.4
                0x1000a664       0x25 CMakeFiles/mario-demo.dir/src/st7735/ST7735_TFT.cpp.o
 .rodata._ZN10ST7735_TFT5Rcmd1Ev.str1.4
                0x1000a664        0xf CMakeFiles/mario-demo.dir/src/st7735/ST7735_TFT.cpp.o
 .rodata._ZTV10ST7735_TFT
                0x1000a664       0x14 CMakeFiles/mario-demo.dir/src/st7735/ST7735_TFT.cpp.o
                0x1000a664                vtable for ST7735_TFT
 .rodata        0x1000a678       0x20 CMakeFiles/mario-demo.dir/src/st7735/ST7735_TFT.cpp.o
 .rodata._ZN19ST7735_TFT_graphics11TFTdrawCharEhhhtth.str1.4
                0x1000a698       0xbb CMakeFiles/mario-demo.dir/src/st7735/ST7735_TFT_graphics.cpp.o
 .rodata._ZN19ST7735_TFT_graphics11TFTdrawTextEhhPctth.str1.4
                0x1000a698       0xdc CMakeFiles/mario-demo.dir/src/st7735/ST7735_TFT_graphics.cpp.o
 .rodata._ZN19ST7735_TFT_graphics11TFTdrawCharEhhhtt.str1.4
                0x1000a698      0x10c CMakeFiles/mario-demo.dir/src/st7735/ST7735_TFT_graphics.cpp.o
 .rodata._ZN19ST7735_TFT_graphics5writeEh.str1.4
                0x1000a698       0x6d CMakeFiles/mario-demo.dir/src/st7735/ST7735_TFT_graphics.cpp.o
 .rodata._ZN19ST7735_TFT_graphics17TFTfillRectBufferEhhhht.str1.4
                0x1000a698       0x30 CMakeFiles/mario-demo.dir/src/st7735/ST7735_TFT_graphics.cpp.o
 .rodata._ZN19ST7735_TFT_graphics19TFTdrawBitmap16DataEhhPhhh.str1.4
                0x1000a698       0x63 CMakeFiles/mario-demo.dir/src/st7735/ST7735_TFT_graphics.cpp.o
 .rodata._ZN19ST7735_TFT_graphics17TFTdrawSpriteDataEhhPhhht.str1.4
                0x1000a698       0x64 CMakeFiles/mario-demo.dir/src/st7735/ST7735_TFT_graphics.cpp.o
 .rodata._ZTV19ST7735_TFT_graphics
                0x1000a698       0x14 CMakeFiles/mario-demo.dir/src/st7735/ST7735_TFT_graphics.cpp.o
                0x1000a698                vtable for ST7735_TFT_graphics
 .rodata._ZL11Font_Twelve
                0x1000a6ac      0x474 CMakeFiles/mario-demo.dir/src/st7735/ST7735_TFT_Font.cpp.o
 .rodata._ZL11Font_Eleven
                0x1000ab20      0x5f0 CMakeFiles/mario-demo.dir/src/st7735/ST7735_TFT_Font.cpp.o
 .rodata._ZL8Font_Ten
                0x1000b110      0xc00 CMakeFiles/mario-demo.dir/src/st7735/ST7735_TFT_Font.cpp.o
 .rodata._ZL9Font_Nine
                0x1000bd10     0x1200 CMakeFiles/mario-demo.dir/src/st7735/ST7735_TFT_Font.cpp.o
 .rodata._ZL10Font_Eight
                0x1000cf10      0x1c0 CMakeFiles/mario-demo.dir/src/st7735/ST7735_TFT_Font.cpp.o
 .rodata._ZL10Font_Seven
                0x1000d0d0      0x380 CMakeFiles/mario-demo.dir/src/st7735/ST7735_TFT_Font.cpp.o
 .rodata._ZL8Font_Six
                0x1000d450      0x299 CMakeFiles/mario-demo.dir/src/st7735/ST7735_TFT_Font.cpp.o
 *fill*         0x1000d6e9        0x3 
 .rodata._ZL9Font_Five
                0x1000d6ec      0x120 CMakeFiles/mario-demo.dir/src/st7735/ST7735_TFT_Font.cpp.o
 .rodata._ZL9Font_Four
                0x1000d80c      0x1d8 CMakeFiles/mario-demo.dir/src/st7735/ST7735_TFT_Font.cpp.o
 .rodata._ZL10Font_Three
                0x1000d9e4      0x16c CMakeFiles/mario-demo.dir/src/st7735/ST7735_TFT_Font.cpp.o
 .rodata._ZL8Font_Two
                0x1000db50      0x19d CMakeFiles/mario-demo.dir/src/st7735/ST7735_TFT_Font.cpp.o
 *fill*         0x1000dced        0x3 
 .rodata._ZL8Font_One
                0x1000dcf0      0x4fb CMakeFiles/mario-demo.dir/src/st7735/ST7735_TFT_Font.cpp.o
 *fill*         0x1000e1eb        0x1 
 .rodata._ZL10KoopaIdle1
                0x1000e1ec      0x360 CMakeFiles/mario-demo.dir/src/st7735/ST7735_TFT_Bitmap_Data.cpp.o
 .rodata._ZL6PipeTR
                0x1000e54c      0x200 CMakeFiles/mario-demo.dir/src/st7735/ST7735_TFT_Bitmap_Data.cpp.o
 .rodata._ZL6PipeTL
                0x1000e74c      0x200 CMakeFiles/mario-demo.dir/src/st7735/ST7735_TFT_Bitmap_Data.cpp.o
 .rodata._ZL5PipeR
                0x1000e94c      0x200 CMakeFiles/mario-demo.dir/src/st7735/ST7735_TFT_Bitmap_Data.cpp.o
 .rodata._ZL5PipeL
                0x1000eb4c      0x200 CMakeFiles/mario-demo.dir/src/st7735/ST7735_TFT_Bitmap_Data.cpp.o
 .rodata._ZL9WoodBlock
                0x1000ed4c      0x200 CMakeFiles/mario-demo.dir/src/st7735/ST7735_TFT_Bitmap_Data.cpp.o
 .rodata._ZL8RoBlock1
                0x1000ef4c      0x200 CMakeFiles/mario-demo.dir/src/st7735/ST7735_TFT_Bitmap_Data.cpp.o
 .rodata._ZL10LuckBlock1
                0x1000f14c      0x200 CMakeFiles/mario-demo.dir/src/st7735/ST7735_TFT_Bitmap_Data.cpp.o
 .rodata._ZL4Dirt
                0x1000f34c      0x200 CMakeFiles/mario-demo.dir/src/st7735/ST7735_TFT_Bitmap_Data.cpp.o
 .rodata._ZL5Grass
                0x1000f54c      0x200 CMakeFiles/mario-demo.dir/src/st7735/ST7735_TFT_Bitmap_Data.cpp.o
 .rodata._ZL15MarioSmallJump2
                0x1000f74c      0x300 CMakeFiles/mario-demo.dir/src/st7735/ST7735_TFT_Bitmap_Data.cpp.o
 .rodata._ZL15MarioSmallJump1
                0x1000fa4c      0x300 CMakeFiles/mario-demo.dir/src/st7735/ST7735_TFT_Bitmap_Data.cpp.o
 .rodata._ZL15MarioSmallWalk2
                0x1000fd4c      0x300 CMakeFiles/mario-demo.dir/src/st7735/ST7735_TFT_Bitmap_Data.cpp.o
 .rodata._ZL15MarioSmallWalk1
                0x1001004c      0x300 CMakeFiles/mario-demo.dir/src/st7735/ST7735_TFT_Bitmap_Data.cpp.o
 .rodata._ZL15MarioSmallIdle2
                0x1001034c      0x300 CMakeFiles/mario-demo.dir/src/st7735/ST7735_TFT_Bitmap_Data.cpp.o
 .rodata._ZL15MarioSmallIdle1
                0x1001064c      0x300 CMakeFiles/mario-demo.dir/src/st7735/ST7735_TFT_Bitmap_Data.cpp.o
 .rodata._ZL20SuperMarioWorldTitle
                0x1001094c     0xa000 CMakeFiles/mario-demo.dir/src/st7735/ST7735_TFT_Bitmap_Data.cpp.o
 *(.srodata*)
                0x1001a94c                        . = ALIGN (0x4)
 *(SORT_BY_ALIGNMENT(SORT_BY_NAME(.flashdata*)))
                0x1001a94c                        . = ALIGN (0x4)

.ARM.extab
 *(.ARM.extab* .gnu.linkonce.armextab.*)
                0x1001a94c                        __exidx_start = .

.ARM.exidx      0x1001a94c        0x8
 *(.ARM.exidx* .gnu.linkonce.armexidx.*)
 .ARM.exidx     0x1001a94c        0x8 /home/tan/.pico-sdk/toolchain/13_3_Rel1/bin/../lib/gcc/arm-none-eabi/13.3.1/../../../../arm-none-eabi/lib/thumb/v8-m.main+fp/softfp/libg.a(libc_a-memcpy.o)
 .ARM.exidx.text.__udivmoddi4
                0x1001a954        0x0 /home/tan/.pico-sdk/toolchain/13_3_Rel1/bin/../lib/gcc/arm-none-eabi/13.3.1/thumb/v8-m.main+fp/softfp/libgcc.a(_udivmoddi4.o)
                                  0x8 (size before relaxing)
                0x1001a954                        __exidx_end = .
                0x1001a954                        . = ALIGN (0x4)
                0x1001a954                        __binary_info_start = .

.binary_info    0x1001a954       0x20
 *(.binary_info.keep.*)
 .binary_info.keep.__bi_ptr84
                0x1001a954        0x4 CMakeFiles/mario-demo.dir/home/tan/.pico-sdk/sdk/2.1.0/src/rp2_common/pico_standard_binary_info/standard_binary_info.c.o
 .binary_info.keep.__bi_ptr78
                0x1001a958        0x4 CMakeFiles/mario-demo.dir/home/tan/.pico-sdk/sdk/2.1.0/src/rp2_common/pico_standard_binary_info/standard_binary_info.c.o
 .binary_info.keep.__bi_ptr54
                0x1001a95c        0x4 CMakeFiles/mario-demo.dir/home/tan/.pico-sdk/sdk/2.1.0/src/rp2_common/pico_standard_binary_info/standard_binary_info.c.o
 .binary_info.keep.__bi_ptr48
                0x1001a960        0x4 CMakeFiles/mario-demo.dir/home/tan/.pico-sdk/sdk/2.1.0/src/rp2_common/pico_standard_binary_info/standard_binary_info.c.o
 .binary_info.keep.__bi_ptr42
                0x1001a964        0x4 CMakeFiles/mario-demo.dir/home/tan/.pico-sdk/sdk/2.1.0/src/rp2_common/pico_standard_binary_info/standard_binary_info.c.o
 .binary_info.keep.__bi_ptr34
                0x1001a968        0x4 CMakeFiles/mario-demo.dir/home/tan/.pico-sdk/sdk/2.1.0/src/rp2_common/pico_standard_binary_info/standard_binary_info.c.o
 .binary_info.keep.__bi_ptr26
                0x1001a96c        0x4 CMakeFiles/mario-demo.dir/home/tan/.pico-sdk/sdk/2.1.0/src/rp2_common/pico_standard_binary_info/standard_binary_info.c.o
 *(.binary_info.*)
 .binary_info.__bi_ptr197
                0x1001a970        0x4 CMakeFiles/mario-demo.dir/home/tan/.pico-sdk/sdk/2.1.0/src/rp2_common/pico_stdio_usb/stdio_usb.c.o
                0x1001a974                        __binary_info_end = .
                0x1001a974                        . = ALIGN (0x4)

.ram_vector_table
                0x20000000      0x110
 *(.ram_vector_table)
 .ram_vector_table
                0x20000000      0x110 CMakeFiles/mario-demo.dir/home/tan/.pico-sdk/sdk/2.1.0/src/rp2_common/pico_runtime_init/runtime_init.c.o
                0x20000000                ram_vector_table

.uninitialized_data
                0x20000110        0x0
                0x20000110                        . = ALIGN (0x4)
 *(.uninitialized_data*)

.data           0x20000110     0x1208 load address 0x1001a974
                0x20000110                        __data_start__ = .
 *(vtable)
 *(.time_critical*)
 .time_critical.mutex_try_enter
                0x20000110       0x50 CMakeFiles/mario-demo.dir/home/tan/.pico-sdk/sdk/2.1.0/src/common/pico_sync/mutex.c.o
                0x20000110                mutex_try_enter
 .time_critical.mutex_enter_block_until
                0x20000160       0x70 CMakeFiles/mario-demo.dir/home/tan/.pico-sdk/sdk/2.1.0/src/common/pico_sync/mutex.c.o
                0x20000160                mutex_enter_block_until
 .time_critical.mutex_try_enter_block_until
                0x200001d0       0x6c CMakeFiles/mario-demo.dir/home/tan/.pico-sdk/sdk/2.1.0/src/common/pico_sync/mutex.c.o
                0x200001d0                mutex_try_enter_block_until
 .time_critical.mutex_enter_timeout_ms
                0x2000023c       0x38 CMakeFiles/mario-demo.dir/home/tan/.pico-sdk/sdk/2.1.0/src/common/pico_sync/mutex.c.o
                0x2000023c                mutex_enter_timeout_ms
 .time_critical.mutex_exit
                0x20000274       0x3c CMakeFiles/mario-demo.dir/home/tan/.pico-sdk/sdk/2.1.0/src/common/pico_sync/mutex.c.o
                0x20000274                mutex_exit
 .time_critical.reset_non_control_endpoints
                0x200002b0       0x64 CMakeFiles/mario-demo.dir/home/tan/.pico-sdk/sdk/2.1.0/lib/tinyusb/src/portable/raspberrypi/rp2040/dcd_rp2040.c.o
 .time_critical.hw_handle_buff_status
                0x20000314       0x98 CMakeFiles/mario-demo.dir/home/tan/.pico-sdk/sdk/2.1.0/lib/tinyusb/src/portable/raspberrypi/rp2040/dcd_rp2040.c.o
 .time_critical.dcd_rp2040_irq
                0x200003ac      0x540 CMakeFiles/mario-demo.dir/home/tan/.pico-sdk/sdk/2.1.0/lib/tinyusb/src/portable/raspberrypi/rp2040/dcd_rp2040.c.o
 .time_critical.prepare_ep_buffer
                0x200008ec       0xd0 CMakeFiles/mario-demo.dir/home/tan/.pico-sdk/sdk/2.1.0/lib/tinyusb/src/portable/raspberrypi/rp2040/rp2040_usb.c.o
 .time_critical.sync_ep_buffer
                0x200009bc       0xb8 CMakeFiles/mario-demo.dir/home/tan/.pico-sdk/sdk/2.1.0/lib/tinyusb/src/portable/raspberrypi/rp2040/rp2040_usb.c.o
 .time_critical._hw_endpoint_xfer_sync
                0x20000a74       0x2c CMakeFiles/mario-demo.dir/home/tan/.pico-sdk/sdk/2.1.0/lib/tinyusb/src/portable/raspberrypi/rp2040/rp2040_usb.c.o
 .time_critical.e15_is_bulkin_ep
                0x20000aa0       0x28 CMakeFiles/mario-demo.dir/home/tan/.pico-sdk/sdk/2.1.0/lib/tinyusb/src/portable/raspberrypi/rp2040/rp2040_usb.c.o
 .time_critical.e15_is_critical_frame_period
                0x20000ac8       0x28 CMakeFiles/mario-demo.dir/home/tan/.pico-sdk/sdk/2.1.0/lib/tinyusb/src/portable/raspberrypi/rp2040/rp2040_usb.c.o
 .time_critical.hw_endpoint_reset_transfer
                0x20000af0        0xc CMakeFiles/mario-demo.dir/home/tan/.pico-sdk/sdk/2.1.0/lib/tinyusb/src/portable/raspberrypi/rp2040/rp2040_usb.c.o
                0x20000af0                hw_endpoint_reset_transfer
 .time_critical._hw_endpoint_buffer_control_update32
                0x20000afc       0x44 CMakeFiles/mario-demo.dir/home/tan/.pico-sdk/sdk/2.1.0/lib/tinyusb/src/portable/raspberrypi/rp2040/rp2040_usb.c.o
                0x20000afc                _hw_endpoint_buffer_control_update32
 .time_critical.hw_endpoint_start_next_buffer
                0x20000b40       0x64 CMakeFiles/mario-demo.dir/home/tan/.pico-sdk/sdk/2.1.0/lib/tinyusb/src/portable/raspberrypi/rp2040/rp2040_usb.c.o
                0x20000b40                hw_endpoint_start_next_buffer
 .time_critical.hw_endpoint_xfer_continue
                0x20000ba4       0x3c CMakeFiles/mario-demo.dir/home/tan/.pico-sdk/sdk/2.1.0/lib/tinyusb/src/portable/raspberrypi/rp2040/rp2040_usb.c.o
                0x20000ba4                hw_endpoint_xfer_continue
 .time_critical.tinyusb
                0x20000be0      0x224 CMakeFiles/mario-demo.dir/home/tan/.pico-sdk/sdk/2.1.0/lib/tinyusb/src/device/usbd.c.o
                0x20000be0                dcd_event_handler
 .time_critical.spi_write_blocking
                0x20000e04       0x90 CMakeFiles/mario-demo.dir/home/tan/.pico-sdk/sdk/2.1.0/src/rp2_common/hardware_spi/spi.c.o
                0x20000e04                spi_write_blocking
 *(.text*)
 .text          0x20000e94       0x30 /home/tan/.pico-sdk/toolchain/13_3_Rel1/bin/../lib/gcc/arm-none-eabi/13.3.1/thumb/v8-m.main+fp/softfp/libgcc.a(_aeabi_uldivmod.o)
                0x20000e94                __aeabi_uldivmod
 .text.__udivmoddi4
                0x20000ec4      0x300 /home/tan/.pico-sdk/toolchain/13_3_Rel1/bin/../lib/gcc/arm-none-eabi/13.3.1/thumb/v8-m.main+fp/softfp/libgcc.a(_udivmoddi4.o)
                0x20000ec4                __udivmoddi4
 .text          0x200011c4        0x4 /home/tan/.pico-sdk/toolchain/13_3_Rel1/bin/../lib/gcc/arm-none-eabi/13.3.1/thumb/v8-m.main+fp/softfp/libgcc.a(_dvmd_tls.o)
                0x200011c4                __aeabi_ldiv0
                0x200011c4                __aeabi_idiv0
 .text.__stub   0x200011c8       0x30 linker stubs
                0x200011f8                        . = ALIGN (0x4)
 *(.rodata*)
                0x200011f8                        . = ALIGN (0x4)
 *(.data*)
 .data.striped_spin_lock_num
                0x200011f8        0x1 CMakeFiles/mario-demo.dir/home/tan/.pico-sdk/sdk/2.1.0/src/rp2_common/hardware_sync/sync.c.o
 *fill*         0x200011f9        0x3 
 .data          0x200011fc       0x48 CMakeFiles/mario-demo.dir/home/tan/.pico-sdk/sdk/2.1.0/src/rp2_common/hardware_irq/irq_handler_chain.S.o
                0x200011fc                irq_handler_chain_slots
                0x2000122c                irq_handler_chain_first_slot
                0x20001236                irq_handler_chain_remove_tail
 .data.default_alarm_pool
                0x20001244       0x18 CMakeFiles/mario-demo.dir/home/tan/.pico-sdk/sdk/2.1.0/src/common/pico_time/time.c.o
 .data.stdio_usb
                0x2000125c       0x18 CMakeFiles/mario-demo.dir/home/tan/.pico-sdk/sdk/2.1.0/src/rp2_common/pico_stdio_usb/stdio_usb.c.o
                0x2000125c                stdio_usb
 .data._usbd_qdef
                0x20001274       0x1c CMakeFiles/mario-demo.dir/home/tan/.pico-sdk/sdk/2.1.0/lib/tinyusb/src/device/usbd.c.o
                0x20001274                _usbd_qdef
 .data._usbd_rhport
                0x20001290        0x1 CMakeFiles/mario-demo.dir/home/tan/.pico-sdk/sdk/2.1.0/lib/tinyusb/src/device/usbd.c.o
 *fill*         0x20001291        0x3 
 .data.pFontDedica6x12ptr
                0x20001294        0x4 CMakeFiles/mario-demo.dir/src/st7735/ST7735_TFT_Font.cpp.o
                0x20001294                pFontDedica6x12ptr
 .data.pFontMia8x16ptr
                0x20001298        0x4 CMakeFiles/mario-demo.dir/src/st7735/ST7735_TFT_Font.cpp.o
                0x20001298                pFontMia8x16ptr
 .data.pFontArial16x16ptr
                0x2000129c        0x4 CMakeFiles/mario-demo.dir/src/st7735/ST7735_TFT_Font.cpp.o
                0x2000129c                pFontArial16x16ptr
 .data.pFontArial16x24ptr
                0x200012a0        0x4 CMakeFiles/mario-demo.dir/src/st7735/ST7735_TFT_Font.cpp.o
                0x200012a0                pFontArial16x24ptr
 .data.pFontMedNum16x16ptr
                0x200012a4        0x4 CMakeFiles/mario-demo.dir/src/st7735/ST7735_TFT_Font.cpp.o
                0x200012a4                pFontMedNum16x16ptr
 .data.pFontBigNum16x32ptr
                0x200012a8        0x4 CMakeFiles/mario-demo.dir/src/st7735/ST7735_TFT_Font.cpp.o
                0x200012a8                pFontBigNum16x32ptr
 .data.pFontHomeSpunptr
                0x200012ac        0x4 CMakeFiles/mario-demo.dir/src/st7735/ST7735_TFT_Font.cpp.o
                0x200012ac                pFontHomeSpunptr
 .data.pFontTinyptr
                0x200012b0        0x4 CMakeFiles/mario-demo.dir/src/st7735/ST7735_TFT_Font.cpp.o
                0x200012b0                pFontTinyptr
 .data.pFontWideptr
                0x200012b4        0x4 CMakeFiles/mario-demo.dir/src/st7735/ST7735_TFT_Font.cpp.o
                0x200012b4                pFontWideptr
 .data.pFontSevenSegptr
                0x200012b8        0x4 CMakeFiles/mario-demo.dir/src/st7735/ST7735_TFT_Font.cpp.o
                0x200012b8                pFontSevenSegptr
 .data.pFontThickptr
                0x200012bc        0x4 CMakeFiles/mario-demo.dir/src/st7735/ST7735_TFT_Font.cpp.o
                0x200012bc                pFontThickptr
 .data.pFontDefaultptr
                0x200012c0        0x4 CMakeFiles/mario-demo.dir/src/st7735/ST7735_TFT_Font.cpp.o
                0x200012c0                pFontDefaultptr
 .data.pPipeTR  0x200012c4        0x4 CMakeFiles/mario-demo.dir/src/st7735/ST7735_TFT_Bitmap_Data.cpp.o
                0x200012c4                pPipeTR
 .data.pPipeR   0x200012c8        0x4 CMakeFiles/mario-demo.dir/src/st7735/ST7735_TFT_Bitmap_Data.cpp.o
                0x200012c8                pPipeR
 .data.pPipeTL  0x200012cc        0x4 CMakeFiles/mario-demo.dir/src/st7735/ST7735_TFT_Bitmap_Data.cpp.o
                0x200012cc                pPipeTL
 .data.pPipeL   0x200012d0        0x4 CMakeFiles/mario-demo.dir/src/st7735/ST7735_TFT_Bitmap_Data.cpp.o
                0x200012d0                pPipeL
 .data.pWoodBlock
                0x200012d4        0x4 CMakeFiles/mario-demo.dir/src/st7735/ST7735_TFT_Bitmap_Data.cpp.o
                0x200012d4                pWoodBlock
 .data.pRoBlock1
                0x200012d8        0x4 CMakeFiles/mario-demo.dir/src/st7735/ST7735_TFT_Bitmap_Data.cpp.o
                0x200012d8                pRoBlock1
 .data.pLuckBlock1
                0x200012dc        0x4 CMakeFiles/mario-demo.dir/src/st7735/ST7735_TFT_Bitmap_Data.cpp.o
                0x200012dc                pLuckBlock1
 .data.pGrass   0x200012e0        0x4 CMakeFiles/mario-demo.dir/src/st7735/ST7735_TFT_Bitmap_Data.cpp.o
                0x200012e0                pGrass
 .data.pDirt    0x200012e4        0x4 CMakeFiles/mario-demo.dir/src/st7735/ST7735_TFT_Bitmap_Data.cpp.o
                0x200012e4                pDirt
 .data.pKoopaIdle1
                0x200012e8        0x4 CMakeFiles/mario-demo.dir/src/st7735/ST7735_TFT_Bitmap_Data.cpp.o
                0x200012e8                pKoopaIdle1
 .data.pMarioJumpS2
                0x200012ec        0x4 CMakeFiles/mario-demo.dir/src/st7735/ST7735_TFT_Bitmap_Data.cpp.o
                0x200012ec                pMarioJumpS2
 .data.pMarioJumpS1
                0x200012f0        0x4 CMakeFiles/mario-demo.dir/src/st7735/ST7735_TFT_Bitmap_Data.cpp.o
                0x200012f0                pMarioJumpS1
 .data.pMarioWalkS2
                0x200012f4        0x4 CMakeFiles/mario-demo.dir/src/st7735/ST7735_TFT_Bitmap_Data.cpp.o
                0x200012f4                pMarioWalkS2
 .data.pMarioWalkS1
                0x200012f8        0x4 CMakeFiles/mario-demo.dir/src/st7735/ST7735_TFT_Bitmap_Data.cpp.o
                0x200012f8                pMarioWalkS1
 .data.pMarioIdleS2
                0x200012fc        0x4 CMakeFiles/mario-demo.dir/src/st7735/ST7735_TFT_Bitmap_Data.cpp.o
                0x200012fc                pMarioIdleS2
 .data.pMarioIdleS1
                0x20001300        0x4 CMakeFiles/mario-demo.dir/src/st7735/ST7735_TFT_Bitmap_Data.cpp.o
                0x20001300                pMarioIdleS1
 .data.pSuperMarioWorldTitle
                0x20001304        0x4 CMakeFiles/mario-demo.dir/src/st7735/ST7735_TFT_Bitmap_Data.cpp.o
                0x20001304                pSuperMarioWorldTitle
 *(.sdata*)
                0x20001308                        . = ALIGN (0x4)
 *(.after_data.*)
                0x20001308                        . = ALIGN (0x4)
                0x20001308                        PROVIDE (__mutex_array_start = .)
 *(SORT_BY_NAME(.mutex_array.*))
 *(.mutex_array)
 .mutex_array   0x20001308        0x8 CMakeFiles/mario-demo.dir/home/tan/.pico-sdk/sdk/2.1.0/src/rp2_common/pico_malloc/malloc.c.o
 .mutex_array   0x20001310        0x8 CMakeFiles/mario-demo.dir/home/tan/.pico-sdk/sdk/2.1.0/src/rp2_common/pico_stdio/stdio.c.o
                0x20001318                        PROVIDE (__mutex_array_end = .)
 *(.jcr)
                0x20001318                        . = ALIGN (0x4)

.tm_clone_table
                0x20001318        0x0 load address 0x1001bb7c
 .tm_clone_table
                0x20001318        0x0 /home/tan/.pico-sdk/toolchain/13_3_Rel1/bin/../lib/gcc/arm-none-eabi/13.3.1/thumb/v8-m.main+fp/softfp/crtbegin.o
 .tm_clone_table
                0x20001318        0x0 /home/tan/.pico-sdk/toolchain/13_3_Rel1/bin/../lib/gcc/arm-none-eabi/13.3.1/thumb/v8-m.main+fp/softfp/crtend.o

.igot.plt       0x20001318        0x0 load address 0x1001bb7c
 .igot.plt      0x20001318        0x0 /home/tan/.pico-sdk/toolchain/13_3_Rel1/bin/../lib/gcc/arm-none-eabi/13.3.1/thumb/v8-m.main+fp/softfp/crtbegin.o

.tdata          0x20001318        0x0 load address 0x1001bb7c
                0x20001318                        . = ALIGN (0x4)
 *(.tdata .tdata.* .gnu.linkonce.td.*)
                0x20001318                        __tdata_end = .
                0x20001318                        PROVIDE (__data_end__ = .)
                0x1001a974                        __etext = LOADADDR (.data)

.tbss           0x20001318        0x0 load address 0x1001bb7c
                0x20001318                        . = ALIGN (0x4)
                0x20001318                        __bss_start__ = .
                0x20001318                        __tls_base = .
 *(.tbss .tbss.* .gnu.linkonce.tb.*)
 *(.tcommon)
                0x20001318                        __tls_end = .

.bss            0x20001318      0xde0 load address 0x1001bb7c
                0x20001318                        . = ALIGN (0x4)
                0x20001318                        __tbss_end = .
 *(SORT_BY_ALIGNMENT(SORT_BY_NAME(.bss*)))
 .bss._cdcd_itf
                0x20001318      0x2c8 CMakeFiles/mario-demo.dir/home/tan/.pico-sdk/sdk/2.1.0/lib/tinyusb/src/class/cdc/cdc_device.c.o
 .bss.default_alarm_pool_entries
                0x200015e0      0x180 CMakeFiles/mario-demo.dir/home/tan/.pico-sdk/sdk/2.1.0/src/common/pico_time/time.c.o
 .bss.last_avail_time.1
                0x20001760        0x8 CMakeFiles/mario-demo.dir/home/tan/.pico-sdk/sdk/2.1.0/src/rp2_common/pico_stdio_usb/stdio_usb.c.o
 .bss._app_driver
                0x20001768        0x4 CMakeFiles/mario-demo.dir/home/tan/.pico-sdk/sdk/2.1.0/lib/tinyusb/src/device/usbd.c.o
 .bss._cdcd_fifo_cfg
                0x2000176c        0x1 CMakeFiles/mario-demo.dir/home/tan/.pico-sdk/sdk/2.1.0/lib/tinyusb/src/class/cdc/cdc_device.c.o
 *fill*         0x2000176d        0x3 
 .bss._ctrl_xfer
                0x20001770       0x14 CMakeFiles/mario-demo.dir/home/tan/.pico-sdk/sdk/2.1.0/lib/tinyusb/src/device/usbd_control.c.o
 .bss._sw_spin_locks
                0x20001784       0x20 CMakeFiles/mario-demo.dir/home/tan/.pico-sdk/sdk/2.1.0/src/rp2_common/hardware_sync_spin_lock/sync_spin_lock.c.o
                0x20001784                _sw_spin_locks
 .bss._ubsd_mutexdef
                0x200017a4        0x8 CMakeFiles/mario-demo.dir/home/tan/.pico-sdk/sdk/2.1.0/lib/tinyusb/src/device/usbd.c.o
 .bss._usbd_ctrl_buf
                0x200017ac       0x40 CMakeFiles/mario-demo.dir/home/tan/.pico-sdk/sdk/2.1.0/lib/tinyusb/src/device/usbd_control.c.o
 .bss._usbd_dev
                0x200017ec       0x54 CMakeFiles/mario-demo.dir/home/tan/.pico-sdk/sdk/2.1.0/lib/tinyusb/src/device/usbd.c.o
 .bss._usbd_mutex
                0x20001840        0x4 CMakeFiles/mario-demo.dir/home/tan/.pico-sdk/sdk/2.1.0/lib/tinyusb/src/device/usbd.c.o
 .bss._usbd_q   0x20001844        0x4 CMakeFiles/mario-demo.dir/home/tan/.pico-sdk/sdk/2.1.0/lib/tinyusb/src/device/usbd.c.o
 .bss._usbd_qdef_buf
                0x20001848       0xc0 CMakeFiles/mario-demo.dir/home/tan/.pico-sdk/sdk/2.1.0/lib/tinyusb/src/device/usbd.c.o