Archive member included to satisfy reference by file (symbol)

/home/tan/.pico-sdk/toolchain/RISCV_RPI_2_0_0_5/bin/../lib/gcc/riscv32-unknown-elf/14.2.1/rv32imac_zicsr_zifencei_zba_zbb_zbkb_zbs/ilp32/libgcc.a(_divdi3.o)
                              CMakeFiles/sonic-song.dir/home/tan/.pico-sdk/sdk/2.1.0/src/common/pico_time/time.c.o (__divdi3)
/home/tan/.pico-sdk/toolchain/RISCV_RPI_2_0_0_5/bin/../lib/gcc/riscv32-unknown-elf/14.2.1/rv32imac_zicsr_zifencei_zba_zbb_zbkb_zbs/ilp32/libgcc.a(_moddi3.o)
                              CMakeFiles/sonic-song.dir/home/tan/.pico-sdk/sdk/2.1.0/src/common/pico_util/datetime.c.o (__moddi3)
/home/tan/.pico-sdk/toolchain/RISCV_RPI_2_0_0_5/bin/../lib/gcc/riscv32-unknown-elf/14.2.1/rv32imac_zicsr_zifencei_zba_zbb_zbkb_zbs/ilp32/libgcc.a(_udivdi3.o)
                              CMakeFiles/sonic-song.dir/home/tan/.pico-sdk/sdk/2.1.0/src/rp2_common/hardware_clocks/clocks.c.o (__udivdi3)
/home/tan/.pico-sdk/toolchain/RISCV_RPI_2_0_0_5/bin/../lib/gcc/riscv32-unknown-elf/14.2.1/rv32imac_zicsr_zifencei_zba_zbb_zbkb_zbs/ilp32/libgcc.a(_umoddi3.o)
                              CMakeFiles/sonic-song.dir/home/tan/.pico-sdk/sdk/2.1.0/src/rp2_common/pico_divider/divider_compiler.c.o (__umoddi3)
/home/tan/.pico-sdk/toolchain/RISCV_RPI_2_0_0_5/bin/../lib/gcc/riscv32-unknown-elf/14.2.1/rv32imac_zicsr_zifencei_zba_zbb_zbkb_zbs/ilp32/libgcc.a(adddf3.o)
                              CMakeFiles/sonic-song.dir/home/tan/.pico-sdk/sdk/2.1.0/src/rp2_common/pico_printf/printf.c.o (__adddf3)
/home/tan/.pico-sdk/toolchain/RISCV_RPI_2_0_0_5/bin/../lib/gcc/riscv32-unknown-elf/14.2.1/rv32imac_zicsr_zifencei_zba_zbb_zbkb_zbs/ilp32/libgcc.a(divdf3.o)
                              CMakeFiles/sonic-song.dir/home/tan/.pico-sdk/sdk/2.1.0/src/rp2_common/pico_printf/printf.c.o (__divdf3)
/home/tan/.pico-sdk/toolchain/RISCV_RPI_2_0_0_5/bin/../lib/gcc/riscv32-unknown-elf/14.2.1/rv32imac_zicsr_zifencei_zba_zbb_zbkb_zbs/ilp32/libgcc.a(gedf2.o)
                              CMakeFiles/sonic-song.dir/home/tan/.pico-sdk/sdk/2.1.0/src/rp2_common/pico_printf/printf.c.o (__gedf2)
/home/tan/.pico-sdk/toolchain/RISCV_RPI_2_0_0_5/bin/../lib/gcc/riscv32-unknown-elf/14.2.1/rv32imac_zicsr_zifencei_zba_zbb_zbkb_zbs/ilp32/libgcc.a(ledf2.o)
                              CMakeFiles/sonic-song.dir/home/tan/.pico-sdk/sdk/2.1.0/src/rp2_common/pico_printf/printf.c.o (__ledf2)
/home/tan/.pico-sdk/toolchain/RISCV_RPI_2_0_0_5/bin/../lib/gcc/riscv32-unknown-elf/14.2.1/rv32imac_zicsr_zifencei_zba_zbb_zbkb_zbs/ilp32/libgcc.a(muldf3.o)
                              CMakeFiles/sonic-song.dir/home/tan/.pico-sdk/sdk/2.1.0/src/rp2_common/pico_printf/printf.c.o (__muldf3)
/home/tan/.pico-sdk/toolchain/RISCV_RPI_2_0_0_5/bin/../lib/gcc/riscv32-unknown-elf/14.2.1/rv32imac_zicsr_zifencei_zba_zbb_zbkb_zbs/ilp32/libgcc.a(subdf3.o)
                              CMakeFiles/sonic-song.dir/home/tan/.pico-sdk/sdk/2.1.0/src/rp2_common/pico_printf/printf.c.o (__subdf3)
/home/tan/.pico-sdk/toolchain/RISCV_RPI_2_0_0_5/bin/../lib/gcc/riscv32-unknown-elf/14.2.1/rv32imac_zicsr_zifencei_zba_zbb_zbkb_zbs/ilp32/libgcc.a(unorddf2.o)
                              CMakeFiles/sonic-song.dir/home/tan/.pico-sdk/sdk/2.1.0/src/rp2_common/pico_printf/printf.c.o (__unorddf2)
/home/tan/.pico-sdk/toolchain/RISCV_RPI_2_0_0_5/bin/../lib/gcc/riscv32-unknown-elf/14.2.1/rv32imac_zicsr_zifencei_zba_zbb_zbkb_zbs/ilp32/libgcc.a(fixdfsi.o)
                              CMakeFiles/sonic-song.dir/home/tan/.pico-sdk/sdk/2.1.0/src/rp2_common/pico_printf/printf.c.o (__fixdfsi)
/home/tan/.pico-sdk/toolchain/RISCV_RPI_2_0_0_5/bin/../lib/gcc/riscv32-unknown-elf/14.2.1/rv32imac_zicsr_zifencei_zba_zbb_zbkb_zbs/ilp32/libgcc.a(fixunsdfsi.o)
                              CMakeFiles/sonic-song.dir/home/tan/.pico-sdk/sdk/2.1.0/src/rp2_common/pico_printf/printf.c.o (__fixunsdfsi)
/home/tan/.pico-sdk/toolchain/RISCV_RPI_2_0_0_5/bin/../lib/gcc/riscv32-unknown-elf/14.2.1/rv32imac_zicsr_zifencei_zba_zbb_zbkb_zbs/ilp32/libgcc.a(floatsidf.o)
                              CMakeFiles/sonic-song.dir/home/tan/.pico-sdk/sdk/2.1.0/src/rp2_common/pico_printf/printf.c.o (__floatsidf)
/home/tan/.pico-sdk/toolchain/RISCV_RPI_2_0_0_5/bin/../lib/gcc/riscv32-unknown-elf/14.2.1/rv32imac_zicsr_zifencei_zba_zbb_zbkb_zbs/ilp32/libgcc.a(floatunsidf.o)
                              CMakeFiles/sonic-song.dir/home/tan/.pico-sdk/sdk/2.1.0/src/rp2_common/pico_printf/printf.c.o (__floatunsidf)
/home/tan/.pico-sdk/toolchain/RISCV_RPI_2_0_0_5/bin/../lib/gcc/riscv32-unknown-elf/14.2.1/rv32imac_zicsr_zifencei_zba_zbb_zbkb_zbs/ilp32/libgcc.a(divsf3.o)
                              CMakeFiles/sonic-song.dir/sonic-song.c.o (__divsf3)
/home/tan/.pico-sdk/toolchain/RISCV_RPI_2_0_0_5/bin/../lib/gcc/riscv32-unknown-elf/14.2.1/rv32imac_zicsr_zifencei_zba_zbb_zbkb_zbs/ilp32/libgcc.a(fixunssfsi.o)
                              CMakeFiles/sonic-song.dir/sonic-song.c.o (__fixunssfsi)
[...]
Memory Configuration

Name             Origin             Length             Attributes
FLASH            0x10000000         0x00400000         xr
RAM              0x20000000         0x00080000         xrw
SCRATCH_X        0x20080000         0x00001000         xrw
SCRATCH_Y        0x20081000         0x00001000         xrw
*default*        0x00000000         0xffffffff

Linker script and memory map

LOAD /home/tan/.pico-sdk/toolchain/RISCV_RPI_2_0_0_5/bin/../lib/gcc/riscv32-unknown-elf/14.2.1/../../../../riscv32-unknown-elf/lib/rv32imac_zicsr_zifencei_zba_zbb_zbkb_zbs/ilp32/crt0.o
LOAD /home/tan/.pico-sdk/toolchain/RISCV_RPI_2_0_0_5/bin/../lib/gcc/riscv32-unknown-elf/14.2.1/rv32imac_zicsr_zifencei_zba_zbb_zbkb_zbs/ilp32/crtbegin.o

.flash_begin    0x10000000        0x0
                0x10000000                        __flash_binary_start = .

.text           0x10000000     0x15a4
                0x10000000                        __logical_binary_start = .
 *(.vectors)
 *(.binary_info_header)
 .binary_info_header
                0x10000000       0x14 CMakeFiles/sonic-song.dir/home/tan/.pico-sdk/sdk/2.1.0/src/rp2_common/pico_crt0/crt0_riscv.S.o
                0x10000014                        __binary_info_header_end = .
 *(.embedded_block)
 .embedded_block
                0x10000014       0x20 CMakeFiles/sonic-song.dir/home/tan/.pico-sdk/sdk/2.1.0/src/rp2_common/pico_crt0/crt0_riscv.S.o
                0x10000034                        __embedded_block_end = .
 *(.reset)
 .reset         0x10000034       0xa2 CMakeFiles/sonic-song.dir/home/tan/.pico-sdk/sdk/2.1.0/src/rp2_common/pico_crt0/crt0_riscv.S.o
                0x10000034                _entry_point
 *(.init)
 *libgcc.a:cmse_nonsecure_call.o()
 *(EXCLUDE_FILE(*libm.a: *libc.a:*lib_a-mem*.o *libgcc.a:) .text*)
 .text          0x100000d6       0x54 /home/tan/.pico-sdk/toolchain/RISCV_RPI_2_0_0_5/bin/../lib/gcc/riscv32-unknown-elf/14.2.1/rv32imac_zicsr_zifencei_zba_zbb_zbkb_zbs/ilp32/crtbegin.o
 .text.startup.main
                0x1000012a      0x102 CMakeFiles/sonic-song.dir/sonic-song.c.o
                0x1000012a                main
 .text.gpio_set_function
                0x1000022c       0x30 CMakeFiles/sonic-song.dir/home/tan/.pico-sdk/sdk/2.1.0/src/rp2_common/hardware_gpio/gpio.c.o
                0x1000022c                gpio_set_function
 .text.panic    0x1000025c       0x40 CMakeFiles/sonic-song.dir/home/tan/.pico-sdk/sdk/2.1.0/src/rp2_common/pico_platform_panic/panic.c.o
                0x1000025c                panic
 .text.hw_claim_or_assert
                0x1000029c       0x66 CMakeFiles/sonic-song.dir/home/tan/.pico-sdk/sdk/2.1.0/src/common/hardware_claim/claim.c.o
                0x1000029c                hw_claim_or_assert
 .text.next_striped_spin_lock_num
                0x10000302       0x1e CMakeFiles/sonic-song.dir/home/tan/.pico-sdk/sdk/2.1.0/src/rp2_common/hardware_sync/sync.c.o
                0x10000302                next_striped_spin_lock_num
 .text.spin_locks_reset
                0x10000320       0x22 CMakeFiles/sonic-song.dir/home/tan/.pico-sdk/sdk/2.1.0/src/rp2_common/hardware_sync_spin_lock/sync_spin_lock.c.o
                0x10000320                spin_locks_reset
 .text.runtime_init_per_core_irq_priorities
                0x10000342       0x34 CMakeFiles/sonic-song.dir/home/tan/.pico-sdk/sdk/2.1.0/src/rp2_common/hardware_irq/irq.c.o
                0x10000342                runtime_init_per_core_irq_priorities
 .text.irq_set_enabled
                0x10000376       0x36 CMakeFiles/sonic-song.dir/home/tan/.pico-sdk/sdk/2.1.0/src/rp2_common/hardware_irq/irq.c.o
                0x10000376                irq_set_enabled
 .text.irq_set_exclusive_handler
                0x100003ac       0x88 CMakeFiles/sonic-song.dir/home/tan/.pico-sdk/sdk/2.1.0/src/rp2_common/hardware_irq/irq.c.o
                0x100003ac                irq_set_exclusive_handler
 .text.lock_init
                0x10000434        0xe CMakeFiles/sonic-song.dir/home/tan/.pico-sdk/sdk/2.1.0/src/common/pico_sync/lock_core.c.o
                0x10000434                lock_init
 .text.runtime_init_mutex
                0x10000442       0x6a CMakeFiles/sonic-song.dir/home/tan/.pico-sdk/sdk/2.1.0/src/common/pico_sync/mutex.c.o
                0x10000442                runtime_init_mutex
 .text.sleep_until_callback
                0x100004ac       0x40 CMakeFiles/sonic-song.dir/home/tan/.pico-sdk/sdk/2.1.0/src/common/pico_time/time.c.o
 .text.alarm_pool_irq_handler
                0x100004ec      0x39a CMakeFiles/sonic-song.dir/home/tan/.pico-sdk/sdk/2.1.0/src/common/pico_time/time.c.o
 .text.runtime_init_default_alarm_pool
                0x10000886      0x10c CMakeFiles/sonic-song.dir/home/tan/.pico-sdk/sdk/2.1.0/src/common/pico_time/time.c.o
                0x10000886                runtime_init_default_alarm_pool
 .text.alarm_pool_add_alarm_at_force_in_context
                0x10000992       0xe0 CMakeFiles/sonic-song.dir/home/tan/.pico-sdk/sdk/2.1.0/src/common/pico_time/time.c.o
                0x10000992                alarm_pool_add_alarm_at_force_in_context
 .text.alarm_pool_cancel_alarm
                0x10000a72       0x90 CMakeFiles/sonic-song.dir/home/tan/.pico-sdk/sdk/2.1.0/src/common/pico_time/time.c.o
                0x10000a72                alarm_pool_cancel_alarm
 .text.sleep_ms
                0x10000b02      0x116 CMakeFiles/sonic-song.dir/home/tan/.pico-sdk/sdk/2.1.0/src/common/pico_time/time.c.o
                0x10000b02                sleep_ms
 .text.best_effort_wfe_or_timeout
                0x10000c18      0x136 CMakeFiles/sonic-song.dir/home/tan/.pico-sdk/sdk/2.1.0/src/common/pico_time/time.c.o
                0x10000c18                best_effort_wfe_or_timeout
 .text.timer_hardware_alarm_claim
                0x10000d4e       0x20 CMakeFiles/sonic-song.dir/home/tan/.pico-sdk/sdk/2.1.0/src/rp2_common/hardware_timer/timer.c.o
                0x10000d4e                timer_hardware_alarm_claim
 .text.timer_time_us_64
                0x10000d6e       0x10 CMakeFiles/sonic-song.dir/home/tan/.pico-sdk/sdk/2.1.0/src/rp2_common/hardware_timer/timer.c.o
                0x10000d6e                timer_time_us_64
 .text.time_us_64
                0x10000d7e       0x12 CMakeFiles/sonic-song.dir/home/tan/.pico-sdk/sdk/2.1.0/src/rp2_common/hardware_timer/timer.c.o
                0x10000d7e                time_us_64
 .text.busy_wait_until
                0x10000d90       0x22 CMakeFiles/sonic-song.dir/home/tan/.pico-sdk/sdk/2.1.0/src/rp2_common/hardware_timer/timer.c.o
                0x10000d90                busy_wait_until
 *fill*         0x10000db2        0x2 
 .text.clock_configure_undivided
                0x10000db4       0xd4 CMakeFiles/sonic-song.dir/home/tan/.pico-sdk/sdk/2.1.0/src/rp2_common/hardware_clocks/clocks.c.o
                0x10000db4                clock_configure_undivided
 .text.clock_get_hz
                0x10000e88       0x10 CMakeFiles/sonic-song.dir/home/tan/.pico-sdk/sdk/2.1.0/src/rp2_common/hardware_clocks/clocks.c.o
                0x10000e88                clock_get_hz
 .text.pll_init
                0x10000e98       0x8a CMakeFiles/sonic-song.dir/home/tan/.pico-sdk/sdk/2.1.0/src/rp2_common/hardware_pll/pll.c.o
                0x10000e98                pll_init
 .text.tick_start
                0x10000f22       0x14 CMakeFiles/sonic-song.dir/home/tan/.pico-sdk/sdk/2.1.0/src/rp2_common/hardware_ticks/ticks.c.o
                0x10000f22                tick_start
 .text.rom_func_lookup
                0x10000f36        0xe CMakeFiles/sonic-song.dir/home/tan/.pico-sdk/sdk/2.1.0/src/rp2_common/pico_bootrom/bootrom.c.o
                0x10000f36                rom_func_lookup
 .text.runtime_init_bootrom_locking_enable
                0x10000f44       0x12 CMakeFiles/sonic-song.dir/home/tan/.pico-sdk/sdk/2.1.0/src/rp2_common/pico_bootrom/bootrom_lock.c.o
                0x10000f44                runtime_init_bootrom_locking_enable
 .text.runtime_init_boot_locks_reset
                0x10000f56       0x1e CMakeFiles/sonic-song.dir/home/tan/.pico-sdk/sdk/2.1.0/src/rp2_common/hardware_boot_lock/boot_lock.c.o
                0x10000f56                runtime_init_boot_locks_reset
 .text.xosc_init
                0x10000f74       0x24 CMakeFiles/sonic-song.dir/home/tan/.pico-sdk/sdk/2.1.0/src/rp2_common/hardware_xosc/xosc.c.o
                0x10000f74                xosc_init
 .text.first_per_core_initializer
                0x10000f98        0x2 CMakeFiles/sonic-song.dir/home/tan/.pico-sdk/sdk/2.1.0/src/rp2_common/pico_runtime/runtime.c.o
 .text.hard_assertion_failure
                0x10000f9a       0x10 CMakeFiles/sonic-song.dir/home/tan/.pico-sdk/sdk/2.1.0/src/rp2_common/pico_runtime/runtime.c.o
                0x10000f9a                hard_assertion_failure
 .text.runtime_run_initializers
                0x10000faa       0x34 CMakeFiles/sonic-song.dir/home/tan/.pico-sdk/sdk/2.1.0/src/rp2_common/pico_runtime/runtime.c.o
                0x10000faa                runtime_run_initializers
 .text.runtime_init_early_resets
                0x10000fde       0x2a CMakeFiles/sonic-song.dir/home/tan/.pico-sdk/sdk/2.1.0/src/rp2_common/pico_runtime_init/runtime_init.c.o
                0x10000fde                runtime_init_early_resets
 .text.runtime_init_usb_power_down
                0x10001008       0x1a CMakeFiles/sonic-song.dir/home/tan/.pico-sdk/sdk/2.1.0/src/rp2_common/pico_runtime_init/runtime_init.c.o
                0x10001008                runtime_init_usb_power_down
 .text.runtime_init_post_clock_resets
                0x10001022       0x1c CMakeFiles/sonic-song.dir/home/tan/.pico-sdk/sdk/2.1.0/src/rp2_common/pico_runtime_init/runtime_init.c.o
                0x10001022                runtime_init_post_clock_resets
 .text.runtime_init_bootrom_reset
                0x1000103e       0x16 CMakeFiles/sonic-song.dir/home/tan/.pico-sdk/sdk/2.1.0/src/rp2_common/pico_runtime_init/runtime_init.c.o
                0x1000103e                runtime_init_bootrom_reset
 .text.runtime_init_per_core_bootrom_reset
                0x10001054       0x16 CMakeFiles/sonic-song.dir/home/tan/.pico-sdk/sdk/2.1.0/src/rp2_common/pico_runtime_init/runtime_init.c.o
                0x10001054                runtime_init_per_core_bootrom_reset
 .text.runtime_init_spin_locks_reset
                0x1000106a        0x4 CMakeFiles/sonic-song.dir/home/tan/.pico-sdk/sdk/2.1.0/src/rp2_common/pico_runtime_init/runtime_init.c.o
                0x1000106a                runtime_init_spin_locks_reset
 .text.runtime_init_clocks
                0x1000106e       0xec CMakeFiles/sonic-song.dir/home/tan/.pico-sdk/sdk/2.1.0/src/rp2_common/pico_runtime_init/runtime_init_clocks.c.o
                0x1000106e                runtime_init_clocks
 .text._out_char
                0x1000115a        0x6 CMakeFiles/sonic-song.dir/home/tan/.pico-sdk/sdk/2.1.0/src/rp2_common/pico_printf/printf.c.o
 .text.weak_raw_vprintf
                0x10001160       0x32 CMakeFiles/sonic-song.dir/home/tan/.pico-sdk/sdk/2.1.0/src/rp2_common/pico_printf/printf.c.o
                0x10001160                weak_raw_vprintf
 .text          0x10001192       0x20 CMakeFiles/sonic-song.dir/home/tan/.pico-sdk/sdk/2.1.0/src/rp2_common/pico_crt0/crt0_riscv.S.o
                0x10001192                runtime_init_per_core_h3_irq_registers
 .text._exit    0x100011b2        0x4 CMakeFiles/sonic-song.dir/home/tan/.pico-sdk/sdk/2.1.0/src/rp2_common/pico_clib_interface/newlib_interface.c.o
                0x100011b2                _exit
 .text.exit     0x100011b6        0x6 CMakeFiles/sonic-song.dir/home/tan/.pico-sdk/sdk/2.1.0/src/rp2_common/pico_clib_interface/newlib_interface.c.o
                0x100011b6                exit
 .text.runtime_init
                0x100011bc       0x36 CMakeFiles/sonic-song.dir/home/tan/.pico-sdk/sdk/2.1.0/src/rp2_common/pico_clib_interface/newlib_interface.c.o
                0x100011bc                runtime_init
 .text.stdio_out_chars_no_crlf
                0x100011f2        0x8 CMakeFiles/sonic-song.dir/home/tan/.pico-sdk/sdk/2.1.0/src/rp2_common/pico_stdio/stdio.c.o
 .text.stdio_out_chars_crlf
                0x100011fa       0xf0 CMakeFiles/sonic-song.dir/home/tan/.pico-sdk/sdk/2.1.0/src/rp2_common/pico_stdio/stdio.c.o
 .text.stdio_put_string
                0x100012ea       0xfc CMakeFiles/sonic-song.dir/home/tan/.pico-sdk/sdk/2.1.0/src/rp2_common/pico_stdio/stdio.c.o
                0x100012ea                stdio_put_string
 .text.__wrap_putchar
                0x100013e6       0xa2 CMakeFiles/sonic-song.dir/home/tan/.pico-sdk/sdk/2.1.0/src/rp2_common/pico_stdio/stdio.c.o
                0x100013e6                stdio_putchar
                0x100013e6                __wrap_putchar
 .text.__wrap_puts
                0x10001488       0x44 CMakeFiles/sonic-song.dir/home/tan/.pico-sdk/sdk/2.1.0/src/rp2_common/pico_stdio/stdio.c.o
                0x10001488                __wrap_puts
                0x10001488                stdio_puts
 .text.startup._retrieve_unique_id_on_boot
                0x100014cc       0x32 CMakeFiles/sonic-song.dir/home/tan/.pico-sdk/sdk/2.1.0/src/rp2_common/pico_unique_id/unique_id.c.o
 .text.strlen   0x100014fe       0x64 /home/tan/.pico-sdk/toolchain/RISCV_RPI_2_0_0_5/bin/../lib/gcc/riscv32-unknown-elf/14.2.1/../../../../riscv32-unknown-elf/lib/rv32imac_zicsr_zifencei_zba_zbb_zbkb_zbs/ilp32/libc.a(libc_a-strlen.o)
                0x100014fe                strlen
 *(.fini)
 *crtbegin.o(.ctors)
 *crtbegin?.o(.ctors)
 *(EXCLUDE_FILE(*crtend.o *crtend?.o) .ctors)
 *(SORT_BY_NAME(.ctors.*))
 *(.ctors)
 *crtbegin.o(.dtors)
 *crtbegin?.o(.dtors)
 *(EXCLUDE_FILE(*crtend.o *crtend?.o) .dtors)
 *(SORT_BY_NAME(.dtors.*))
 *(.dtors)
                0x10001564                        . = ALIGN (0x4)
 *fill*         0x10001562        0x2 
                0x10001564                        PROVIDE (__preinit_array_start = .)
 *(SORT_BY_NAME(.preinit_array.*))
 .preinit_array.00050
                0x10001564        0x4 CMakeFiles/sonic-song.dir/home/tan/.pico-sdk/sdk/2.1.0/src/rp2_common/pico_runtime_init/runtime_init.c.o
                0x10001564                __pre_init_runtime_init_bootrom_reset
 .preinit_array.00100
                0x10001568        0x4 CMakeFiles/sonic-song.dir/home/tan/.pico-sdk/sdk/2.1.0/src/rp2_common/pico_runtime_init/runtime_init.c.o
                0x10001568                __pre_init_runtime_init_early_resets
 .preinit_array.00101
                0x1000156c        0x4 CMakeFiles/sonic-song.dir/home/tan/.pico-sdk/sdk/2.1.0/src/rp2_common/pico_runtime_init/runtime_init.c.o
                0x1000156c                __pre_init_runtime_init_usb_power_down
 .preinit_array.00500
                0x10001570        0x4 CMakeFiles/sonic-song.dir/home/tan/.pico-sdk/sdk/2.1.0/src/rp2_common/pico_runtime_init/runtime_init.c.o
                0x10001570                __pre_init_runtime_init_clocks
 .preinit_array.00600
                0x10001574        0x4 CMakeFiles/sonic-song.dir/home/tan/.pico-sdk/sdk/2.1.0/src/rp2_common/pico_runtime_init/runtime_init.c.o
                0x10001574                __pre_init_runtime_init_post_clock_resets
 .preinit_array.01000
                0x10001578        0x4 CMakeFiles/sonic-song.dir/home/tan/.pico-sdk/sdk/2.1.0/src/rp2_common/hardware_boot_lock/boot_lock.c.o
                0x10001578                __pre_init_runtime_init_boot_locks_reset
 .preinit_array.01000
                0x1000157c        0x4 CMakeFiles/sonic-song.dir/home/tan/.pico-sdk/sdk/2.1.0/src/rp2_common/pico_runtime_init/runtime_init.c.o
                0x1000157c                __pre_init_runtime_init_spin_locks_reset
 .preinit_array.01010
                0x10001580        0x4 CMakeFiles/sonic-song.dir/home/tan/.pico-sdk/sdk/2.1.0/src/rp2_common/pico_bootrom/bootrom_lock.c.o
                0x10001580                __pre_init_runtime_init_bootrom_locking_enable
 .preinit_array.01100
                0x10001584        0x4 CMakeFiles/sonic-song.dir/home/tan/.pico-sdk/sdk/2.1.0/src/common/pico_sync/mutex.c.o
                0x10001584                __pre_init_runtime_init_mutex
 .preinit_array.11000
                0x10001588        0x4 CMakeFiles/sonic-song.dir/home/tan/.pico-sdk/sdk/2.1.0/src/common/pico_time/time.c.o
                0x10001588                __pre_init_runtime_init_default_alarm_pool
 .preinit_array.YYYYY
                0x1000158c        0x4 CMakeFiles/sonic-song.dir/home/tan/.pico-sdk/sdk/2.1.0/src/rp2_common/pico_runtime/runtime.c.o
                0x1000158c                __pre_init_first_per_core_initializer
 .preinit_array.ZZZZZ.00051
                0x10001590        0x4 CMakeFiles/sonic-song.dir/home/tan/.pico-sdk/sdk/2.1.0/src/rp2_common/pico_runtime_init/runtime_init.c.o
                0x10001590                __pre_init_runtime_init_per_core_bootrom_reset
 .preinit_array.ZZZZZ.00060
                0x10001594        0x4 CMakeFiles/sonic-song.dir/home/tan/.pico-sdk/sdk/2.1.0/src/rp2_common/pico_runtime_init/runtime_init.c.o
                0x10001594                __pre_init_runtime_init_per_core_h3_irq_registers
 .preinit_array.ZZZZZ.01200
                0x10001598        0x4 CMakeFiles/sonic-song.dir/home/tan/.pico-sdk/sdk/2.1.0/src/rp2_common/hardware_irq/irq.c.o
                0x10001598                __pre_init_runtime_init_per_core_irq_priorities
 *(.preinit_array)
                0x1000159c                        PROVIDE (__preinit_array_end = .)
                0x1000159c                        . = ALIGN (0x4)
                0x1000159c                        PROVIDE (__init_array_start = .)
 *(SORT_BY_NAME(.init_array.*))
 *(.init_array)
 .init_array    0x1000159c        0x4 /home/tan/.pico-sdk/toolchain/RISCV_RPI_2_0_0_5/bin/../lib/gcc/riscv32-unknown-elf/14.2.1/rv32imac_zicsr_zifencei_zba_zbb_zbkb_zbs/ilp32/crtbegin.o
 .init_array    0x100015a0        0x4 CMakeFiles/sonic-song.dir/home/tan/.pico-sdk/sdk/2.1.0/src/rp2_common/pico_unique_id/unique_id.c.o
                0x100015a4                        PROVIDE (__init_array_end = .)
                0x100015a4                        . = ALIGN (0x4)
                [!provide]                        PROVIDE (__fini_array_start = .)
 *(SORT_BY_NAME(.fini_array.*))
 *(.fini_array)
                [!provide]                        PROVIDE (__fini_array_end = .)
 *(.eh_frame*)
 .eh_frame      0x100015a4        0x0 /home/tan/.pico-sdk/toolchain/RISCV_RPI_2_0_0_5/bin/../lib/gcc/riscv32-unknown-elf/14.2.1/rv32imac_zicsr_zifencei_zba_zbb_zbkb_zbs/ilp32/crtbegin.o
                0x100015a4                        . = ALIGN (0x4)

.boot2          0x100015a4        0x0
                0x100015a4                        __boot2_start__ = .
 *(.boot2)
                0x100015a4                        __boot2_end__ = .
                0x00000001                        ASSERT (((__boot2_end__ - __boot2_start__) <= 0x100), ERROR: Pico second stage bootloader must be no more than 256 bytes in size)

.rodata         0x100015a4      0x360
 *(EXCLUDE_FILE(*libm.a: *libc.a:*lib_a-mem*.o *libgcc.a:) .rodata*)
 .rodata.noteDurations
                0x100015a4      0x138 CMakeFiles/sonic-song.dir/sonic-song.c.o
                0x100015a4                noteDurations
 .rodata.melody
                0x100016dc      0x138 CMakeFiles/sonic-song.dir/sonic-song.c.o
                0x100016dc                melody
 .rodata.panic.str1.4
                0x10001814       0x88 CMakeFiles/sonic-song.dir/home/tan/.pico-sdk/sdk/2.1.0/src/rp2_common/pico_platform_panic/panic.c.o
                                 0x12 (size before relaxing)
 .rodata.timer_hardware_alarm_claim.str1.4
                0x1000189c       0x22 CMakeFiles/sonic-song.dir/home/tan/.pico-sdk/sdk/2.1.0/src/rp2_common/hardware_timer/timer.c.o
 .rodata.hard_assertion_failure.str1.4
                0x1000189c        0xc CMakeFiles/sonic-song.dir/home/tan/.pico-sdk/sdk/2.1.0/src/rp2_common/pico_runtime/runtime.c.o
 .rodata.str1.4
                0x1000189c       0x44 CMakeFiles/sonic-song.dir/home/tan/.pico-sdk/sdk/2.1.0/src/rp2_common/pico_standard_binary_info/standard_binary_info.c.o
 .rodata.__bi_84
                0x1000189c        0xc CMakeFiles/sonic-song.dir/home/tan/.pico-sdk/sdk/2.1.0/src/rp2_common/pico_standard_binary_info/standard_binary_info.c.o
 .rodata.__bi_78
                0x100018a8        0xc CMakeFiles/sonic-song.dir/home/tan/.pico-sdk/sdk/2.1.0/src/rp2_common/pico_standard_binary_info/standard_binary_info.c.o
 .rodata.__bi_60
                0x100018b4        0xc CMakeFiles/sonic-song.dir/home/tan/.pico-sdk/sdk/2.1.0/src/rp2_common/pico_standard_binary_info/standard_binary_info.c.o
 .rodata.__bi_54
                0x100018c0        0xc CMakeFiles/sonic-song.dir/home/tan/.pico-sdk/sdk/2.1.0/src/rp2_common/pico_standard_binary_info/standard_binary_info.c.o
 .rodata.__bi_48
                0x100018cc        0xc CMakeFiles/sonic-song.dir/home/tan/.pico-sdk/sdk/2.1.0/src/rp2_common/pico_standard_binary_info/standard_binary_info.c.o
 .rodata.__bi_42
                0x100018d8        0xc CMakeFiles/sonic-song.dir/home/tan/.pico-sdk/sdk/2.1.0/src/rp2_common/pico_standard_binary_info/standard_binary_info.c.o
 .rodata.__bi_34
                0x100018e4        0xc CMakeFiles/sonic-song.dir/home/tan/.pico-sdk/sdk/2.1.0/src/rp2_common/pico_standard_binary_info/standard_binary_info.c.o
 .rodata.__bi_26
                0x100018f0        0xc CMakeFiles/sonic-song.dir/home/tan/.pico-sdk/sdk/2.1.0/src/rp2_common/pico_standard_binary_info/standard_binary_info.c.o
 *(.srodata*)
 .srodata.cst4  0x100018fc        0x4 CMakeFiles/sonic-song.dir/sonic-song.c.o
 .srodata.crlf_str.0
                0x10001900        0x2 CMakeFiles/sonic-song.dir/home/tan/.pico-sdk/sdk/2.1.0/src/rp2_common/pico_stdio/stdio.c.o
                0x10001904                        . = ALIGN (0x4)
 *fill*         0x10001902        0x2 
 *(SORT_BY_ALIGNMENT(SORT_BY_NAME(.flashdata*)))
                0x10001904                        . = ALIGN (0x4)

.ARM.extab
 *(.ARM.extab* .gnu.linkonce.armextab.*)
                0x10001904                        __exidx_start = .

.ARM.exidx
 *(.ARM.exidx* .gnu.linkonce.armexidx.*)
                0x10001904                        __exidx_end = .
                0x10001904                        . = ALIGN (0x4)
                0x10001904                        __binary_info_start = .

.binary_info    0x10001904       0x20
 *(.binary_info.keep.*)
 .binary_info.keep.__bi_ptr84
                0x10001904        0x4 CMakeFiles/sonic-song.dir/home/tan/.pico-sdk/sdk/2.1.0/src/rp2_common/pico_standard_binary_info/standard_binary_info.c.o
 .binary_info.keep.__bi_ptr78
                0x10001908        0x4 CMakeFiles/sonic-song.dir/home/tan/.pico-sdk/sdk/2.1.0/src/rp2_common/pico_standard_binary_info/standard_binary_info.c.o
 .binary_info.keep.__bi_ptr60
                0x1000190c        0x4 CMakeFiles/sonic-song.dir/home/tan/.pico-sdk/sdk/2.1.0/src/rp2_common/pico_standard_binary_info/standard_binary_info.c.o
 .binary_info.keep.__bi_ptr54
                0x10001910        0x4 CMakeFiles/sonic-song.dir/home/tan/.pico-sdk/sdk/2.1.0/src/rp2_common/pico_standard_binary_info/standard_binary_info.c.o
 .binary_info.keep.__bi_ptr48
                0x10001914        0x4 CMakeFiles/sonic-song.dir/home/tan/.pico-sdk/sdk/2.1.0/src/rp2_common/pico_standard_binary_info/standard_binary_info.c.o
 .binary_info.keep.__bi_ptr42
                0x10001918        0x4 CMakeFiles/sonic-song.dir/home/tan/.pico-sdk/sdk/2.1.0/src/rp2_common/pico_standard_binary_info/standard_binary_info.c.o
 .binary_info.keep.__bi_ptr34
                0x1000191c        0x4 CMakeFiles/sonic-song.dir/home/tan/.pico-sdk/sdk/2.1.0/src/rp2_common/pico_standard_binary_info/standard_binary_info.c.o
 .binary_info.keep.__bi_ptr26
                0x10001920        0x4 CMakeFiles/sonic-song.dir/home/tan/.pico-sdk/sdk/2.1.0/src/rp2_common/pico_standard_binary_info/standard_binary_info.c.o
 *(.binary_info.*)
                0x10001924                        __binary_info_end = .
                0x10001924                        . = ALIGN (0x4)

.ram_vector_table
 *(.ram_vector_table)

.uninitialized_data
                0x20000000        0x0
                0x20000000                        . = ALIGN (0x4)
 *(.uninitialized_data*)

.data           0x20000000      0x674 load address 0x10001924
                0x20000000                        __data_start__ = .
 *(vtable)
 *(.time_critical*)
 .time_critical.mutex_enter_block_until
                0x20000000       0x90 CMakeFiles/sonic-song.dir/home/tan/.pico-sdk/sdk/2.1.0/src/common/pico_sync/mutex.c.o
                0x20000000                mutex_enter_block_until
 .time_critical.mutex_try_enter_block_until
                0x20000090       0x6a CMakeFiles/sonic-song.dir/home/tan/.pico-sdk/sdk/2.1.0/src/common/pico_sync/mutex.c.o
                0x20000090                mutex_try_enter_block_until
 .time_critical.mutex_exit
                0x200000fa       0x3a CMakeFiles/sonic-song.dir/home/tan/.pico-sdk/sdk/2.1.0/src/common/pico_sync/mutex.c.o
                0x200000fa                mutex_exit
 *(.text*)
 .text          0x20000134      0x20e /home/tan/.pico-sdk/toolchain/RISCV_RPI_2_0_0_5/bin/../lib/gcc/riscv32-unknown-elf/14.2.1/rv32imac_zicsr_zifencei_zba_zbb_zbkb_zbs/ilp32/libgcc.a(divsf3.o)
                0x20000134                __divsf3
 .text          0x20000342       0x58 /home/tan/.pico-sdk/toolchain/RISCV_RPI_2_0_0_5/bin/../lib/gcc/riscv32-unknown-elf/14.2.1/rv32imac_zicsr_zifencei_zba_zbb_zbkb_zbs/ilp32/libgcc.a(fixunssfsi.o)
                0x20000342                __fixunssfsi
 .text          0x2000039a       0xa4 /home/tan/.pico-sdk/toolchain/RISCV_RPI_2_0_0_5/bin/../lib/gcc/riscv32-unknown-elf/14.2.1/rv32imac_zicsr_zifencei_zba_zbb_zbkb_zbs/ilp32/libgcc.a(floatsisf.o)
                0x2000039a                __floatsisf
                0x20000440                        . = ALIGN (0x4)
 *fill*         0x2000043e        0x2 
 *(.rodata*)
 .rodata        0x20000440       0x3c /home/tan/.pico-sdk/toolchain/RISCV_RPI_2_0_0_5/bin/../lib/gcc/riscv32-unknown-elf/14.2.1/rv32imac_zicsr_zifencei_zba_zbb_zbkb_zbs/ilp32/libgcc.a(divsf3.o)
                0x2000047c                        . = ALIGN (0x4)
 *(.data*)
 .data.default_alarm_pool
                0x2000047c       0x18 CMakeFiles/sonic-song.dir/home/tan/.pico-sdk/sdk/2.1.0/src/common/pico_time/time.c.o
 *fill*         0x20000494       0x2c 
 .data          0x200004c0      0x1a8 CMakeFiles/sonic-song.dir/home/tan/.pico-sdk/sdk/2.1.0/src/rp2_common/pico_crt0/crt0_riscv.S.o
                0x200004c0                __vectors
                0x200004c0                __VECTOR_TABLE
                0x200004ec                isr_riscv_machine_external_irq
                0x20000590                __soft_vector_table
                0x20000660                isr_riscv_machine_exception
                0x20000660                isr_riscv_machine_timer
                0x20000660                __default_isrs_start
                0x20000662                isr_riscv_machine_soft_irq
                0x20000664                isr_irq30
                0x20000664                __unhandled_user_irq
                0x20000664                isr_irq49
                0x20000664                isr_irq13
                0x20000664                isr_irq43
                0x20000664                isr_irq45
                0x20000664                isr_irq27
                0x20000664                isr_irq32
                0x20000664                isr_irq31
                0x20000664                isr_irq5
                0x20000664                isr_irq11
                0x20000664                isr_irq23
                0x20000664                unhandled_user_irq_num_in_a0
                0x20000664                isr_irq48
                0x20000664                isr_irq35
                0x20000664                isr_irq18
                0x20000664                isr_irq50
                0x20000664                isr_irq40
                0x20000664                isr_irq28
                0x20000664                isr_irq19
                0x20000664                isr_irq36
                0x20000664                isr_irq41
                0x20000664                isr_irq0
                0x20000664                isr_irq6
                0x20000664                isr_irq37
                0x20000664                isr_irq42
                0x20000664                isr_irq22
                0x20000664                isr_irq17
                0x20000664                isr_irq38
                0x20000664                isr_irq14
                0x20000664                isr_irq2
                0x20000664                isr_irq10
                0x20000664                isr_irq8
                0x20000664                isr_irq24
                0x20000664                isr_irq46
                0x20000664                isr_irq1
                0x20000664                isr_irq47
                0x20000664                isr_irq51
                0x20000664                isr_irq7
                0x20000664                isr_irq21
                0x20000664                isr_irq39
                0x20000664                isr_irq20
                0x20000664                isr_irq15
                0x20000664                isr_irq25
                0x20000664                isr_irq34
                0x20000664                isr_irq4
                0x20000664                isr_irq16
                0x20000664                isr_irq44
                0x20000664                isr_irq29
                0x20000664                isr_irq26
                0x20000664                isr_irq33
                0x20000664                isr_irq3
                0x20000664                isr_irq12
                0x20000664                isr_irq9
                0x20000668                __default_isrs_end
 *(.sdata*)
 .sdata.striped_spin_lock_num
                0x20000668        0x1 CMakeFiles/sonic-song.dir/home/tan/.pico-sdk/sdk/2.1.0/src/rp2_common/hardware_sync/sync.c.o
                0x2000066c                        . = ALIGN (0x4)
 *fill*         0x20000669        0x3 
 *(.after_data.*)
                0x2000066c                        . = ALIGN (0x4)
                0x2000066c                        PROVIDE (__mutex_array_start = .)
 *(SORT_BY_NAME(.mutex_array.*))
 *(.mutex_array)
 .mutex_array   0x2000066c        0x8 CMakeFiles/sonic-song.dir/home/tan/.pico-sdk/sdk/2.1.0/src/rp2_common/pico_stdio/stdio.c.o
                0x20000674                        PROVIDE (__mutex_array_end = .)
 *(.jcr)
                0x20000674                        . = ALIGN (0x4)

.tdata          0x20000674        0x0 load address 0x10001f98
                0x20000674                        . = ALIGN (0x4)
 *(.tdata .tdata.* .gnu.linkonce.td.*)
                0x20000674                        __tdata_end = .
                0x20000674                        PROVIDE (__data_end__ = .)
                0x10001924                        __etext = LOADADDR (.data)

.tbss           0x20000674        0x0 load address 0x10001f98
                0x20000674                        . = ALIGN (0x4)
                0x20000674                        __bss_start__ = .
                0x20000674                        __tls_base = .
 *(.tbss .tbss.* .gnu.linkonce.tb.*)
 *(.tcommon)
                0x20000674                        __tls_end = .

.bss            0x20000678      0x220 load address 0x10001f98
                0x20000678                        . = ALIGN (0x4)
                0x20000678                        __tbss_end = .
 *(SORT_BY_ALIGNMENT(SORT_BY_NAME(.bss*)))
 .bss.default_alarm_pool_entries
                0x20000678      0x180 CMakeFiles/sonic-song.dir/home/tan/.pico-sdk/sdk/2.1.0/src/common/pico_time/time.c.o
 .bss           0x200007f8       0x1c /home/tan/.pico-sdk/toolchain/RISCV_RPI_2_0_0_5/bin/../lib/gcc/riscv32-unknown-elf/14.2.1/rv32imac_zicsr_zifencei_zba_zbb_zbkb_zbs/ilp32/crtbegin.o
 .bss._sw_spin_locks
                0x20000814       0x20 CMakeFiles/sonic-song.dir/home/tan/.pico-sdk/sdk/2.1.0/src/rp2_common/hardware_sync_spin_lock/sync_spin_lock.c.o
                0x20000814                _sw_spin_locks
 .bss.configured_freq
                0x20000834       0x28 CMakeFiles/sonic-song.dir/home/tan/.pico-sdk/sdk/2.1.0/src/rp2_common/hardware_clocks/clocks.c.o
 .bss.pools     0x2000085c       0x20 CMakeFiles/sonic-song.dir/home/tan/.pico-sdk/sdk/2.1.0/src/common/pico_time/time.c.o
 *(COMMON)
                0x2000107c                        PROVIDE (__global_pointer$ = (. + 0x800))
 *(.sbss*)
 .sbss.sleep_notifier
                0x2000087c        0x4 CMakeFiles/sonic-song.dir/home/tan/.pico-sdk/sdk/2.1.0/src/common/pico_time/time.c.o
 .sbss.claimed  0x20000880        0x2 CMakeFiles/sonic-song.dir/home/tan/.pico-sdk/sdk/2.1.0/src/rp2_common/hardware_timer/timer.c.o
 *fill*         0x20000882        0x2 
 .sbss.lazy_vsnprintf
                0x20000884        0x4 CMakeFiles/sonic-song.dir/home/tan/.pico-sdk/sdk/2.1.0/src/rp2_common/pico_printf/printf.c.o
 .sbss.filter   0x20000888        0x4 CMakeFiles/sonic-song.dir/home/tan/.pico-sdk/sdk/2.1.0/src/rp2_common/pico_stdio/stdio.c.o
 .sbss.drivers  0x2000088c        0x4 CMakeFiles/sonic-song.dir/home/tan/.pico-sdk/sdk/2.1.0/src/rp2_common/pico_stdio/stdio.c.o
 .sbss.retrieved_id
                0x20000890        0x8 CMakeFiles/sonic-song.dir/home/tan/.pico-sdk/sdk/2.1.0/src/rp2_common/pico_unique_id/unique_id.c.o
                0x20000898                        . = ALIGN (0x4)
                0x20000898                        __bss_end__ = .

.heap           0x20000898      0x800 load address 0x10001f98
                0x20000898                        __end__ = .
                0x20000898                        end = __end__
 *(.heap*)
 .heap          0x20000898      0x800 CMakeFiles/sonic-song.dir/home/tan/.pico-sdk/sdk/2.1.0/src/rp2_common/pico_crt0/crt0_riscv.S.o
                0x20080000                        __HeapLimit = (ORIGIN (RAM) + LENGTH (RAM))

.scratch_x      0x20080000        0x0 load address 0x10001f98
                0x20080000                        __scratch_x_start__ = .
 *(.scratch_x.*)
                0x20080000                        . = ALIGN (0x4)
                0x20080000                        __scratch_x_end__ = .
                0x10001f98                        __scratch_x_source__ = LOADADDR (.scratch_x)

.scratch_y      0x20081000        0x0 load address 0x10001f98
                0x20081000                        __scratch_y_start__ = .
 *(.scratch_y.*)
                0x20081000                        . = ALIGN (0x4)
                0x20081000                        __scratch_y_end__ = .
                0x10001f98                        __scratch_y_source__ = LOADADDR (.scratch_y)

.stack1_dummy
 *(.stack1*)

.stack_dummy    0x20081000      0x800
 *(.stack*)
 .stack         0x20081000      0x800 CMakeFiles/sonic-song.dir/home/tan/.pico-sdk/sdk/2.1.0/src/rp2_common/pico_crt0/crt0_riscv.S.o

.flash_end      0x10001f98       0x14
 *(.embedded_end_block*)
 .embedded_end_block
                0x10001f98       0x14 CMakeFiles/sonic-song.dir/home/tan/.pico-sdk/sdk/2.1.0/src/rp2_common/pico_crt0/crt0_riscv.S.o
                0x10001fac                        PROVIDE (__flash_binary_end = .)
                0x20080000                        __StackLimit = (ORIGIN (RAM) + LENGTH (RAM))
                0x20081000                        __StackOneTop = (ORIGIN (SCRATCH_X) + LENGTH (SCRATCH_X))
                0x20082000                        __StackTop = (ORIGIN (SCRATCH_Y) + LENGTH (SCRATCH_Y))
                0x20081000                        __StackOneBottom = (__StackOneTop - SIZEOF (.stack1_dummy))
                0x20081800                        __StackBottom = (__StackTop - SIZEOF (.stack_dummy))
                [!provide]                        PROVIDE (__stack = __StackTop)
                [!provide]                        PROVIDE (__heap_start = __end__)
                [!provide]                        PROVIDE (__heap_end = __HeapLimit)
                [!provide]                        PROVIDE (__tls_align = MAX (ALIGNOF (.tdata), ALIGNOF (.tbss)))
                [!provide]                        PROVIDE (__tls_size_align = (((__tls_size + __tls_align) - 0x1) & ~ ((__tls_align - 0x1))))
                [!provide]                        PROVIDE (__arm32_tls_tcb_offset = MAX (0x8, __tls_align))
                0x20000898                        PROVIDE (_end = __end__)
                [!provide]                        PROVIDE (__llvm_libc_heap_limit = __HeapLimit)
                0x00000001                        ASSERT ((__StackLimit >= __HeapLimit), region RAM overflowed)
                0x00000001                        ASSERT (((__binary_info_header_end - __logical_binary_start) <= 0x400), Binary info must be in first 1024 bytes of the binary)
                0x00000001                        ASSERT (((__embedded_block_end - __logical_binary_start) <= 0x1000), Embedded block must be in first 4096 bytes of the binary)
LOAD CMakeFiles/sonic-song.dir/sonic-song.c.o
LOAD CMakeFiles/sonic-song.dir/home/tan/.pico-sdk/sdk/2.1.0/src/rp2_common/pico_stdlib/stdlib.c.o
LOAD CMakeFiles/sonic-song.dir/home/tan/.pico-sdk/sdk/2.1.0/src/rp2_common/hardware_gpio/gpio.c.o
LOAD CMakeFiles/sonic-song.dir/home/tan/.pico-sdk/sdk/2.1.0/src/rp2350/pico_platform/platform.c.o
LOAD CMakeFiles/sonic-song.dir/home/tan/.pico-sdk/sdk/2.1.0/src/rp2_common/pico_platform_panic/panic.c.o
LOAD CMakeFiles/sonic-song.dir/home/tan/.pico-sdk/sdk/2.1.0/src/common/hardware_claim/claim.c.o
LOAD CMakeFiles/sonic-song.dir/home/tan/.pico-sdk/sdk/2.1.0/src/rp2_common/hardware_sync/sync.c.o
LOAD CMakeFiles/sonic-song.dir/home/tan/.pico-sdk/sdk/2.1.0/src/rp2_common/hardware_sync_spin_lock/sync_spin_lock.c.o
LOAD CMakeFiles/sonic-song.dir/home/tan/.pico-sdk/sdk/2.1.0/src/rp2_common/hardware_irq/irq.c.o
LOAD CMakeFiles/sonic-song.dir/home/tan/.pico-sdk/sdk/2.1.0/src/rp2_common/hardware_irq/irq_handler_chain.S.o
LOAD CMakeFiles/sonic-song.dir/home/tan/.pico-sdk/sdk/2.1.0/src/common/pico_sync/sem.c.o
LOAD CMakeFiles/sonic-song.dir/home/tan/.pico-sdk/sdk/2.1.0/src/common/pico_sync/lock_core.c.o
LOAD CMakeFiles/sonic-song.dir/home/tan/.pico-sdk/sdk/2.1.0/src/common/pico_sync/mutex.c.o
LOAD CMakeFiles/sonic-song.dir/home/tan/.pico-sdk/sdk/2.1.0/src/common/pico_sync/critical_section.c.o
LOAD CMakeFiles/sonic-song.dir/home/tan/.pico-sdk/sdk/2.1.0/src/common/pico_time/time.c.o
LOAD CMakeFiles/sonic-song.dir/home/tan/.pico-sdk/sdk/2.1.0/src/common/pico_time/timeout_helper.c.o
LOAD CMakeFiles/sonic-song.dir/home/tan/.pico-sdk/sdk/2.1.0/src/rp2_common/hardware_timer/timer.c.o
LOAD CMakeFiles/sonic-song.dir/home/tan/.pico-sdk/sdk/2.1.0/src/common/pico_util/datetime.c.o
LOAD CMakeFiles/sonic-song.dir/home/tan/.pico-sdk/sdk/2.1.0/src/common/pico_util/pheap.c.o
LOAD CMakeFiles/sonic-song.dir/home/tan/.pico-sdk/sdk/2.1.0/src/common/pico_util/queue.c.o
LOAD CMakeFiles/sonic-song.dir/home/tan/.pico-sdk/sdk/2.1.0/src/rp2_common/hardware_uart/uart.c.o
LOAD CMakeFiles/sonic-song.dir/home/tan/.pico-sdk/sdk/2.1.0/src/rp2_common/hardware_clocks/clocks.c.o
LOAD CMakeFiles/sonic-song.dir/home/tan/.pico-sdk/sdk/2.1.0/src/rp2_common/hardware_pll/pll.c.o
LOAD CMakeFiles/sonic-song.dir/home/tan/.pico-sdk/sdk/2.1.0/src/rp2_common/hardware_vreg/vreg.c.o
LOAD CMakeFiles/sonic-song.dir/home/tan/.pico-sdk/sdk/2.1.0/src/rp2_common/hardware_watchdog/watchdog.c.o
LOAD CMakeFiles/sonic-song.dir/home/tan/.pico-sdk/sdk/2.1.0/src/rp2_common/hardware_ticks/ticks.c.o
LOAD CMakeFiles/sonic-song.dir/home/tan/.pico-sdk/sdk/2.1.0/src/rp2_common/pico_bootrom/bootrom.c.o
LOAD CMakeFiles/sonic-song.dir/home/tan/.pico-sdk/sdk/2.1.0/src/rp2_common/pico_bootrom/bootrom_lock.c.o
LOAD CMakeFiles/sonic-song.dir/home/tan/.pico-sdk/sdk/2.1.0/src/rp2_common/hardware_boot_lock/boot_lock.c.o
LOAD CMakeFiles/sonic-song.dir/home/tan/.pico-sdk/sdk/2.1.0/src/rp2_common/pico_flash/flash.c.o
LOAD CMakeFiles/sonic-song.dir/home/tan/.pico-sdk/sdk/2.1.0/src/rp2_common/hardware_xosc/xosc.c.o
LOAD CMakeFiles/sonic-song.dir/home/tan/.pico-sdk/sdk/2.1.0/src/rp2_common/hardware_divider/divider.c.o
LOAD CMakeFiles/sonic-song.dir/home/tan/.pico-sdk/sdk/2.1.0/src/rp2_common/pico_runtime/runtime.c.o
LOAD CMakeFiles/sonic-song.dir/home/tan/.pico-sdk/sdk/2.1.0/src/rp2_common/pico_runtime_init/runtime_init.c.o
LOAD CMakeFiles/sonic-song.dir/home/tan/.pico-sdk/sdk/2.1.0/src/rp2_common/pico_runtime_init/runtime_init_clocks.c.o
LOAD CMakeFiles/sonic-song.dir/home/tan/.pico-sdk/sdk/2.1.0/src/rp2_common/pico_runtime_init/runtime_init_stack_guard.c.o
LOAD CMakeFiles/sonic-song.dir/home/tan/.pico-sdk/sdk/2.1.0/src/rp2_common/pico_bit_ops/bit_ops_aeabi.S.o
LOAD CMakeFiles/sonic-song.dir/home/tan/.pico-sdk/sdk/2.1.0/src/rp2_common/pico_divider/divider_compiler.c.o
LOAD CMakeFiles/sonic-song.dir/home/tan/.pico-sdk/sdk/2.1.0/src/rp2_common/pico_float/float_single_hazard3.S.o
LOAD CMakeFiles/sonic-song.dir/home/tan/.pico-sdk/sdk/2.1.0/src/rp2_common/pico_malloc/malloc.c.o
LOAD CMakeFiles/sonic-song.dir/home/tan/.pico-sdk/sdk/2.1.0/src/rp2_common/pico_atomic/atomic.c.o
LOAD CMakeFiles/sonic-song.dir/home/tan/.pico-sdk/sdk/2.1.0/src/rp2_common/pico_cxx_options/new_delete.cpp.o
LOAD CMakeFiles/sonic-song.dir/home/tan/.pico-sdk/sdk/2.1.0/src/rp2_common/pico_standard_binary_info/standard_binary_info.c.o
LOAD CMakeFiles/sonic-song.dir/home/tan/.pico-sdk/sdk/2.1.0/src/rp2_common/pico_printf/printf.c.o
LOAD CMakeFiles/sonic-song.dir/home/tan/.pico-sdk/sdk/2.1.0/src/rp2_common/pico_crt0/crt0_riscv.S.o
LOAD CMakeFiles/sonic-song.dir/home/tan/.pico-sdk/sdk/2.1.0/src/rp2_common/pico_clib_interface/newlib_interface.c.o
LOAD CMakeFiles/sonic-song.dir/home/tan/.pico-sdk/sdk/2.1.0/src/rp2_common/pico_stdio/stdio.c.o
LOAD CMakeFiles/sonic-song.dir/home/tan/.pico-sdk/sdk/2.1.0/src/rp2_common/pico_stdio_usb/reset_interface.c.o
LOAD CMakeFiles/sonic-song.dir/home/tan/.pico-sdk/sdk/2.1.0/src/rp2_common/pico_stdio_usb/stdio_usb.c.o
LOAD CMakeFiles/sonic-song.dir/home/tan/.pico-sdk/sdk/2.1.0/src/rp2_common/pico_stdio_usb/stdio_usb_descriptors.c.o
LOAD CMakeFiles/sonic-song.dir/home/tan/.pico-sdk/sdk/2.1.0/src/rp2_common/pico_unique_id/unique_id.c.o
LOAD CMakeFiles/sonic-song.dir/home/tan/.pico-sdk/sdk/2.1.0/src/rp2_common/hardware_flash/flash.c.o
LOAD CMakeFiles/sonic-song.dir/home/tan/.pico-sdk/sdk/2.1.0/src/rp2_common/hardware_xip_cache/xip_cache.c.o
LOAD CMakeFiles/sonic-song.dir/home/tan/.pico-sdk/sdk/2.1.0/lib/tinyusb/src/portable/raspberrypi/rp2040/dcd_rp2040.c.o
LOAD CMakeFiles/sonic-song.dir/home/tan/.pico-sdk/sdk/2.1.0/lib/tinyusb/src/portable/raspberrypi/rp2040/rp2040_usb.c.o
LOAD CMakeFiles/sonic-song.dir/home/tan/.pico-sdk/sdk/2.1.0/lib/tinyusb/src/device/usbd.c.o
LOAD CMakeFiles/sonic-song.dir/home/tan/.pico-sdk/sdk/2.1.0/lib/tinyusb/src/device/usbd_control.c.o
LOAD CMakeFiles/sonic-song.dir/home/tan/.pico-sdk/sdk/2.1.0/lib/tinyusb/src/class/audio/audio_device.c.o
LOAD CMakeFiles/sonic-song.dir/home/tan/.pico-sdk/sdk/2.1.0/lib/tinyusb/src/class/cdc/cdc_device.c.o
LOAD CMakeFiles/sonic-song.dir/home/tan/.pico-sdk/sdk/2.1.0/lib/tinyusb/src/class/dfu/dfu_device.c.o
LOAD CMakeFiles/sonic-song.dir/home/tan/.pico-sdk/sdk/2.1.0/lib/tinyusb/src/class/dfu/dfu_rt_device.c.o
LOAD CMakeFiles/sonic-song.dir/home/tan/.pico-sdk/sdk/2.1.0/lib/tinyusb/src/class/hid/hid_device.c.o
LOAD CMakeFiles/sonic-song.dir/home/tan/.pico-sdk/sdk/2.1.0/lib/tinyusb/src/class/midi/midi_device.c.o
LOAD CMakeFiles/sonic-song.dir/home/tan/.pico-sdk/sdk/2.1.0/lib/tinyusb/src/class/msc/msc_device.c.o
LOAD CMakeFiles/sonic-song.dir/home/tan/.pico-sdk/sdk/2.1.0/lib/tinyusb/src/class/net/ecm_rndis_device.c.o
LOAD CMakeFiles/sonic-song.dir/home/tan/.pico-sdk/sdk/2.1.0/lib/tinyusb/src/class/net/ncm_device.c.o
LOAD CMakeFiles/sonic-song.dir/home/tan/.pico-sdk/sdk/2.1.0/lib/tinyusb/src/class/usbtmc/usbtmc_device.c.o
LOAD CMakeFiles/sonic-song.dir/home/tan/.pico-sdk/sdk/2.1.0/lib/tinyusb/src/class/vendor/vendor_device.c.o
LOAD CMakeFiles/sonic-song.dir/home/tan/.pico-sdk/sdk/2.1.0/lib/tinyusb/src/class/video/video_device.c.o
LOAD CMakeFiles/sonic-song.dir/home/tan/.pico-sdk/sdk/2.1.0/lib/tinyusb/src/tusb.c.o
LOAD CMakeFiles/sonic-song.dir/home/tan/.pico-sdk/sdk/2.1.0/lib/tinyusb/src/common/tusb_fifo.c.o
LOAD CMakeFiles/sonic-song.dir/home/tan/.pico-sdk/sdk/2.1.0/src/rp2_common/pico_fix/rp2040_usb_device_enumeration/rp2040_usb_device_enumeration.c.o
LOAD pico-sdk/src/rp2350/boot_stage2/CMakeFiles/bs2_default_library.dir/./bs2_default_padded_checksummed.S.o
LOAD /home/tan/.pico-sdk/toolchain/RISCV_RPI_2_0_0_5/bin/../lib/gcc/riscv32-unknown-elf/14.2.1/../../../../riscv32-unknown-elf/lib/rv32imac_zicsr_zifencei_zba_zbb_zbkb_zbs/ilp32/libstdc++.a
LOAD /home/tan/.pico-sdk/toolchain/RISCV_RPI_2_0_0_5/bin/../lib/gcc/riscv32-unknown-elf/14.2.1/../../../../riscv32-unknown-elf/lib/rv32imac_zicsr_zifencei_zba_zbb_zbkb_zbs/ilp32/libm.a
LOAD /home/tan/.pico-sdk/toolchain/RISCV_RPI_2_0_0_5/bin/../lib/gcc/riscv32-unknown-elf/14.2.1/rv32imac_zicsr_zifencei_zba_zbb_zbkb_zbs/ilp32/libgcc.a
START GROUP
LOAD /home/tan/.pico-sdk/toolchain/RISCV_RPI_2_0_0_5/bin/../lib/gcc/riscv32-unknown-elf/14.2.1/../../../../riscv32-unknown-elf/lib/rv32imac_zicsr_zifencei_zba_zbb_zbkb_zbs/ilp32/libc.a
END GROUP
LOAD /home/tan/.pico-sdk/toolchain/RISCV_RPI_2_0_0_5/bin/../lib/gcc/riscv32-unknown-elf/14.2.1/rv32imac_zicsr_zifencei_zba_zbb_zbkb_zbs/ilp32/libgcc.a
START GROUP
LOAD /home/tan/.pico-sdk/toolchain/RISCV_RPI_2_0_0_5/bin/../lib/gcc/riscv32-unknown-elf/14.2.1/rv32imac_zicsr_zifencei_zba_zbb_zbkb_zbs/ilp32/libgcc.a
LOAD /home/tan/.pico-sdk/toolchain/RISCV_RPI_2_0_0_5/bin/../lib/gcc/riscv32-unknown-elf/14.2.1/../../../../riscv32-unknown-elf/lib/rv32imac_zicsr_zifencei_zba_zbb_zbkb_zbs/ilp32/libc.a
LOAD /home/tan/.pico-sdk/toolchain/RISCV_RPI_2_0_0_5/bin/../lib/gcc/riscv32-unknown-elf/14.2.1/../../../../riscv32-unknown-elf/lib/rv32imac_zicsr_zifencei_zba_zbb_zbkb_zbs/ilp32/libnosys.a
END GROUP
LOAD /home/tan/.pico-sdk/toolchain/RISCV_RPI_2_0_0_5/bin/../lib/gcc/riscv32-unknown-elf/14.2.1/rv32imac_zicsr_zifencei_zba_zbb_zbkb_zbs/ilp32/crtend.o
OUTPUT(sonic-song.elf elf32-littleriscv)

.rela.dyn       0x10001fac        0x0
 .rela.text     0x10001fac        0x0 /home/tan/.pico-sdk/toolchain/RISCV_RPI_2_0_0_5/bin/../lib/gcc/riscv32-unknown-elf/14.2.1/rv32imac_zicsr_zifencei_zba_zbb_zbkb_zbs/ilp32/crtbegin.o
 .rela.preinit_array.ZZZZZ.01200
                0x10001fac        0x0 /home/tan/.pico-sdk/toolchain/RISCV_RPI_2_0_0_5/bin/../lib/gcc/riscv32-unknown-elf/14.2.1/rv32imac_zicsr_zifencei_zba_zbb_zbkb_zbs/ilp32/crtbegin.o
 .rela.text.runtime_init_mutex
                0x10001fac        0x0 /home/tan/.pico-sdk/toolchain/RISCV_RPI_2_0_0_5/bin/../lib/gcc/riscv32-unknown-elf/14.2.1/rv32imac_zicsr_zifencei_zba_zbb_zbkb_zbs/ilp32/crtbegin.o
 .rela.preinit_array.01100
                0x10001fac        0x0 /home/tan/.pico-sdk/toolchain/RISCV_RPI_2_0_0_5/bin/../lib/gcc/riscv32-unknown-elf/14.2.1/rv32imac_zicsr_zifencei_zba_zbb_zbkb_zbs/ilp32/crtbegin.o
 .rela.preinit_array.11000
                0x10001fac        0x0 /home/tan/.pico-sdk/toolchain/RISCV_RPI_2_0_0_5/bin/../lib/gcc/riscv32-unknown-elf/14.2.1/rv32imac_zicsr_zifencei_zba_zbb_zbkb_zbs/ilp32/crtbegin.o
 .rela.preinit_array.01010
                0x10001fac        0x0 /home/tan/.pico-sdk/toolchain/RISCV_RPI_2_0_0_5/bin/../lib/gcc/riscv32-unknown-elf/14.2.1/rv32imac_zicsr_zifencei_zba_zbb_zbkb_zbs/ilp32/crtbegin.o
 .rela.preinit_array.01000
                0x10001fac        0x0 /home/tan/.pico-sdk/toolchain/RISCV_RPI_2_0_0_5/bin/../lib/gcc/riscv32-unknown-elf/14.2.1/rv32imac_zicsr_zifencei_zba_zbb_zbkb_zbs/ilp32/crtbegin.o
 .rela.text.runtime_run_initializers
                0x10001fac        0x0 /home/tan/.pico-sdk/toolchain/RISCV_RPI_2_0_0_5/bin/../lib/gcc/riscv32-unknown-elf/14.2.1/rv32imac_zicsr_zifencei_zba_zbb_zbkb_zbs/ilp32/crtbegin.o
 .rela.preinit_array.00600
                0x10001fac        0x0 /home/tan/.pico-sdk/toolchain/RISCV_RPI_2_0_0_5/bin/../lib/gcc/riscv32-unknown-elf/14.2.1/rv32imac_zicsr_zifencei_zba_zbb_zbkb_zbs/ilp32/crtbegin.o
 .rela.preinit_array.00500
                0x10001fac        0x0 /home/tan/.pico-sdk/toolchain/RISCV_RPI_2_0_0_5/bin/../lib/gcc/riscv32-unknown-elf/14.2.1/rv32imac_zicsr_zifencei_zba_zbb_zbkb_zbs/ilp32/crtbegin.o
 .rela.preinit_array.00101
                0x10001fac        0x0 /home/tan/.pico-sdk/toolchain/RISCV_RPI_2_0_0_5/bin/../lib/gcc/riscv32-unknown-elf/14.2.1/rv32imac_zicsr_zifencei_zba_zbb_zbkb_zbs/ilp32/crtbegin.o
 .rela.preinit_array.00100
                0x10001fac        0x0 /home/tan/.pico-sdk/toolchain/RISCV_RPI_2_0_0_5/bin/../lib/gcc/riscv32-unknown-elf/14.2.1/rv32imac_zicsr_zifencei_zba_zbb_zbkb_zbs/ilp32/crtbegin.o
 .rela.preinit_array.ZZZZZ.00051
                0x10001fac        0x0 /home/tan/.pico-sdk/toolchain/RISCV_RPI_2_0_0_5/bin/../lib/gcc/riscv32-unknown-elf/14.2.1/rv32imac_zicsr_zifencei_zba_zbb_zbkb_zbs/ilp32/crtbegin.o
 .rela.preinit_array.00050
                0x10001fac        0x0 /home/tan/.pico-sdk/toolchain/RISCV_RPI_2_0_0_5/bin/../lib/gcc/riscv32-unknown-elf/14.2.1/rv32imac_zicsr_zifencei_zba_zbb_zbkb_zbs/ilp32/crtbegin.o
 .rela.rodata.__bi_26
                0x10001fac        0x0 /home/tan/.pico-sdk/toolchain/RISCV_RPI_2_0_0_5/bin/../lib/gcc/riscv32-unknown-elf/14.2.1/rv32imac_zicsr_zifencei_zba_zbb_zbkb_zbs/ilp32/crtbegin.o
 .rela.data     0x10001fac        0x0 /home/tan/.pico-sdk/toolchain/RISCV_RPI_2_0_0_5/bin/../lib/gcc/riscv32-unknown-elf/14.2.1/rv32imac_zicsr_zifencei_zba_zbb_zbkb_zbs/ilp32/crtbegin.o
 .rela.binary_info_header
                0x10001fac        0x0 /home/tan/.pico-sdk/toolchain/RISCV_RPI_2_0_0_5/bin/../lib/gcc/riscv32-unknown-elf/14.2.1/rv32imac_zicsr_zifencei_zba_zbb_zbkb_zbs/ilp32/crtbegin.o
 .rela.reset    0x10001fac        0x0 /home/tan/.pico-sdk/toolchain/RISCV_RPI_2_0_0_5/bin/../lib/gcc/riscv32-unknown-elf/14.2.1/rv32imac_zicsr_zifencei_zba_zbb_zbkb_zbs/ilp32/crtbegin.o
 .rela.text.runtime_init
                0x10001fac        0x0 /home/tan/.pico-sdk/toolchain/RISCV_RPI_2_0_0_5/bin/../lib/gcc/riscv32-unknown-elf/14.2.1/rv32imac_zicsr_zifencei_zba_zbb_zbkb_zbs/ilp32/crtbegin.o

.comment        0x00000000       0x3d
 .comment       0x00000000       0x3d /home/tan/.pico-sdk/toolchain/RISCV_RPI_2_0_0_5/bin/../lib/gcc/riscv32-unknown-elf/14.2.1/rv32imac_zicsr_zifencei_zba_zbb_zbkb_zbs/ilp32/crtbegin.o
                                 0x23 (size before relaxing)
 .comment       0x0000003d       0x23 CMakeFiles/sonic-song.dir/sonic-song.c.o
 .comment       0x0000003d       0x23 CMakeFiles/sonic-song.dir/home/tan/.pico-sdk/sdk/2.1.0/src/rp2_common/hardware_gpio/gpio.c.o
 .comment       0x0000003d       0x23 CMakeFiles/sonic-song.dir/home/tan/.pico-sdk/sdk/2.1.0/src/rp2_common/pico_platform_panic/panic.c.o
 .comment       0x0000003d       0x23 CMakeFiles/sonic-song.dir/home/tan/.pico-sdk/sdk/2.1.0/src/common/hardware_claim/claim.c.o
 .comment       0x0000003d       0x23 CMakeFiles/sonic-song.dir/home/tan/.pico-sdk/sdk/2.1.0/src/rp2_common/hardware_sync/sync.c.o
 .comment       0x0000003d       0x23 CMakeFiles/sonic-song.dir/home/tan/.pico-sdk/sdk/2.1.0/src/rp2_common/hardware_sync_spin_lock/sync_spin_lock.c.o
 .comment       0x0000003d       0x23 CMakeFiles/sonic-song.dir/home/tan/.pico-sdk/sdk/2.1.0/src/rp2_common/hardware_irq/irq.c.o
 .comment       0x0000003d       0x23 CMakeFiles/sonic-song.dir/home/tan/.pico-sdk/sdk/2.1.0/src/common/pico_sync/lock_core.c.o
 .comment       0x0000003d       0x23 CMakeFiles/sonic-song.dir/home/tan/.pico-sdk/sdk/2.1.0/src/common/pico_sync/mutex.c.o
 .comment       0x0000003d       0x23 CMakeFiles/sonic-song.dir/home/tan/.pico-sdk/sdk/2.1.0/src/common/pico_time/time.c.o
 .comment       0x0000003d       0x23 CMakeFiles/sonic-song.dir/home/tan/.pico-sdk/sdk/2.1.0/src/rp2_common/hardware_timer/timer.c.o
 .comment       0x0000003d       0x23 CMakeFiles/sonic-song.dir/home/tan/.pico-sdk/sdk/2.1.0/src/rp2_common/hardware_clocks/clocks.c.o
 .comment       0x0000003d       0x23 CMakeFiles/sonic-song.dir/home/tan/.pico-sdk/sdk/2.1.0/src/rp2_common/hardware_pll/pll.c.o
 .comment       0x0000003d       0x23 CMakeFiles/sonic-song.dir/home/tan/.pico-sdk/sdk/2.1.0/src/rp2_common/hardware_ticks/ticks.c.o
 .comment       0x0000003d       0x23 CMakeFiles/sonic-song.dir/home/tan/.pico-sdk/sdk/2.1.0/src/rp2_common/pico_bootrom/bootrom.c.o
 .comment       0x0000003d       0x23 CMakeFiles/sonic-song.dir/home/tan/.pico-sdk/sdk/2.1.0/src/rp2_common/pico_bootrom/bootrom_lock.c.o
 .comment       0x0000003d       0x23 CMakeFiles/sonic-song.dir/home/tan/.pico-sdk/sdk/2.1.0/src/rp2_common/hardware_boot_lock/boot_lock.c.o
 .comment       0x0000003d       0x23 CMakeFiles/sonic-song.dir/home/tan/.pico-sdk/sdk/2.1.0/src/rp2_common/hardware_xosc/xosc.c.o
 .comment       0x0000003d       0x23 CMakeFiles/sonic-song.dir/home/tan/.pico-sdk/sdk/2.1.0/src/rp2_common/pico_runtime/runtime.c.o
 .comment       0x0000003d       0x23 CMakeFiles/sonic-song.dir/home/tan/.pico-sdk/sdk/2.1.0/src/rp2_common/pico_runtime_init/runtime_init.c.o
 .comment       0x0000003d       0x23 CMakeFiles/sonic-song.dir/home/tan/.pico-sdk/sdk/2.1.0/src/rp2_common/pico_runtime_init/runtime_init_clocks.c.o
 .comment       0x0000003d       0x23 CMakeFiles/sonic-song.dir/home/tan/.pico-sdk/sdk/2.1.0/src/rp2_common/pico_standard_binary_info/standard_binary_info.c.o
 .comment       0x0000003d       0x23 CMakeFiles/sonic-song.dir/home/tan/.pico-sdk/sdk/2.1.0/src/rp2_common/pico_printf/printf.c.o
 .comment       0x0000003d       0x23 CMakeFiles/sonic-song.dir/home/tan/.pico-sdk/sdk/2.1.0/src/rp2_common/pico_clib_interface/newlib_interface.c.o
 .comment       0x0000003d       0x23 CMakeFiles/sonic-song.dir/home/tan/.pico-sdk/sdk/2.1.0/src/rp2_common/pico_stdio/stdio.c.o
 .comment       0x0000003d       0x23 CMakeFiles/sonic-song.dir/home/tan/.pico-sdk/sdk/2.1.0/src/rp2_common/pico_unique_id/unique_id.c.o
 .comment       0x0000003d       0x23 /home/tan/.pico-sdk/toolchain/RISCV_RPI_2_0_0_5/bin/../lib/gcc/riscv32-unknown-elf/14.2.1/rv32imac_zicsr_zifencei_zba_zbb_zbkb_zbs/ilp32/libgcc.a(divsf3.o)
 .comment       0x0000003d       0x23 /home/tan/.pico-sdk/toolchain/RISCV_RPI_2_0_0_5/bin/../lib/gcc/riscv32-unknown-elf/14.2.1/rv32imac_zicsr_zifencei_zba_zbb_zbkb_zbs/ilp32/libgcc.a(fixunssfsi.o)
 .comment       0x0000003d       0x23 /home/tan/.pico-sdk/toolchain/RISCV_RPI_2_0_0_5/bin/../lib/gcc/riscv32-unknown-elf/14.2.1/rv32imac_zicsr_zifencei_zba_zbb_zbkb_zbs/ilp32/libgcc.a(floatsisf.o)
 .comment       0x0000003d       0x1c /home/tan/.pico-sdk/toolchain/RISCV_RPI_2_0_0_5/bin/../lib/gcc/riscv32-unknown-elf/14.2.1/../../../../riscv32-unknown-elf/lib/rv32imac_zicsr_zifencei_zba_zbb_zbkb_zbs/ilp32/libc.a(libc_a-strlen.o)

.note.GNU-stack
                0x00000000        0x0
 .note.GNU-stack
                0x00000000        0x0 /home/tan/.pico-sdk/toolchain/RISCV_RPI_2_0_0_5/bin/../lib/gcc/riscv32-unknown-elf/14.2.1/rv32imac_zicsr_zifencei_zba_zbb_zbkb_zbs/ilp32/crtbegin.o
 .note.GNU-stack
                0x00000000        0x0 CMakeFiles/sonic-song.dir/sonic-song.c.o
 .note.GNU-stack
                0x00000000        0x0 CMakeFiles/sonic-song.dir/home/tan/.pico-sdk/sdk/2.1.0/src/rp2_common/hardware_gpio/gpio.c.o
 .note.GNU-stack
                0x00000000        0x0 CMakeFiles/sonic-song.dir/home/tan/.pico-sdk/sdk/2.1.0/src/rp2_common/pico_platform_panic/panic.c.o
 .note.GNU-stack
                0x00000000        0x0 CMakeFiles/sonic-song.dir/home/tan/.pico-sdk/sdk/2.1.0/src/common/hardware_claim/claim.c.o
 .note.GNU-stack
                0x00000000        0x0 CMakeFiles/sonic-song.dir/home/tan/.pico-sdk/sdk/2.1.0/src/rp2_common/hardware_sync/sync.c.o
 .note.GNU-stack
                0x00000000        0x0 CMakeFiles/sonic-song.dir/home/tan/.pico-sdk/sdk/2.1.0/src/rp2_common/hardware_sync_spin_lock/sync_spin_lock.c.o
 .note.GNU-stack
                0x00000000        0x0 CMakeFiles/sonic-song.dir/home/tan/.pico-sdk/sdk/2.1.0/src/rp2_common/hardware_irq/irq.c.o
 .note.GNU-stack
                0x00000000        0x0 CMakeFiles/sonic-song.dir/home/tan/.pico-sdk/sdk/2.1.0/src/common/pico_sync/lock_core.c.o
 .note.GNU-stack
                0x00000000        0x0 CMakeFiles/sonic-song.dir/home/tan/.pico-sdk/sdk/2.1.0/src/common/pico_sync/mutex.c.o
 .note.GNU-stack
                0x00000000        0x0 CMakeFiles/sonic-song.dir/home/tan/.pico-sdk/sdk/2.1.0/src/common/pico_time/time.c.o
 .note.GNU-stack
                0x00000000        0x0 CMakeFiles/sonic-song.dir/home/tan/.pico-sdk/sdk/2.1.0/src/rp2_common/hardware_timer/timer.c.o
 .note.GNU-stack
                0x00000000        0x0 CMakeFiles/sonic-song.dir/home/tan/.pico-sdk/sdk/2.1.0/src/rp2_common/hardware_clocks/clocks.c.o
 .note.GNU-stack
                0x00000000        0x0 CMakeFiles/sonic-song.dir/home/tan/.pico-sdk/sdk/2.1.0/src/rp2_common/hardware_pll/pll.c.o
 .note.GNU-stack
                0x00000000        0x0 CMakeFiles/sonic-song.dir/home/tan/.pico-sdk/sdk/2.1.0/src/rp2_common/hardware_ticks/ticks.c.o
 .note.GNU-stack
                0x00000000        0x0 CMakeFiles/sonic-song.dir/home/tan/.pico-sdk/sdk/2.1.0/src/rp2_common/pico_bootrom/bootrom.c.o
 .note.GNU-stack
                0x00000000        0x0 CMakeFiles/sonic-song.dir/home/tan/.pico-sdk/sdk/2.1.0/src/rp2_common/pico_bootrom/bootrom_lock.c.o
 .note.GNU-stack
                0x00000000        0x0 CMakeFiles/sonic-song.dir/home/tan/.pico-sdk/sdk/2.1.0/src/rp2_common/hardware_boot_lock/boot_lock.c.o
 .note.GNU-stack
                0x00000000        0x0 CMakeFiles/sonic-song.dir/home/tan/.pico-sdk/sdk/2.1.0/src/rp2_common/hardware_xosc/xosc.c.o
 .note.GNU-stack
                0x00000000        0x0 CMakeFiles/sonic-song.dir/home/tan/.pico-sdk/sdk/2.1.0/src/rp2_common/pico_runtime/runtime.c.o
 .note.GNU-stack
                0x00000000        0x0 CMakeFiles/sonic-song.dir/home/tan/.pico-sdk/sdk/2.1.0/src/rp2_common/pico_runtime_init/runtime_init.c.o
 .note.GNU-stack
                0x00000000        0x0 CMakeFiles/sonic-song.dir/home/tan/.pico-sdk/sdk/2.1.0/src/rp2_common/pico_runtime_init/runtime_init_clocks.c.o
 .note.GNU-stack
                0x00000000        0x0 CMakeFiles/sonic-song.dir/home/tan/.pico-sdk/sdk/2.1.0/src/rp2_common/pico_standard_binary_info/standard_binary_info.c.o
 .note.GNU-stack
                0x00000000        0x0 CMakeFiles/sonic-song.dir/home/tan/.pico-sdk/sdk/2.1.0/src/rp2_common/pico_printf/printf.c.o
 .note.GNU-stack
                0x00000000        0x0 CMakeFiles/sonic-song.dir/home/tan/.pico-sdk/sdk/2.1.0/src/rp2_common/pico_clib_interface/newlib_interface.c.o
 .note.GNU-stack
                0x00000000        0x0 CMakeFiles/sonic-song.dir/home/tan/.pico-sdk/sdk/2.1.0/src/rp2_common/pico_stdio/stdio.c.o
 .note.GNU-stack
                0x00000000        0x0 CMakeFiles/sonic-song.dir/home/tan/.pico-sdk/sdk/2.1.0/src/rp2_common/pico_unique_id/unique_id.c.o
 .note.GNU-stack
                0x00000000        0x0 /home/tan/.pico-sdk/toolchain/RISCV_RPI_2_0_0_5/bin/../lib/gcc/riscv32-unknown-elf/14.2.1/rv32imac_zicsr_zifencei_zba_zbb_zbkb_zbs/ilp32/libgcc.a(divsf3.o)
 .note.GNU-stack
                0x00000000        0x0 /home/tan/.pico-sdk/toolchain/RISCV_RPI_2_0_0_5/bin/../lib/gcc/riscv32-unknown-elf/14.2.1/rv32imac_zicsr_zifencei_zba_zbb_zbkb_zbs/ilp32/libgcc.a(fixunssfsi.o)
 .note.GNU-stack
                0x00000000        0x0 /home/tan/.pico-sdk/toolchain/RISCV_RPI_2_0_0_5/bin/../lib/gcc/riscv32-unknown-elf/14.2.1/rv32imac_zicsr_zifencei_zba_zbb_zbkb_zbs/ilp32/libgcc.a(floatsisf.o)
 .note.GNU-stack
                0x00000000        0x0 /home/tan/.pico-sdk/toolchain/RISCV_RPI_2_0_0_5/bin/../lib/gcc/riscv32-unknown-elf/14.2.1/../../../../riscv32-unknown-elf/lib/rv32imac_zicsr_zifencei_zba_zbb_zbkb_zbs/ilp32/libc.a(libc_a-strlen.o)

.riscv.attributes
                0x00000000       0x7d
 .riscv.attributes
                0x00000000       0x79 /home/tan/.pico-sdk/toolchain/RISCV_RPI_2_0_0_5/bin/../lib/gcc/riscv32-unknown-elf/14.2.1/rv32imac_zicsr_zifencei_zba_zbb_zbkb_zbs/ilp32/crtbegin.o
 .riscv.attributes
                0x00000079       0x79 CMakeFiles/sonic-song.dir/sonic-song.c.o
 .riscv.attributes
                0x000000f2       0x79 CMakeFiles/sonic-song.dir/home/tan/.pico-sdk/sdk/2.1.0/src/rp2_common/hardware_gpio/gpio.c.o
 .riscv.attributes
                0x0000016b       0x79 CMakeFiles/sonic-song.dir/home/tan/.pico-sdk/sdk/2.1.0/src/rp2_common/pico_platform_panic/panic.c.o
 .riscv.attributes
                0x000001e4       0x7d CMakeFiles/sonic-song.dir/home/tan/.pico-sdk/sdk/2.1.0/src/common/hardware_claim/claim.c.o
 .riscv.attributes
                0x00000261       0x79 CMakeFiles/sonic-song.dir/home/tan/.pico-sdk/sdk/2.1.0/src/rp2_common/hardware_sync/sync.c.o
 .riscv.attributes
                0x000002da       0x79 CMakeFiles/sonic-song.dir/home/tan/.pico-sdk/sdk/2.1.0/src/rp2_common/hardware_sync_spin_lock/sync_spin_lock.c.o
 .riscv.attributes
                0x00000353       0x7d CMakeFiles/sonic-song.dir/home/tan/.pico-sdk/sdk/2.1.0/src/rp2_common/hardware_irq/irq.c.o
 .riscv.attributes
                0x000003d0       0x79 CMakeFiles/sonic-song.dir/home/tan/.pico-sdk/sdk/2.1.0/src/common/pico_sync/lock_core.c.o
 .riscv.attributes
                0x00000449       0x7d CMakeFiles/sonic-song.dir/home/tan/.pico-sdk/sdk/2.1.0/src/common/pico_sync/mutex.c.o
 .riscv.attributes
                0x000004c6       0x7d CMakeFiles/sonic-song.dir/home/tan/.pico-sdk/sdk/2.1.0/src/common/pico_time/time.c.o
 .riscv.attributes
                0x00000543       0x7d CMakeFiles/sonic-song.dir/home/tan/.pico-sdk/sdk/2.1.0/src/rp2_common/hardware_timer/timer.c.o
 .riscv.attributes
                0x000005c0       0x79 CMakeFiles/sonic-song.dir/home/tan/.pico-sdk/sdk/2.1.0/src/rp2_common/hardware_clocks/clocks.c.o
 .riscv.attributes
                0x00000639       0x79 CMakeFiles/sonic-song.dir/home/tan/.pico-sdk/sdk/2.1.0/src/rp2_common/hardware_pll/pll.c.o
 .riscv.attributes
                0x000006b2       0x79 CMakeFiles/sonic-song.dir/home/tan/.pico-sdk/sdk/2.1.0/src/rp2_common/hardware_ticks/ticks.c.o
 .riscv.attributes
                0x0000072b       0x79 CMakeFiles/sonic-song.dir/home/tan/.pico-sdk/sdk/2.1.0/src/rp2_common/pico_bootrom/bootrom.c.o
 .riscv.attributes
                0x000007a4       0x79 CMakeFiles/sonic-song.dir/home/tan/.pico-sdk/sdk/2.1.0/src/rp2_common/pico_bootrom/bootrom_lock.c.o
 .riscv.attributes
                0x0000081d       0x79 CMakeFiles/sonic-song.dir/home/tan/.pico-sdk/sdk/2.1.0/src/rp2_common/hardware_boot_lock/boot_lock.c.o
 .riscv.attributes
                0x00000896       0x79 CMakeFiles/sonic-song.dir/home/tan/.pico-sdk/sdk/2.1.0/src/rp2_common/hardware_xosc/xosc.c.o
 .riscv.attributes
                0x0000090f       0x79 CMakeFiles/sonic-song.dir/home/tan/.pico-sdk/sdk/2.1.0/src/rp2_common/pico_runtime/runtime.c.o
 .riscv.attributes
                0x00000988       0x79 CMakeFiles/sonic-song.dir/home/tan/.pico-sdk/sdk/2.1.0/src/rp2_common/pico_runtime_init/runtime_init.c.o
 .riscv.attributes
                0x00000a01       0x79 CMakeFiles/sonic-song.dir/home/tan/.pico-sdk/sdk/2.1.0/src/rp2_common/pico_runtime_init/runtime_init_clocks.c.o
 .riscv.attributes
                0x00000a7a       0x79 CMakeFiles/sonic-song.dir/home/tan/.pico-sdk/sdk/2.1.0/src/rp2_common/pico_standard_binary_info/standard_binary_info.c.o
 .riscv.attributes
                0x00000af3       0x79 CMakeFiles/sonic-song.dir/home/tan/.pico-sdk/sdk/2.1.0/src/rp2_common/pico_printf/printf.c.o
 .riscv.attributes
                0x00000b6c       0x7b CMakeFiles/sonic-song.dir/home/tan/.pico-sdk/sdk/2.1.0/src/rp2_common/pico_crt0/crt0_riscv.S.o
 .riscv.attributes
                0x00000be7       0x79 CMakeFiles/sonic-song.dir/home/tan/.pico-sdk/sdk/2.1.0/src/rp2_common/pico_clib_interface/newlib_interface.c.o
 .riscv.attributes
                0x00000c60       0x79 CMakeFiles/sonic-song.dir/home/tan/.pico-sdk/sdk/2.1.0/src/rp2_common/pico_stdio/stdio.c.o
 .riscv.attributes
                0x00000cd9       0x79 CMakeFiles/sonic-song.dir/home/tan/.pico-sdk/sdk/2.1.0/src/rp2_common/pico_unique_id/unique_id.c.o
 .riscv.attributes
                0x00000d52       0x79 /home/tan/.pico-sdk/toolchain/RISCV_RPI_2_0_0_5/bin/../lib/gcc/riscv32-unknown-elf/14.2.1/rv32imac_zicsr_zifencei_zba_zbb_zbkb_zbs/ilp32/libgcc.a(divsf3.o)
 .riscv.attributes
                0x00000dcb       0x79 /home/tan/.pico-sdk/toolchain/RISCV_RPI_2_0_0_5/bin/../lib/gcc/riscv32-unknown-elf/14.2.1/rv32imac_zicsr_zifencei_zba_zbb_zbkb_zbs/ilp32/libgcc.a(fixunssfsi.o)
 .riscv.attributes
                0x00000e44       0x79 /home/tan/.pico-sdk/toolchain/RISCV_RPI_2_0_0_5/bin/../lib/gcc/riscv32-unknown-elf/14.2.1/rv32imac_zicsr_zifencei_zba_zbb_zbkb_zbs/ilp32/libgcc.a(floatsisf.o)
 .riscv.attributes
                0x00000ebd       0x79 /home/tan/.pico-sdk/toolchain/RISCV_RPI_2_0_0_5/bin/../lib/gcc/riscv32-unknown-elf/14.2.1/../../../../riscv32-unknown-elf/lib/rv32imac_zicsr_zifencei_zba_zbb_zbkb_zbs/ilp32/libc.a(libc_a-strlen.o)

.debug_info     0x00000000    0x19406
 .debug_info    0x00000000     0x1014 CMakeFiles/sonic-song.dir/sonic-song.c.o
 .debug_info    0x00001014     0x22ce CMakeFiles/sonic-song.dir/home/tan/.pico-sdk/sdk/2.1.0/src/rp2_common/hardware_gpio/gpio.c.o
 .debug_info    0x000032e2      0x1ac CMakeFiles/sonic-song.dir/home/tan/.pico-sdk/sdk/2.1.0/src/rp2_common/pico_platform_panic/panic.c.o
 .debug_info    0x0000348e      0x99c CMakeFiles/sonic-song.dir/home/tan/.pico-sdk/sdk/2.1.0/src/common/hardware_claim/claim.c.o
 .debug_info    0x00003e2a      0x440 CMakeFiles/sonic-song.dir/home/tan/.pico-sdk/sdk/2.1.0/src/rp2_common/hardware_sync/sync.c.o
 .debug_info    0x0000426a      0x245 CMakeFiles/sonic-song.dir/home/tan/.pico-sdk/sdk/2.1.0/src/rp2_common/hardware_sync_spin_lock/sync_spin_lock.c.o
 .debug_info    0x000044af     0x245d CMakeFiles/sonic-song.dir/home/tan/.pico-sdk/sdk/2.1.0/src/rp2_common/hardware_irq/irq.c.o
 .debug_info    0x0000690c      0x176 CMakeFiles/sonic-song.dir/home/tan/.pico-sdk/sdk/2.1.0/src/common/pico_sync/lock_core.c.o
 .debug_info    0x00006a82     0x1c9a CMakeFiles/sonic-song.dir/home/tan/.pico-sdk/sdk/2.1.0/src/common/pico_sync/mutex.c.o
 .debug_info    0x0000871c     0x4ad5 CMakeFiles/sonic-song.dir/home/tan/.pico-sdk/sdk/2.1.0/src/common/pico_time/time.c.o
 .debug_info    0x0000d1f1     0x2997 CMakeFiles/sonic-song.dir/home/tan/.pico-sdk/sdk/2.1.0/src/rp2_common/hardware_timer/timer.c.o
 .debug_info    0x0000fb88     0x21f0 CMakeFiles/sonic-song.dir/home/tan/.pico-sdk/sdk/2.1.0/src/rp2_common/hardware_clocks/clocks.c.o
 .debug_info    0x00011d78      0x4c7 CMakeFiles/sonic-song.dir/home/tan/.pico-sdk/sdk/2.1.0/src/rp2_common/hardware_pll/pll.c.o
 .debug_info    0x0001223f      0x257 CMakeFiles/sonic-song.dir/home/tan/.pico-sdk/sdk/2.1.0/src/rp2_common/hardware_ticks/ticks.c.o
 .debug_info    0x00012496      0x82a CMakeFiles/sonic-song.dir/home/tan/.pico-sdk/sdk/2.1.0/src/rp2_common/pico_bootrom/bootrom.c.o
 .debug_info    0x00012cc0      0x1a8 CMakeFiles/sonic-song.dir/home/tan/.pico-sdk/sdk/2.1.0/src/rp2_common/pico_bootrom/bootrom_lock.c.o
 .debug_info    0x00012e68      0x2c2 CMakeFiles/sonic-song.dir/home/tan/.pico-sdk/sdk/2.1.0/src/rp2_common/hardware_boot_lock/boot_lock.c.o
 .debug_info    0x0001312a      0x1a4 CMakeFiles/sonic-song.dir/home/tan/.pico-sdk/sdk/2.1.0/src/rp2_common/hardware_xosc/xosc.c.o
 .debug_info    0x000132ce      0x200 CMakeFiles/sonic-song.dir/home/tan/.pico-sdk/sdk/2.1.0/src/rp2_common/pico_runtime/runtime.c.o
 .debug_info    0x000134ce      0x791 CMakeFiles/sonic-song.dir/home/tan/.pico-sdk/sdk/2.1.0/src/rp2_common/pico_runtime_init/runtime_init.c.o
 .debug_info    0x00013c5f      0x7a3 CMakeFiles/sonic-song.dir/home/tan/.pico-sdk/sdk/2.1.0/src/rp2_common/pico_runtime_init/runtime_init_clocks.c.o
 .debug_info    0x00014402      0x2e2 CMakeFiles/sonic-song.dir/home/tan/.pico-sdk/sdk/2.1.0/src/rp2_common/pico_standard_binary_info/standard_binary_info.c.o
 .debug_info    0x000146e4     0x1ebf CMakeFiles/sonic-song.dir/home/tan/.pico-sdk/sdk/2.1.0/src/rp2_common/pico_printf/printf.c.o
 .debug_info    0x000165a3       0x23 CMakeFiles/sonic-song.dir/home/tan/.pico-sdk/sdk/2.1.0/src/rp2_common/pico_crt0/crt0_riscv.S.o
 .debug_info    0x000165c6      0xb3d CMakeFiles/sonic-song.dir/home/tan/.pico-sdk/sdk/2.1.0/src/rp2_common/pico_clib_interface/newlib_interface.c.o
 .debug_info    0x00017103     0x1983 CMakeFiles/sonic-song.dir/home/tan/.pico-sdk/sdk/2.1.0/src/rp2_common/pico_stdio/stdio.c.o
 .debug_info    0x00018a86      0x297 CMakeFiles/sonic-song.dir/home/tan/.pico-sdk/sdk/2.1.0/src/rp2_common/pico_unique_id/unique_id.c.o
 .debug_info    0x00018d1d      0x349 /home/tan/.pico-sdk/toolchain/RISCV_RPI_2_0_0_5/bin/../lib/gcc/riscv32-unknown-elf/14.2.1/rv32imac_zicsr_zifencei_zba_zbb_zbkb_zbs/ilp32/libgcc.a(divsf3.o)
 .debug_info    0x00019066      0x19b /home/tan/.pico-sdk/toolchain/RISCV_RPI_2_0_0_5/bin/../lib/gcc/riscv32-unknown-elf/14.2.1/rv32imac_zicsr_zifencei_zba_zbb_zbkb_zbs/ilp32/libgcc.a(fixunssfsi.o)
 .debug_info    0x00019201      0x205 /home/tan/.pico-sdk/toolchain/RISCV_RPI_2_0_0_5/bin/../lib/gcc/riscv32-unknown-elf/14.2.1/rv32imac_zicsr_zifencei_zba_zbb_zbkb_zbs/ilp32/libgcc.a(floatsisf.o)

.debug_abbrev   0x00000000     0x4f12
 .debug_abbrev  0x00000000      0x351 CMakeFiles/sonic-song.dir/sonic-song.c.o
 .debug_abbrev  0x00000351      0x517 CMakeFiles/sonic-song.dir/home/tan/.pico-sdk/sdk/2.1.0/src/rp2_common/hardware_gpio/gpio.c.o
 .debug_abbrev  0x00000868      0x111 CMakeFiles/sonic-song.dir/home/tan/.pico-sdk/sdk/2.1.0/src/rp2_common/pico_platform_panic/panic.c.o
 .debug_abbrev  0x00000979      0x331 CMakeFiles/sonic-song.dir/home/tan/.pico-sdk/sdk/2.1.0/src/common/hardware_claim/claim.c.o
 .debug_abbrev  0x00000caa      0x251 CMakeFiles/sonic-song.dir/home/tan/.pico-sdk/sdk/2.1.0/src/rp2_common/hardware_sync/sync.c.o
 .debug_abbrev  0x00000efb      0x1c6 CMakeFiles/sonic-song.dir/home/tan/.pico-sdk/sdk/2.1.0/src/rp2_common/hardware_sync_spin_lock/sync_spin_lock.c.o
 .debug_abbrev  0x000010c1      0x550 CMakeFiles/sonic-song.dir/home/tan/.pico-sdk/sdk/2.1.0/src/rp2_common/hardware_irq/irq.c.o
 .debug_abbrev  0x00001611      0x112 CMakeFiles/sonic-song.dir/home/tan/.pico-sdk/sdk/2.1.0/src/common/pico_sync/lock_core.c.o
 .debug_abbrev  0x00001723      0x474 CMakeFiles/sonic-song.dir/home/tan/.pico-sdk/sdk/2.1.0/src/common/pico_sync/mutex.c.o
 .debug_abbrev  0x00001b97      0x612 CMakeFiles/sonic-song.dir/home/tan/.pico-sdk/sdk/2.1.0/src/common/pico_time/time.c.o
 .debug_abbrev  0x000021a9      0x4c4 CMakeFiles/sonic-song.dir/home/tan/.pico-sdk/sdk/2.1.0/src/rp2_common/hardware_timer/timer.c.o
 .debug_abbrev  0x0000266d      0x496 CMakeFiles/sonic-song.dir/home/tan/.pico-sdk/sdk/2.1.0/src/rp2_common/hardware_clocks/clocks.c.o
 .debug_abbrev  0x00002b03      0x1b8 CMakeFiles/sonic-song.dir/home/tan/.pico-sdk/sdk/2.1.0/src/rp2_common/hardware_pll/pll.c.o
 .debug_abbrev  0x00002cbb      0x13d CMakeFiles/sonic-song.dir/home/tan/.pico-sdk/sdk/2.1.0/src/rp2_common/hardware_ticks/ticks.c.o
 .debug_abbrev  0x00002df8      0x367 CMakeFiles/sonic-song.dir/home/tan/.pico-sdk/sdk/2.1.0/src/rp2_common/pico_bootrom/bootrom.c.o
 .debug_abbrev  0x0000315f       0xee CMakeFiles/sonic-song.dir/home/tan/.pico-sdk/sdk/2.1.0/src/rp2_common/pico_bootrom/bootrom_lock.c.o
 .debug_abbrev  0x0000324d      0x1a8 CMakeFiles/sonic-song.dir/home/tan/.pico-sdk/sdk/2.1.0/src/rp2_common/hardware_boot_lock/boot_lock.c.o
 .debug_abbrev  0x000033f5      0x100 CMakeFiles/sonic-song.dir/home/tan/.pico-sdk/sdk/2.1.0/src/rp2_common/hardware_xosc/xosc.c.o
 .debug_abbrev  0x000034f5      0x171 CMakeFiles/sonic-song.dir/home/tan/.pico-sdk/sdk/2.1.0/src/rp2_common/pico_runtime/runtime.c.o
 .debug_abbrev  0x00003666      0x251 CMakeFiles/sonic-song.dir/home/tan/.pico-sdk/sdk/2.1.0/src/rp2_common/pico_runtime_init/runtime_init.c.o
 .debug_abbrev  0x000038b7      0x297 CMakeFiles/sonic-song.dir/home/tan/.pico-sdk/sdk/2.1.0/src/rp2_common/pico_runtime_init/runtime_init_clocks.c.o
 .debug_abbrev  0x00003b4e       0xb8 CMakeFiles/sonic-song.dir/home/tan/.pico-sdk/sdk/2.1.0/src/rp2_common/pico_standard_binary_info/standard_binary_info.c.o
 .debug_abbrev  0x00003c06      0x48b CMakeFiles/sonic-song.dir/home/tan/.pico-sdk/sdk/2.1.0/src/rp2_common/pico_printf/printf.c.o
 .debug_abbrev  0x00004091       0x12 CMakeFiles/sonic-song.dir/home/tan/.pico-sdk/sdk/2.1.0/src/rp2_common/pico_crt0/crt0_riscv.S.o
 .debug_abbrev  0x000040a3      0x335 CMakeFiles/sonic-song.dir/home/tan/.pico-sdk/sdk/2.1.0/src/rp2_common/pico_clib_interface/newlib_interface.c.o
 .debug_abbrev  0x000043d8      0x59a CMakeFiles/sonic-song.dir/home/tan/.pico-sdk/sdk/2.1.0/src/rp2_common/pico_stdio/stdio.c.o
 .debug_abbrev  0x00004972      0x1b4 CMakeFiles/sonic-song.dir/home/tan/.pico-sdk/sdk/2.1.0/src/rp2_common/pico_unique_id/unique_id.c.o
 .debug_abbrev  0x00004b26      0x13f /home/tan/.pico-sdk/toolchain/RISCV_RPI_2_0_0_5/bin/../lib/gcc/riscv32-unknown-elf/14.2.1/rv32imac_zicsr_zifencei_zba_zbb_zbkb_zbs/ilp32/libgcc.a(divsf3.o)
 .debug_abbrev  0x00004c65      0x14d /home/tan/.pico-sdk/toolchain/RISCV_RPI_2_0_0_5/bin/../lib/gcc/riscv32-unknown-elf/14.2.1/rv32imac_zicsr_zifencei_zba_zbb_zbkb_zbs/ilp32/libgcc.a(fixunssfsi.o)
 .debug_abbrev  0x00004db2      0x160 /home/tan/.pico-sdk/toolchain/RISCV_RPI_2_0_0_5/bin/../lib/gcc/riscv32-unknown-elf/14.2.1/rv32imac_zicsr_zifencei_zba_zbb_zbkb_zbs/ilp32/libgcc.a(floatsisf.o)

.debug_loclists
                0x00000000     0xd22f
 .debug_loclists
                0x00000000      0x436 CMakeFiles/sonic-song.dir/sonic-song.c.o
 .debug_loclists
                0x00000436     0x1582 CMakeFiles/sonic-song.dir/home/tan/.pico-sdk/sdk/2.1.0/src/rp2_common/hardware_gpio/gpio.c.o
 .debug_loclists
                0x000019b8       0x1c CMakeFiles/sonic-song.dir/home/tan/.pico-sdk/sdk/2.1.0/src/rp2_common/pico_platform_panic/panic.c.o
 .debug_loclists
                0x000019d4      0x2c7 CMakeFiles/sonic-song.dir/home/tan/.pico-sdk/sdk/2.1.0/src/common/hardware_claim/claim.c.o
 .debug_loclists
                0x00001c9b       0xd6 CMakeFiles/sonic-song.dir/home/tan/.pico-sdk/sdk/2.1.0/src/rp2_common/hardware_sync/sync.c.o
 .debug_loclists
                0x00001d71       0x95 CMakeFiles/sonic-song.dir/home/tan/.pico-sdk/sdk/2.1.0/src/rp2_common/hardware_sync_spin_lock/sync_spin_lock.c.o
 .debug_loclists
                0x00001e06     0x136e CMakeFiles/sonic-song.dir/home/tan/.pico-sdk/sdk/2.1.0/src/rp2_common/hardware_irq/irq.c.o
 .debug_loclists
                0x00003174      0x761 CMakeFiles/sonic-song.dir/home/tan/.pico-sdk/sdk/2.1.0/src/common/pico_sync/mutex.c.o
 .debug_loclists
                0x000038d5     0x22a7 CMakeFiles/sonic-song.dir/home/tan/.pico-sdk/sdk/2.1.0/src/common/pico_time/time.c.o
 .debug_loclists
                0x00005b7c     0x10a9 CMakeFiles/sonic-song.dir/home/tan/.pico-sdk/sdk/2.1.0/src/rp2_common/hardware_timer/timer.c.o
 .debug_loclists
                0x00006c25     0x1e0d CMakeFiles/sonic-song.dir/home/tan/.pico-sdk/sdk/2.1.0/src/rp2_common/hardware_clocks/clocks.c.o
 .debug_loclists
                0x00008a32       0xc8 CMakeFiles/sonic-song.dir/home/tan/.pico-sdk/sdk/2.1.0/src/rp2_common/hardware_pll/pll.c.o
 .debug_loclists
                0x00008afa       0x8c CMakeFiles/sonic-song.dir/home/tan/.pico-sdk/sdk/2.1.0/src/rp2_common/hardware_ticks/ticks.c.o
 .debug_loclists
                0x00008b86      0x3bf CMakeFiles/sonic-song.dir/home/tan/.pico-sdk/sdk/2.1.0/src/rp2_common/pico_bootrom/bootrom.c.o
 .debug_loclists
                0x00008f45       0x24 CMakeFiles/sonic-song.dir/home/tan/.pico-sdk/sdk/2.1.0/src/rp2_common/pico_bootrom/bootrom_lock.c.o
 .debug_loclists
                0x00008f69       0x75 CMakeFiles/sonic-song.dir/home/tan/.pico-sdk/sdk/2.1.0/src/rp2_common/hardware_boot_lock/boot_lock.c.o
 .debug_loclists
                0x00008fde       0x39 CMakeFiles/sonic-song.dir/home/tan/.pico-sdk/sdk/2.1.0/src/rp2_common/hardware_xosc/xosc.c.o
 .debug_loclists
                0x00009017       0x66 CMakeFiles/sonic-song.dir/home/tan/.pico-sdk/sdk/2.1.0/src/rp2_common/pico_runtime/runtime.c.o
 .debug_loclists
                0x0000907d       0x9a CMakeFiles/sonic-song.dir/home/tan/.pico-sdk/sdk/2.1.0/src/rp2_common/pico_runtime_init/runtime_init.c.o
 .debug_loclists
                0x00009117       0x61 CMakeFiles/sonic-song.dir/home/tan/.pico-sdk/sdk/2.1.0/src/rp2_common/pico_runtime_init/runtime_init_clocks.c.o
 .debug_loclists
                0x00009178     0x2a7d CMakeFiles/sonic-song.dir/home/tan/.pico-sdk/sdk/2.1.0/src/rp2_common/pico_printf/printf.c.o
 .debug_loclists
                0x0000bbf5      0x386 CMakeFiles/sonic-song.dir/home/tan/.pico-sdk/sdk/2.1.0/src/rp2_common/pico_clib_interface/newlib_interface.c.o
 .debug_loclists
                0x0000bf7b      0xa10 CMakeFiles/sonic-song.dir/home/tan/.pico-sdk/sdk/2.1.0/src/rp2_common/pico_stdio/stdio.c.o
 .debug_loclists
                0x0000c98b      0x314 CMakeFiles/sonic-song.dir/home/tan/.pico-sdk/sdk/2.1.0/src/rp2_common/pico_unique_id/unique_id.c.o
 .debug_loclists
                0x0000cc9f      0x395 /home/tan/.pico-sdk/toolchain/RISCV_RPI_2_0_0_5/bin/../lib/gcc/riscv32-unknown-elf/14.2.1/rv32imac_zicsr_zifencei_zba_zbb_zbkb_zbs/ilp32/libgcc.a(divsf3.o)
 .debug_loclists
                0x0000d034       0x8a /home/tan/.pico-sdk/toolchain/RISCV_RPI_2_0_0_5/bin/../lib/gcc/riscv32-unknown-elf/14.2.1/rv32imac_zicsr_zifencei_zba_zbb_zbkb_zbs/ilp32/libgcc.a(fixunssfsi.o)
 .debug_loclists
                0x0000d0be      0x171 /home/tan/.pico-sdk/toolchain/RISCV_RPI_2_0_0_5/bin/../lib/gcc/riscv32-unknown-elf/14.2.1/rv32imac_zicsr_zifencei_zba_zbb_zbkb_zbs/ilp32/libgcc.a(floatsisf.o)

.debug_aranges  0x00000000      0xa88
 .debug_aranges
                0x00000000       0x28 CMakeFiles/sonic-song.dir/sonic-song.c.o
 .debug_aranges
                0x00000028      0x120 CMakeFiles/sonic-song.dir/home/tan/.pico-sdk/sdk/2.1.0/src/rp2_common/hardware_gpio/gpio.c.o
 .debug_aranges
                0x00000148       0x28 CMakeFiles/sonic-song.dir/home/tan/.pico-sdk/sdk/2.1.0/src/rp2_common/pico_platform_panic/panic.c.o
 .debug_aranges
                0x00000170       0x48 CMakeFiles/sonic-song.dir/home/tan/.pico-sdk/sdk/2.1.0/src/common/hardware_claim/claim.c.o
 .debug_aranges
                0x000001b8       0x48 CMakeFiles/sonic-song.dir/home/tan/.pico-sdk/sdk/2.1.0/src/rp2_common/hardware_sync/sync.c.o
 .debug_aranges
                0x00000200       0x28 CMakeFiles/sonic-song.dir/home/tan/.pico-sdk/sdk/2.1.0/src/rp2_common/hardware_sync_spin_lock/sync_spin_lock.c.o
 .debug_aranges
                0x00000228       0xb8 CMakeFiles/sonic-song.dir/home/tan/.pico-sdk/sdk/2.1.0/src/rp2_common/hardware_irq/irq.c.o
 .debug_aranges
                0x000002e0       0x20 CMakeFiles/sonic-song.dir/home/tan/.pico-sdk/sdk/2.1.0/src/common/pico_sync/lock_core.c.o
 .debug_aranges
                0x00000300       0x98 CMakeFiles/sonic-song.dir/home/tan/.pico-sdk/sdk/2.1.0/src/common/pico_sync/mutex.c.o
 .debug_aranges
                0x00000398       0xe0 CMakeFiles/sonic-song.dir/home/tan/.pico-sdk/sdk/2.1.0/src/common/pico_time/time.c.o
 .debug_aranges
                0x00000478       0xf0 CMakeFiles/sonic-song.dir/home/tan/.pico-sdk/sdk/2.1.0/src/rp2_common/hardware_timer/timer.c.o
 .debug_aranges
                0x00000568       0x90 CMakeFiles/sonic-song.dir/home/tan/.pico-sdk/sdk/2.1.0/src/rp2_common/hardware_clocks/clocks.c.o
 .debug_aranges
                0x000005f8       0x28 CMakeFiles/sonic-song.dir/home/tan/.pico-sdk/sdk/2.1.0/src/rp2_common/hardware_pll/pll.c.o
 .debug_aranges
                0x00000620       0x30 CMakeFiles/sonic-song.dir/home/tan/.pico-sdk/sdk/2.1.0/src/rp2_common/hardware_ticks/ticks.c.o
 .debug_aranges
                0x00000650       0x50 CMakeFiles/sonic-song.dir/home/tan/.pico-sdk/sdk/2.1.0/src/rp2_common/pico_bootrom/bootrom.c.o
 .debug_aranges
                0x000006a0       0x20 CMakeFiles/sonic-song.dir/home/tan/.pico-sdk/sdk/2.1.0/src/rp2_common/pico_bootrom/bootrom_lock.c.o
 .debug_aranges
                0x000006c0       0x30 CMakeFiles/sonic-song.dir/home/tan/.pico-sdk/sdk/2.1.0/src/rp2_common/hardware_boot_lock/boot_lock.c.o
 .debug_aranges
                0x000006f0       0x30 CMakeFiles/sonic-song.dir/home/tan/.pico-sdk/sdk/2.1.0/src/rp2_common/hardware_xosc/xosc.c.o
 .debug_aranges
                0x00000720       0x38 CMakeFiles/sonic-song.dir/home/tan/.pico-sdk/sdk/2.1.0/src/rp2_common/pico_runtime/runtime.c.o
 .debug_aranges
                0x00000758       0x48 CMakeFiles/sonic-song.dir/home/tan/.pico-sdk/sdk/2.1.0/src/rp2_common/pico_runtime_init/runtime_init.c.o
 .debug_aranges
                0x000007a0       0x20 CMakeFiles/sonic-song.dir/home/tan/.pico-sdk/sdk/2.1.0/src/rp2_common/pico_runtime_init/runtime_init_clocks.c.o
 .debug_aranges
                0x000007c0       0x18 CMakeFiles/sonic-song.dir/home/tan/.pico-sdk/sdk/2.1.0/src/rp2_common/pico_standard_binary_info/standard_binary_info.c.o
 .debug_aranges
                0x000007d8       0x90 CMakeFiles/sonic-song.dir/home/tan/.pico-sdk/sdk/2.1.0/src/rp2_common/pico_printf/printf.c.o
 .debug_aranges
                0x00000868       0x28 CMakeFiles/sonic-song.dir/home/tan/.pico-sdk/sdk/2.1.0/src/rp2_common/pico_crt0/crt0_riscv.S.o
 .debug_aranges
                0x00000890       0xa0 CMakeFiles/sonic-song.dir/home/tan/.pico-sdk/sdk/2.1.0/src/rp2_common/pico_clib_interface/newlib_interface.c.o
 .debug_aranges
                0x00000930       0xc8 CMakeFiles/sonic-song.dir/home/tan/.pico-sdk/sdk/2.1.0/src/rp2_common/pico_stdio/stdio.c.o
 .debug_aranges
                0x000009f8       0x30 CMakeFiles/sonic-song.dir/home/tan/.pico-sdk/sdk/2.1.0/src/rp2_common/pico_unique_id/unique_id.c.o
 .debug_aranges
                0x00000a28       0x20 /home/tan/.pico-sdk/toolchain/RISCV_RPI_2_0_0_5/bin/../lib/gcc/riscv32-unknown-elf/14.2.1/rv32imac_zicsr_zifencei_zba_zbb_zbkb_zbs/ilp32/libgcc.a(divsf3.o)
 .debug_aranges
                0x00000a48       0x20 /home/tan/.pico-sdk/toolchain/RISCV_RPI_2_0_0_5/bin/../lib/gcc/riscv32-unknown-elf/14.2.1/rv32imac_zicsr_zifencei_zba_zbb_zbkb_zbs/ilp32/libgcc.a(fixunssfsi.o)
 .debug_aranges
                0x00000a68       0x20 /home/tan/.pico-sdk/toolchain/RISCV_RPI_2_0_0_5/bin/../lib/gcc/riscv32-unknown-elf/14.2.1/rv32imac_zicsr_zifencei_zba_zbb_zbkb_zbs/ilp32/libgcc.a(floatsisf.o)

.debug_rnglists
                0x00000000     0x3051
 .debug_rnglists
                0x00000000      0x145 CMakeFiles/sonic-song.dir/sonic-song.c.o
 .debug_rnglists
                0x00000145      0x63c CMakeFiles/sonic-song.dir/home/tan/.pico-sdk/sdk/2.1.0/src/rp2_common/hardware_gpio/gpio.c.o
 .debug_rnglists
                0x00000781       0x19 CMakeFiles/sonic-song.dir/home/tan/.pico-sdk/sdk/2.1.0/src/rp2_common/pico_platform_panic/panic.c.o
 .debug_rnglists
                0x0000079a       0x8c CMakeFiles/sonic-song.dir/home/tan/.pico-sdk/sdk/2.1.0/src/common/hardware_claim/claim.c.o
 .debug_rnglists
                0x00000826       0x58 CMakeFiles/sonic-song.dir/home/tan/.pico-sdk/sdk/2.1.0/src/rp2_common/hardware_sync/sync.c.o
 .debug_rnglists
                0x0000087e       0x19 CMakeFiles/sonic-song.dir/home/tan/.pico-sdk/sdk/2.1.0/src/rp2_common/hardware_sync_spin_lock/sync_spin_lock.c.o
 .debug_rnglists
                0x00000897      0x596 CMakeFiles/sonic-song.dir/home/tan/.pico-sdk/sdk/2.1.0/src/rp2_common/hardware_irq/irq.c.o
 .debug_rnglists
                0x00000e2d       0x1f CMakeFiles/sonic-song.dir/home/tan/.pico-sdk/sdk/2.1.0/src/common/pico_sync/lock_core.c.o
 .debug_rnglists
                0x00000e4c      0x438 CMakeFiles/sonic-song.dir/home/tan/.pico-sdk/sdk/2.1.0/src/common/pico_sync/mutex.c.o
 .debug_rnglists
                0x00001284      0x951 CMakeFiles/sonic-song.dir/home/tan/.pico-sdk/sdk/2.1.0/src/common/pico_time/time.c.o
 .debug_rnglists
                0x00001bd5      0x436 CMakeFiles/sonic-song.dir/home/tan/.pico-sdk/sdk/2.1.0/src/rp2_common/hardware_timer/timer.c.o
 .debug_rnglists
                0x0000200b      0x5c0 CMakeFiles/sonic-song.dir/home/tan/.pico-sdk/sdk/2.1.0/src/rp2_common/hardware_clocks/clocks.c.o
 .debug_rnglists
                0x000025cb       0x35 CMakeFiles/sonic-song.dir/home/tan/.pico-sdk/sdk/2.1.0/src/rp2_common/hardware_pll/pll.c.o
 .debug_rnglists
                0x00002600       0x2b CMakeFiles/sonic-song.dir/home/tan/.pico-sdk/sdk/2.1.0/src/rp2_common/hardware_ticks/ticks.c.o
 .debug_rnglists
                0x0000262b       0x68 CMakeFiles/sonic-song.dir/home/tan/.pico-sdk/sdk/2.1.0/src/rp2_common/pico_bootrom/bootrom.c.o
 .debug_rnglists
                0x00002693       0x13 CMakeFiles/sonic-song.dir/home/tan/.pico-sdk/sdk/2.1.0/src/rp2_common/pico_bootrom/bootrom_lock.c.o
 .debug_rnglists
                0x000026a6       0x3d CMakeFiles/sonic-song.dir/home/tan/.pico-sdk/sdk/2.1.0/src/rp2_common/hardware_boot_lock/boot_lock.c.o
 .debug_rnglists
                0x000026e3       0x1f CMakeFiles/sonic-song.dir/home/tan/.pico-sdk/sdk/2.1.0/src/rp2_common/hardware_xosc/xosc.c.o
 .debug_rnglists
                0x00002702       0x5b CMakeFiles/sonic-song.dir/home/tan/.pico-sdk/sdk/2.1.0/src/rp2_common/pico_runtime/runtime.c.o
 .debug_rnglists
                0x0000275d       0x64 CMakeFiles/sonic-song.dir/home/tan/.pico-sdk/sdk/2.1.0/src/rp2_common/pico_runtime_init/runtime_init.c.o
 .debug_rnglists
                0x000027c1       0x20 CMakeFiles/sonic-song.dir/home/tan/.pico-sdk/sdk/2.1.0/src/rp2_common/pico_runtime_init/runtime_init_clocks.c.o
 .debug_rnglists
                0x000027e1      0x308 CMakeFiles/sonic-song.dir/home/tan/.pico-sdk/sdk/2.1.0/src/rp2_common/pico_printf/printf.c.o
 .debug_rnglists
                0x00002ae9       0x1a CMakeFiles/sonic-song.dir/home/tan/.pico-sdk/sdk/2.1.0/src/rp2_common/pico_crt0/crt0_riscv.S.o
 .debug_rnglists
                0x00002b03       0xca CMakeFiles/sonic-song.dir/home/tan/.pico-sdk/sdk/2.1.0/src/rp2_common/pico_clib_interface/newlib_interface.c.o
 .debug_rnglists
                0x00002bcd      0x368 CMakeFiles/sonic-song.dir/home/tan/.pico-sdk/sdk/2.1.0/src/rp2_common/pico_stdio/stdio.c.o
 .debug_rnglists
                0x00002f35       0x7e CMakeFiles/sonic-song.dir/home/tan/.pico-sdk/sdk/2.1.0/src/rp2_common/pico_unique_id/unique_id.c.o
 .debug_rnglists
                0x00002fb3       0x54 /home/tan/.pico-sdk/toolchain/RISCV_RPI_2_0_0_5/bin/../lib/gcc/riscv32-unknown-elf/14.2.1/rv32imac_zicsr_zifencei_zba_zbb_zbkb_zbs/ilp32/libgcc.a(divsf3.o)
 .debug_rnglists
                0x00003007       0x13 /home/tan/.pico-sdk/toolchain/RISCV_RPI_2_0_0_5/bin/../lib/gcc/riscv32-unknown-elf/14.2.1/rv32imac_zicsr_zifencei_zba_zbb_zbkb_zbs/ilp32/libgcc.a(fixunssfsi.o)
 .debug_rnglists
                0x0000301a       0x37 /home/tan/.pico-sdk/toolchain/RISCV_RPI_2_0_0_5/bin/../lib/gcc/riscv32-unknown-elf/14.2.1/rv32imac_zicsr_zifencei_zba_zbb_zbkb_zbs/ilp32/libgcc.a(floatsisf.o)

.debug_line     0x00000000    0x1a33e
 .debug_line    0x00000000      0x713 CMakeFiles/sonic-song.dir/sonic-song.c.o
 .debug_line    0x00000713     0x25ad CMakeFiles/sonic-song.dir/home/tan/.pico-sdk/sdk/2.1.0/src/rp2_common/hardware_gpio/gpio.c.o
 .debug_line    0x00002cc0      0x13a CMakeFiles/sonic-song.dir/home/tan/.pico-sdk/sdk/2.1.0/src/rp2_common/pico_platform_panic/panic.c.o
 .debug_line    0x00002dfa      0x7d6 CMakeFiles/sonic-song.dir/home/tan/.pico-sdk/sdk/2.1.0/src/common/hardware_claim/claim.c.o
 .debug_line    0x000035d0      0x31d CMakeFiles/sonic-song.dir/home/tan/.pico-sdk/sdk/2.1.0/src/rp2_common/hardware_sync/sync.c.o
 .debug_line    0x000038ed      0x1b7 CMakeFiles/sonic-song.dir/home/tan/.pico-sdk/sdk/2.1.0/src/rp2_common/hardware_sync_spin_lock/sync_spin_lock.c.o
 .debug_line    0x00003aa4     0x26e0 CMakeFiles/sonic-song.dir/home/tan/.pico-sdk/sdk/2.1.0/src/rp2_common/hardware_irq/irq.c.o
 .debug_line    0x00006184       0xda CMakeFiles/sonic-song.dir/home/tan/.pico-sdk/sdk/2.1.0/src/common/pico_sync/lock_core.c.o
 .debug_line    0x0000625e     0x1bf8 CMakeFiles/sonic-song.dir/home/tan/.pico-sdk/sdk/2.1.0/src/common/pico_sync/mutex.c.o
 .debug_line    0x00007e56     0x4c0b CMakeFiles/sonic-song.dir/home/tan/.pico-sdk/sdk/2.1.0/src/common/pico_time/time.c.o
 .debug_line    0x0000ca61     0x294b CMakeFiles/sonic-song.dir/home/tan/.pico-sdk/sdk/2.1.0/src/rp2_common/hardware_timer/timer.c.o
 .debug_line    0x0000f3ac     0x2900 CMakeFiles/sonic-song.dir/home/tan/.pico-sdk/sdk/2.1.0/src/rp2_common/hardware_clocks/clocks.c.o
 .debug_line    0x00011cac      0x2fe CMakeFiles/sonic-song.dir/home/tan/.pico-sdk/sdk/2.1.0/src/rp2_common/hardware_pll/pll.c.o
 .debug_line    0x00011faa      0x167 CMakeFiles/sonic-song.dir/home/tan/.pico-sdk/sdk/2.1.0/src/rp2_common/hardware_ticks/ticks.c.o
 .debug_line    0x00012111      0x64e CMakeFiles/sonic-song.dir/home/tan/.pico-sdk/sdk/2.1.0/src/rp2_common/pico_bootrom/bootrom.c.o
 .debug_line    0x0001275f       0xf7 CMakeFiles/sonic-song.dir/home/tan/.pico-sdk/sdk/2.1.0/src/rp2_common/pico_bootrom/bootrom_lock.c.o
 .debug_line    0x00012856      0x26f CMakeFiles/sonic-song.dir/home/tan/.pico-sdk/sdk/2.1.0/src/rp2_common/hardware_boot_lock/boot_lock.c.o
 .debug_line    0x00012ac5      0x1bd CMakeFiles/sonic-song.dir/home/tan/.pico-sdk/sdk/2.1.0/src/rp2_common/hardware_xosc/xosc.c.o
 .debug_line    0x00012c82      0x234 CMakeFiles/sonic-song.dir/home/tan/.pico-sdk/sdk/2.1.0/src/rp2_common/pico_runtime/runtime.c.o
 .debug_line    0x00012eb6      0x34e CMakeFiles/sonic-song.dir/home/tan/.pico-sdk/sdk/2.1.0/src/rp2_common/pico_runtime_init/runtime_init.c.o
 .debug_line    0x00013204      0x248 CMakeFiles/sonic-song.dir/home/tan/.pico-sdk/sdk/2.1.0/src/rp2_common/pico_runtime_init/runtime_init_clocks.c.o
 .debug_line    0x0001344c       0x5e CMakeFiles/sonic-song.dir/home/tan/.pico-sdk/sdk/2.1.0/src/rp2_common/pico_standard_binary_info/standard_binary_info.c.o
 .debug_line    0x000134aa     0x33f1 CMakeFiles/sonic-song.dir/home/tan/.pico-sdk/sdk/2.1.0/src/rp2_common/pico_printf/printf.c.o
 .debug_line    0x0001689b      0x158 CMakeFiles/sonic-song.dir/home/tan/.pico-sdk/sdk/2.1.0/src/rp2_common/pico_crt0/crt0_riscv.S.o
 .debug_line    0x000169f3      0x7af CMakeFiles/sonic-song.dir/home/tan/.pico-sdk/sdk/2.1.0/src/rp2_common/pico_clib_interface/newlib_interface.c.o
 .debug_line    0x000171a2     0x1b19 CMakeFiles/sonic-song.dir/home/tan/.pico-sdk/sdk/2.1.0/src/rp2_common/pico_stdio/stdio.c.o
 .debug_line    0x00018cbb      0x8f1 CMakeFiles/sonic-song.dir/home/tan/.pico-sdk/sdk/2.1.0/src/rp2_common/pico_unique_id/unique_id.c.o
 .debug_line    0x000195ac      0x89b /home/tan/.pico-sdk/toolchain/RISCV_RPI_2_0_0_5/bin/../lib/gcc/riscv32-unknown-elf/14.2.1/rv32imac_zicsr_zifencei_zba_zbb_zbkb_zbs/ilp32/libgcc.a(divsf3.o)
 .debug_line    0x00019e47      0x1b7 /home/tan/.pico-sdk/toolchain/RISCV_RPI_2_0_0_5/bin/../lib/gcc/riscv32-unknown-elf/14.2.1/rv32imac_zicsr_zifencei_zba_zbb_zbkb_zbs/ilp32/libgcc.a(fixunssfsi.o)
 .debug_line    0x00019ffe      0x340 /home/tan/.pico-sdk/toolchain/RISCV_RPI_2_0_0_5/bin/../lib/gcc/riscv32-unknown-elf/14.2.1/rv32imac_zicsr_zifencei_zba_zbb_zbkb_zbs/ilp32/libgcc.a(floatsisf.o)

.debug_str      0x00000000     0x46c7
 .debug_str     0x00000000     0x46c7 CMakeFiles/sonic-song.dir/sonic-song.c.o
                                0xbec (size before relaxing)
 .debug_str     0x000046c7      0xf5b CMakeFiles/sonic-song.dir/home/tan/.pico-sdk/sdk/2.1.0/src/rp2_common/hardware_gpio/gpio.c.o
 .debug_str     0x000046c7      0x1a9 CMakeFiles/sonic-song.dir/home/tan/.pico-sdk/sdk/2.1.0/src/rp2_common/pico_platform_panic/panic.c.o
 .debug_str     0x000046c7      0x34a CMakeFiles/sonic-song.dir/home/tan/.pico-sdk/sdk/2.1.0/src/common/hardware_claim/claim.c.o
 .debug_str     0x000046c7      0x2df CMakeFiles/sonic-song.dir/home/tan/.pico-sdk/sdk/2.1.0/src/rp2_common/hardware_sync/sync.c.o
 .debug_str     0x000046c7      0x1dc CMakeFiles/sonic-song.dir/home/tan/.pico-sdk/sdk/2.1.0/src/rp2_common/hardware_sync_spin_lock/sync_spin_lock.c.o
 .debug_str     0x000046c7      0xcdf CMakeFiles/sonic-song.dir/home/tan/.pico-sdk/sdk/2.1.0/src/rp2_common/hardware_irq/irq.c.o
 .debug_str     0x000046c7      0x1bf CMakeFiles/sonic-song.dir/home/tan/.pico-sdk/sdk/2.1.0/src/common/pico_sync/lock_core.c.o
 .debug_str     0x000046c7      0x8ac CMakeFiles/sonic-song.dir/home/tan/.pico-sdk/sdk/2.1.0/src/common/pico_sync/mutex.c.o
 .debug_str     0x000046c7     0x12bd CMakeFiles/sonic-song.dir/home/tan/.pico-sdk/sdk/2.1.0/src/common/pico_time/time.c.o
 .debug_str     0x000046c7      0xb26 CMakeFiles/sonic-song.dir/home/tan/.pico-sdk/sdk/2.1.0/src/rp2_common/hardware_timer/timer.c.o
 .debug_str     0x000046c7      0xafa CMakeFiles/sonic-song.dir/home/tan/.pico-sdk/sdk/2.1.0/src/rp2_common/hardware_clocks/clocks.c.o
 .debug_str     0x000046c7      0x445 CMakeFiles/sonic-song.dir/home/tan/.pico-sdk/sdk/2.1.0/src/rp2_common/hardware_pll/pll.c.o
 .debug_str     0x000046c7      0x26e CMakeFiles/sonic-song.dir/home/tan/.pico-sdk/sdk/2.1.0/src/rp2_common/hardware_ticks/ticks.c.o
 .debug_str     0x000046c7      0x660 CMakeFiles/sonic-song.dir/home/tan/.pico-sdk/sdk/2.1.0/src/rp2_common/pico_bootrom/bootrom.c.o
 .debug_str     0x000046c7      0x251 CMakeFiles/sonic-song.dir/home/tan/.pico-sdk/sdk/2.1.0/src/rp2_common/pico_bootrom/bootrom_lock.c.o
 .debug_str     0x000046c7      0x22c CMakeFiles/sonic-song.dir/home/tan/.pico-sdk/sdk/2.1.0/src/rp2_common/hardware_boot_lock/boot_lock.c.o
 .debug_str     0x000046c7      0x1e9 CMakeFiles/sonic-song.dir/home/tan/.pico-sdk/sdk/2.1.0/src/rp2_common/hardware_xosc/xosc.c.o
 .debug_str     0x000046c7      0x23d CMakeFiles/sonic-song.dir/home/tan/.pico-sdk/sdk/2.1.0/src/rp2_common/pico_runtime/runtime.c.o
 .debug_str     0x000046c7      0x7c3 CMakeFiles/sonic-song.dir/home/tan/.pico-sdk/sdk/2.1.0/src/rp2_common/pico_runtime_init/runtime_init.c.o
 .debug_str     0x000046c7      0x478 CMakeFiles/sonic-song.dir/home/tan/.pico-sdk/sdk/2.1.0/src/rp2_common/pico_runtime_init/runtime_init_clocks.c.o
 .debug_str     0x000046c7      0x3cc CMakeFiles/sonic-song.dir/home/tan/.pico-sdk/sdk/2.1.0/src/rp2_common/pico_standard_binary_info/standard_binary_info.c.o
 .debug_str     0x000046c7      0x428 CMakeFiles/sonic-song.dir/home/tan/.pico-sdk/sdk/2.1.0/src/rp2_common/pico_printf/printf.c.o
 .debug_str     0x000046c7       0x8a CMakeFiles/sonic-song.dir/home/tan/.pico-sdk/sdk/2.1.0/src/rp2_common/pico_crt0/crt0_riscv.S.o